[0.569s] Invoking command in '/home/beto/ROS_PROJECTS/scout/src/gaurd_bot': PYTHONPATH=/home/beto/ROS_PROJECTS/scout/build/gaurd_bot/prefix_override:/usr/lib/python3/dist-packages/colcon_core/task/python/colcon_distutils_commands:/home/beto/ROS_PROJECTS/scout/install/gaurd_bot/lib/python3.10/site-packages:${PYTHONPATH} /usr/bin/python3 -W ignore:setup.py install is deprecated -W ignore:easy_install command is deprecated setup.py egg_info --egg-base ../../build/gaurd_bot build --build-base /home/beto/ROS_PROJECTS/scout/build/gaurd_bot/build install --record /home/beto/ROS_PROJECTS/scout/build/gaurd_bot/install.log --single-version-externally-managed install_data
[0.717s] running egg_info
[0.717s] writing ../../build/gaurd_bot/gaurd_bot.egg-info/PKG-INFO
[0.718s] writing dependency_links to ../../build/gaurd_bot/gaurd_bot.egg-info/dependency_links.txt
[0.718s] writing entry points to ../../build/gaurd_bot/gaurd_bot.egg-info/entry_points.txt
[0.718s] writing requirements to ../../build/gaurd_bot/gaurd_bot.egg-info/requires.txt
[0.718s] writing top-level names to ../../build/gaurd_bot/gaurd_bot.egg-info/top_level.txt
[0.719s] reading manifest file '../../build/gaurd_bot/gaurd_bot.egg-info/SOURCES.txt'
[0.719s] writing manifest file '../../build/gaurd_bot/gaurd_bot.egg-info/SOURCES.txt'
[0.719s] running build
[0.719s] running build_py
[0.720s] running install
[0.720s] running install_lib
[0.721s] running install_data
[0.721s] running install_egg_info
[0.722s] removing '/home/beto/ROS_PROJECTS/scout/install/gaurd_bot/lib/python3.10/site-packages/gaurd_bot-0.0.0-py3.10.egg-info' (and everything under it)
[0.722s] Copying ../../build/gaurd_bot/gaurd_bot.egg-info to /home/beto/ROS_PROJECTS/scout/install/gaurd_bot/lib/python3.10/site-packages/gaurd_bot-0.0.0-py3.10.egg-info
[0.722s] running install_scripts
[0.735s] writing list of installed files to '/home/beto/ROS_PROJECTS/scout/build/gaurd_bot/install.log'
[0.751s] Invoked command in '/home/beto/ROS_PROJECTS/scout/src/gaurd_bot' returned '0': PYTHONPATH=/home/beto/ROS_PROJECTS/scout/build/gaurd_bot/prefix_override:/usr/lib/python3/dist-packages/colcon_core/task/python/colcon_distutils_commands:/home/beto/ROS_PROJECTS/scout/install/gaurd_bot/lib/python3.10/site-packages:${PYTHONPATH} /usr/bin/python3 -W ignore:setup.py install is deprecated -W ignore:easy_install command is deprecated setup.py egg_info --egg-base ../../build/gaurd_bot build --build-base /home/beto/ROS_PROJECTS/scout/build/gaurd_bot/build install --record /home/beto/ROS_PROJECTS/scout/build/gaurd_bot/install.log --single-version-externally-managed install_data
