[0.062s] DEBUG:colcon:Command line arguments: ['/usr/bin/colcon', 'build']
[0.062s] DEBUG:colcon:Parsed command line arguments: Namespace(log_base=None, log_level=None, verb_name='build', build_base='build', install_base='install', merge_install=False, symlink_install=False, test_result_base=None, continue_on_error=False, executor='parallel', parallel_workers=20, event_handlers=None, ignore_user_meta=False, metas=['./colcon.meta'], base_paths=['.'], packages_ignore=None, packages_ignore_regex=None, paths=None, packages_up_to=None, packages_up_to_regex=None, packages_above=None, packages_above_and_dependencies=None, packages_above_depth=None, packages_select_by_dep=None, packages_skip_by_dep=None, packages_skip_up_to=None, packages_select_build_failed=False, packages_skip_build_finished=False, packages_select_test_failures=False, packages_skip_test_passed=False, packages_select=None, packages_skip=None, packages_select_regex=None, packages_skip_regex=None, packages_start=None, packages_end=None, allow_overriding=[], cmake_args=None, cmake_target=None, cmake_target_skip_unavailable=False, cmake_clean_cache=False, cmake_clean_first=False, cmake_force_configure=False, ament_cmake_args=None, catkin_cmake_args=None, catkin_skip_building_tests=False, mixin_files=None, mixin=None, verb_parser=<colcon_mixin.mixin.mixin_argument.MixinArgumentDecorator object at 0x78c590c7bee0>, verb_extension=<colcon_core.verb.build.BuildVerb object at 0x78c590c7ba30>, main=<bound method BuildVerb.main of <colcon_core.verb.build.BuildVerb object at 0x78c590c7ba30>>, mixin_verb=('build',))
[0.156s] Level 1:colcon.colcon_core.package_discovery:discover_packages(colcon_meta) check parameters
[0.156s] Level 1:colcon.colcon_core.package_discovery:discover_packages(recursive) check parameters
[0.156s] Level 1:colcon.colcon_core.package_discovery:discover_packages(ignore) check parameters
[0.156s] Level 1:colcon.colcon_core.package_discovery:discover_packages(path) check parameters
[0.156s] Level 1:colcon.colcon_core.package_discovery:discover_packages(colcon_meta) discover
[0.156s] Level 1:colcon.colcon_core.package_discovery:discover_packages(recursive) discover
[0.156s] INFO:colcon.colcon_core.package_discovery:Crawling recursively for packages in '/home/beto/ROS_PROJECTS/scout'
[0.156s] Level 1:colcon.colcon_core.package_identification:_identify(.) by extensions ['ignore', 'ignore_ament_install']
[0.156s] Level 1:colcon.colcon_core.package_identification:_identify(.) by extension 'ignore'
[0.156s] Level 1:colcon.colcon_core.package_identification:_identify(.) by extension 'ignore_ament_install'
[0.156s] Level 1:colcon.colcon_core.package_identification:_identify(.) by extensions ['colcon_pkg']
[0.156s] Level 1:colcon.colcon_core.package_identification:_identify(.) by extension 'colcon_pkg'
[0.156s] Level 1:colcon.colcon_core.package_identification:_identify(.) by extensions ['colcon_meta']
[0.156s] Level 1:colcon.colcon_core.package_identification:_identify(.) by extension 'colcon_meta'
[0.156s] Level 1:colcon.colcon_core.package_identification:_identify(.) by extensions ['ros']
[0.156s] Level 1:colcon.colcon_core.package_identification:_identify(.) by extension 'ros'
[0.163s] Level 1:colcon.colcon_core.package_identification:_identify(.) by extensions ['cmake', 'python']
[0.163s] Level 1:colcon.colcon_core.package_identification:_identify(.) by extension 'cmake'
[0.163s] Level 1:colcon.colcon_core.package_identification:_identify(.) by extension 'python'
[0.163s] Level 1:colcon.colcon_core.package_identification:_identify(.) by extensions ['python_setup_py']
[0.163s] Level 1:colcon.colcon_core.package_identification:_identify(.) by extension 'python_setup_py'
[0.164s] Level 1:colcon.colcon_core.package_identification:_identify(build) by extensions ['ignore', 'ignore_ament_install']
[0.164s] Level 1:colcon.colcon_core.package_identification:_identify(build) by extension 'ignore'
[0.164s] Level 1:colcon.colcon_core.package_identification:_identify(build) ignored
[0.164s] Level 1:colcon.colcon_core.package_identification:_identify(install) by extensions ['ignore', 'ignore_ament_install']
[0.164s] Level 1:colcon.colcon_core.package_identification:_identify(install) by extension 'ignore'
[0.164s] Level 1:colcon.colcon_core.package_identification:_identify(install) ignored
[0.164s] Level 1:colcon.colcon_core.package_identification:_identify(log) by extensions ['ignore', 'ignore_ament_install']
[0.164s] Level 1:colcon.colcon_core.package_identification:_identify(log) by extension 'ignore'
[0.164s] Level 1:colcon.colcon_core.package_identification:_identify(log) ignored
[0.164s] Level 1:colcon.colcon_core.package_identification:_identify(src) by extensions ['ignore', 'ignore_ament_install']
[0.164s] Level 1:colcon.colcon_core.package_identification:_identify(src) by extension 'ignore'
[0.164s] Level 1:colcon.colcon_core.package_identification:_identify(src) by extension 'ignore_ament_install'
[0.164s] Level 1:colcon.colcon_core.package_identification:_identify(src) by extensions ['colcon_pkg']
[0.164s] Level 1:colcon.colcon_core.package_identification:_identify(src) by extension 'colcon_pkg'
[0.164s] Level 1:colcon.colcon_core.package_identification:_identify(src) by extensions ['colcon_meta']
[0.164s] Level 1:colcon.colcon_core.package_identification:_identify(src) by extension 'colcon_meta'
[0.164s] Level 1:colcon.colcon_core.package_identification:_identify(src) by extensions ['ros']
[0.164s] Level 1:colcon.colcon_core.package_identification:_identify(src) by extension 'ros'
[0.164s] Level 1:colcon.colcon_core.package_identification:_identify(src) by extensions ['cmake', 'python']
[0.164s] Level 1:colcon.colcon_core.package_identification:_identify(src) by extension 'cmake'
[0.164s] Level 1:colcon.colcon_core.package_identification:_identify(src) by extension 'python'
[0.164s] Level 1:colcon.colcon_core.package_identification:_identify(src) by extensions ['python_setup_py']
[0.164s] Level 1:colcon.colcon_core.package_identification:_identify(src) by extension 'python_setup_py'
[0.164s] Level 1:colcon.colcon_core.package_identification:_identify(src/gaurd_bot) by extensions ['ignore', 'ignore_ament_install']
[0.164s] Level 1:colcon.colcon_core.package_identification:_identify(src/gaurd_bot) by extension 'ignore'
[0.164s] Level 1:colcon.colcon_core.package_identification:_identify(src/gaurd_bot) by extension 'ignore_ament_install'
[0.164s] Level 1:colcon.colcon_core.package_identification:_identify(src/gaurd_bot) by extensions ['colcon_pkg']
[0.164s] Level 1:colcon.colcon_core.package_identification:_identify(src/gaurd_bot) by extension 'colcon_pkg'
[0.164s] Level 1:colcon.colcon_core.package_identification:_identify(src/gaurd_bot) by extensions ['colcon_meta']
[0.164s] Level 1:colcon.colcon_core.package_identification:_identify(src/gaurd_bot) by extension 'colcon_meta'
[0.164s] Level 1:colcon.colcon_core.package_identification:_identify(src/gaurd_bot) by extensions ['ros']
[0.164s] Level 1:colcon.colcon_core.package_identification:_identify(src/gaurd_bot) by extension 'ros'
[0.171s] DEBUG:colcon.colcon_core.package_identification:Package 'src/gaurd_bot' with type 'ros.ament_python' and name 'gaurd_bot'
[0.171s] Level 1:colcon.colcon_core.package_identification:_identify(src/scout_ros2) by extensions ['ignore', 'ignore_ament_install']
[0.171s] Level 1:colcon.colcon_core.package_identification:_identify(src/scout_ros2) by extension 'ignore'
[0.171s] Level 1:colcon.colcon_core.package_identification:_identify(src/scout_ros2) by extension 'ignore_ament_install'
[0.171s] Level 1:colcon.colcon_core.package_identification:_identify(src/scout_ros2) by extensions ['colcon_pkg']
[0.171s] Level 1:colcon.colcon_core.package_identification:_identify(src/scout_ros2) by extension 'colcon_pkg'
[0.171s] Level 1:colcon.colcon_core.package_identification:_identify(src/scout_ros2) by extensions ['colcon_meta']
[0.171s] Level 1:colcon.colcon_core.package_identification:_identify(src/scout_ros2) by extension 'colcon_meta'
[0.171s] Level 1:colcon.colcon_core.package_identification:_identify(src/scout_ros2) by extensions ['ros']
[0.171s] Level 1:colcon.colcon_core.package_identification:_identify(src/scout_ros2) by extension 'ros'
[0.171s] Level 1:colcon.colcon_core.package_identification:_identify(src/scout_ros2) by extensions ['cmake', 'python']
[0.171s] Level 1:colcon.colcon_core.package_identification:_identify(src/scout_ros2) by extension 'cmake'
[0.172s] Level 1:colcon.colcon_core.package_identification:_identify(src/scout_ros2) by extension 'python'
[0.172s] Level 1:colcon.colcon_core.package_identification:_identify(src/scout_ros2) by extensions ['python_setup_py']
[0.172s] Level 1:colcon.colcon_core.package_identification:_identify(src/scout_ros2) by extension 'python_setup_py'
[0.172s] Level 1:colcon.colcon_core.package_identification:_identify(src/scout_ros2/scout_base) by extensions ['ignore', 'ignore_ament_install']
[0.172s] Level 1:colcon.colcon_core.package_identification:_identify(src/scout_ros2/scout_base) by extension 'ignore'
[0.172s] Level 1:colcon.colcon_core.package_identification:_identify(src/scout_ros2/scout_base) by extension 'ignore_ament_install'
[0.172s] Level 1:colcon.colcon_core.package_identification:_identify(src/scout_ros2/scout_base) by extensions ['colcon_pkg']
[0.172s] Level 1:colcon.colcon_core.package_identification:_identify(src/scout_ros2/scout_base) by extension 'colcon_pkg'
[0.172s] Level 1:colcon.colcon_core.package_identification:_identify(src/scout_ros2/scout_base) by extensions ['colcon_meta']
[0.172s] Level 1:colcon.colcon_core.package_identification:_identify(src/scout_ros2/scout_base) by extension 'colcon_meta'
[0.172s] Level 1:colcon.colcon_core.package_identification:_identify(src/scout_ros2/scout_base) by extensions ['ros']
[0.172s] Level 1:colcon.colcon_core.package_identification:_identify(src/scout_ros2/scout_base) by extension 'ros'
[0.172s] DEBUG:colcon.colcon_core.package_identification:Package 'src/scout_ros2/scout_base' with type 'ros.ament_cmake' and name 'scout_base'
[0.172s] Level 1:colcon.colcon_core.package_identification:_identify(src/scout_ros2/scout_description) by extensions ['ignore', 'ignore_ament_install']
[0.172s] Level 1:colcon.colcon_core.package_identification:_identify(src/scout_ros2/scout_description) by extension 'ignore'
[0.173s] Level 1:colcon.colcon_core.package_identification:_identify(src/scout_ros2/scout_description) by extension 'ignore_ament_install'
[0.173s] Level 1:colcon.colcon_core.package_identification:_identify(src/scout_ros2/scout_description) by extensions ['colcon_pkg']
[0.173s] Level 1:colcon.colcon_core.package_identification:_identify(src/scout_ros2/scout_description) by extension 'colcon_pkg'
[0.173s] Level 1:colcon.colcon_core.package_identification:_identify(src/scout_ros2/scout_description) by extensions ['colcon_meta']
[0.173s] Level 1:colcon.colcon_core.package_identification:_identify(src/scout_ros2/scout_description) by extension 'colcon_meta'
[0.173s] Level 1:colcon.colcon_core.package_identification:_identify(src/scout_ros2/scout_description) by extensions ['ros']
[0.173s] Level 1:colcon.colcon_core.package_identification:_identify(src/scout_ros2/scout_description) by extension 'ros'
[0.173s] DEBUG:colcon.colcon_core.package_identification:Package 'src/scout_ros2/scout_description' with type 'ros.ament_cmake' and name 'scout_description'
[0.173s] Level 1:colcon.colcon_core.package_identification:_identify(src/scout_ros2/scout_msgs) by extensions ['ignore', 'ignore_ament_install']
[0.173s] Level 1:colcon.colcon_core.package_identification:_identify(src/scout_ros2/scout_msgs) by extension 'ignore'
[0.173s] Level 1:colcon.colcon_core.package_identification:_identify(src/scout_ros2/scout_msgs) by extension 'ignore_ament_install'
[0.173s] Level 1:colcon.colcon_core.package_identification:_identify(src/scout_ros2/scout_msgs) by extensions ['colcon_pkg']
[0.173s] Level 1:colcon.colcon_core.package_identification:_identify(src/scout_ros2/scout_msgs) by extension 'colcon_pkg'
[0.173s] Level 1:colcon.colcon_core.package_identification:_identify(src/scout_ros2/scout_msgs) by extensions ['colcon_meta']
[0.173s] Level 1:colcon.colcon_core.package_identification:_identify(src/scout_ros2/scout_msgs) by extension 'colcon_meta'
[0.173s] Level 1:colcon.colcon_core.package_identification:_identify(src/scout_ros2/scout_msgs) by extensions ['ros']
[0.173s] Level 1:colcon.colcon_core.package_identification:_identify(src/scout_ros2/scout_msgs) by extension 'ros'
[0.173s] DEBUG:colcon.colcon_core.package_identification:Package 'src/scout_ros2/scout_msgs' with type 'ros.ament_cmake' and name 'scout_msgs'
[0.174s] Level 1:colcon.colcon_core.package_identification:_identify(src/scout_slam) by extensions ['ignore', 'ignore_ament_install']
[0.174s] Level 1:colcon.colcon_core.package_identification:_identify(src/scout_slam) by extension 'ignore'
[0.174s] Level 1:colcon.colcon_core.package_identification:_identify(src/scout_slam) by extension 'ignore_ament_install'
[0.174s] Level 1:colcon.colcon_core.package_identification:_identify(src/scout_slam) by extensions ['colcon_pkg']
[0.174s] Level 1:colcon.colcon_core.package_identification:_identify(src/scout_slam) by extension 'colcon_pkg'
[0.174s] Level 1:colcon.colcon_core.package_identification:_identify(src/scout_slam) by extensions ['colcon_meta']
[0.174s] Level 1:colcon.colcon_core.package_identification:_identify(src/scout_slam) by extension 'colcon_meta'
[0.174s] Level 1:colcon.colcon_core.package_identification:_identify(src/scout_slam) by extensions ['ros']
[0.174s] Level 1:colcon.colcon_core.package_identification:_identify(src/scout_slam) by extension 'ros'
[0.174s] DEBUG:colcon.colcon_core.package_identification:Package 'src/scout_slam' with type 'ros.ament_python' and name 'scout_slam'
[0.174s] Level 1:colcon.colcon_core.package_identification:_identify(src/ugv_sdk) by extensions ['ignore', 'ignore_ament_install']
[0.174s] Level 1:colcon.colcon_core.package_identification:_identify(src/ugv_sdk) by extension 'ignore'
[0.174s] Level 1:colcon.colcon_core.package_identification:_identify(src/ugv_sdk) by extension 'ignore_ament_install'
[0.174s] Level 1:colcon.colcon_core.package_identification:_identify(src/ugv_sdk) by extensions ['colcon_pkg']
[0.174s] Level 1:colcon.colcon_core.package_identification:_identify(src/ugv_sdk) by extension 'colcon_pkg'
[0.174s] Level 1:colcon.colcon_core.package_identification:_identify(src/ugv_sdk) by extensions ['colcon_meta']
[0.174s] Level 1:colcon.colcon_core.package_identification:_identify(src/ugv_sdk) by extension 'colcon_meta'
[0.174s] Level 1:colcon.colcon_core.package_identification:_identify(src/ugv_sdk) by extensions ['ros']
[0.174s] Level 1:colcon.colcon_core.package_identification:_identify(src/ugv_sdk) by extension 'ros'
[0.175s] DEBUG:colcon.colcon_core.package_identification:Package 'src/ugv_sdk' with type 'ros.catkin' and name 'ugv_sdk'
[0.175s] Level 1:colcon.colcon_core.package_discovery:discover_packages(recursive) using defaults
[0.175s] Level 1:colcon.colcon_core.package_discovery:discover_packages(ignore) discover
[0.175s] Level 1:colcon.colcon_core.package_discovery:discover_packages(ignore) using defaults
[0.175s] Level 1:colcon.colcon_core.package_discovery:discover_packages(path) discover
[0.175s] Level 1:colcon.colcon_core.package_discovery:discover_packages(path) using defaults
[0.187s] Level 1:colcon.colcon_core.package_discovery:discover_packages(prefix_path) check parameters
[0.187s] Level 1:colcon.colcon_core.package_discovery:discover_packages(prefix_path) discover
[0.188s] DEBUG:colcon.colcon_installed_package_information.package_discovery:Found 6 installed packages in /home/beto/ROS_PROJECTS/scout/install
[0.189s] DEBUG:colcon.colcon_installed_package_information.package_discovery:Found 318 installed packages in /opt/ros/humble
[0.190s] Level 1:colcon.colcon_core.package_discovery:discover_packages(prefix_path) using defaults
[0.210s] Level 5:colcon.colcon_core.verb:set package 'gaurd_bot' build argument 'cmake_args' from command line to 'None'
[0.210s] Level 5:colcon.colcon_core.verb:set package 'gaurd_bot' build argument 'cmake_target' from command line to 'None'
[0.210s] Level 5:colcon.colcon_core.verb:set package 'gaurd_bot' build argument 'cmake_target_skip_unavailable' from command line to 'False'
[0.210s] Level 5:colcon.colcon_core.verb:set package 'gaurd_bot' build argument 'cmake_clean_cache' from command line to 'False'
[0.211s] Level 5:colcon.colcon_core.verb:set package 'gaurd_bot' build argument 'cmake_clean_first' from command line to 'False'
[0.211s] Level 5:colcon.colcon_core.verb:set package 'gaurd_bot' build argument 'cmake_force_configure' from command line to 'False'
[0.211s] Level 5:colcon.colcon_core.verb:set package 'gaurd_bot' build argument 'ament_cmake_args' from command line to 'None'
[0.211s] Level 5:colcon.colcon_core.verb:set package 'gaurd_bot' build argument 'catkin_cmake_args' from command line to 'None'
[0.211s] Level 5:colcon.colcon_core.verb:set package 'gaurd_bot' build argument 'catkin_skip_building_tests' from command line to 'False'
[0.211s] DEBUG:colcon.colcon_core.verb:Building package 'gaurd_bot' with the following arguments: {'ament_cmake_args': None, 'build_base': '/home/beto/ROS_PROJECTS/scout/build/gaurd_bot', 'catkin_cmake_args': None, 'catkin_skip_building_tests': False, 'cmake_args': None, 'cmake_clean_cache': False, 'cmake_clean_first': False, 'cmake_force_configure': False, 'cmake_target': None, 'cmake_target_skip_unavailable': False, 'install_base': '/home/beto/ROS_PROJECTS/scout/install/gaurd_bot', 'merge_install': False, 'path': '/home/beto/ROS_PROJECTS/scout/src/gaurd_bot', 'symlink_install': False, 'test_result_base': None}
[0.211s] Level 5:colcon.colcon_core.verb:set package 'scout_description' build argument 'cmake_args' from command line to 'None'
[0.211s] Level 5:colcon.colcon_core.verb:set package 'scout_description' build argument 'cmake_target' from command line to 'None'
[0.211s] Level 5:colcon.colcon_core.verb:set package 'scout_description' build argument 'cmake_target_skip_unavailable' from command line to 'False'
[0.211s] Level 5:colcon.colcon_core.verb:set package 'scout_description' build argument 'cmake_clean_cache' from command line to 'False'
[0.211s] Level 5:colcon.colcon_core.verb:set package 'scout_description' build argument 'cmake_clean_first' from command line to 'False'
[0.211s] Level 5:colcon.colcon_core.verb:set package 'scout_description' build argument 'cmake_force_configure' from command line to 'False'
[0.211s] Level 5:colcon.colcon_core.verb:set package 'scout_description' build argument 'ament_cmake_args' from command line to 'None'
[0.211s] Level 5:colcon.colcon_core.verb:set package 'scout_description' build argument 'catkin_cmake_args' from command line to 'None'
[0.211s] Level 5:colcon.colcon_core.verb:set package 'scout_description' build argument 'catkin_skip_building_tests' from command line to 'False'
[0.211s] DEBUG:colcon.colcon_core.verb:Building package 'scout_description' with the following arguments: {'ament_cmake_args': None, 'build_base': '/home/beto/ROS_PROJECTS/scout/build/scout_description', 'catkin_cmake_args': None, 'catkin_skip_building_tests': False, 'cmake_args': None, 'cmake_clean_cache': False, 'cmake_clean_first': False, 'cmake_force_configure': False, 'cmake_target': None, 'cmake_target_skip_unavailable': False, 'install_base': '/home/beto/ROS_PROJECTS/scout/install/scout_description', 'merge_install': False, 'path': '/home/beto/ROS_PROJECTS/scout/src/scout_ros2/scout_description', 'symlink_install': False, 'test_result_base': None}
[0.211s] Level 5:colcon.colcon_core.verb:set package 'scout_msgs' build argument 'cmake_args' from command line to 'None'
[0.211s] Level 5:colcon.colcon_core.verb:set package 'scout_msgs' build argument 'cmake_target' from command line to 'None'
[0.211s] Level 5:colcon.colcon_core.verb:set package 'scout_msgs' build argument 'cmake_target_skip_unavailable' from command line to 'False'
[0.211s] Level 5:colcon.colcon_core.verb:set package 'scout_msgs' build argument 'cmake_clean_cache' from command line to 'False'
[0.211s] Level 5:colcon.colcon_core.verb:set package 'scout_msgs' build argument 'cmake_clean_first' from command line to 'False'
[0.211s] Level 5:colcon.colcon_core.verb:set package 'scout_msgs' build argument 'cmake_force_configure' from command line to 'False'
[0.211s] Level 5:colcon.colcon_core.verb:set package 'scout_msgs' build argument 'ament_cmake_args' from command line to 'None'
[0.211s] Level 5:colcon.colcon_core.verb:set package 'scout_msgs' build argument 'catkin_cmake_args' from command line to 'None'
[0.211s] Level 5:colcon.colcon_core.verb:set package 'scout_msgs' build argument 'catkin_skip_building_tests' from command line to 'False'
[0.211s] DEBUG:colcon.colcon_core.verb:Building package 'scout_msgs' with the following arguments: {'ament_cmake_args': None, 'build_base': '/home/beto/ROS_PROJECTS/scout/build/scout_msgs', 'catkin_cmake_args': None, 'catkin_skip_building_tests': False, 'cmake_args': None, 'cmake_clean_cache': False, 'cmake_clean_first': False, 'cmake_force_configure': False, 'cmake_target': None, 'cmake_target_skip_unavailable': False, 'install_base': '/home/beto/ROS_PROJECTS/scout/install/scout_msgs', 'merge_install': False, 'path': '/home/beto/ROS_PROJECTS/scout/src/scout_ros2/scout_msgs', 'symlink_install': False, 'test_result_base': None}
[0.211s] Level 5:colcon.colcon_core.verb:set package 'scout_slam' build argument 'cmake_args' from command line to 'None'
[0.211s] Level 5:colcon.colcon_core.verb:set package 'scout_slam' build argument 'cmake_target' from command line to 'None'
[0.211s] Level 5:colcon.colcon_core.verb:set package 'scout_slam' build argument 'cmake_target_skip_unavailable' from command line to 'False'
[0.211s] Level 5:colcon.colcon_core.verb:set package 'scout_slam' build argument 'cmake_clean_cache' from command line to 'False'
[0.211s] Level 5:colcon.colcon_core.verb:set package 'scout_slam' build argument 'cmake_clean_first' from command line to 'False'
[0.211s] Level 5:colcon.colcon_core.verb:set package 'scout_slam' build argument 'cmake_force_configure' from command line to 'False'
[0.211s] Level 5:colcon.colcon_core.verb:set package 'scout_slam' build argument 'ament_cmake_args' from command line to 'None'
[0.211s] Level 5:colcon.colcon_core.verb:set package 'scout_slam' build argument 'catkin_cmake_args' from command line to 'None'
[0.211s] Level 5:colcon.colcon_core.verb:set package 'scout_slam' build argument 'catkin_skip_building_tests' from command line to 'False'
[0.211s] DEBUG:colcon.colcon_core.verb:Building package 'scout_slam' with the following arguments: {'ament_cmake_args': None, 'build_base': '/home/beto/ROS_PROJECTS/scout/build/scout_slam', 'catkin_cmake_args': None, 'catkin_skip_building_tests': False, 'cmake_args': None, 'cmake_clean_cache': False, 'cmake_clean_first': False, 'cmake_force_configure': False, 'cmake_target': None, 'cmake_target_skip_unavailable': False, 'install_base': '/home/beto/ROS_PROJECTS/scout/install/scout_slam', 'merge_install': False, 'path': '/home/beto/ROS_PROJECTS/scout/src/scout_slam', 'symlink_install': False, 'test_result_base': None}
[0.212s] Level 5:colcon.colcon_core.verb:set package 'ugv_sdk' build argument 'cmake_args' from command line to 'None'
[0.212s] Level 5:colcon.colcon_core.verb:set package 'ugv_sdk' build argument 'cmake_target' from command line to 'None'
[0.212s] Level 5:colcon.colcon_core.verb:set package 'ugv_sdk' build argument 'cmake_target_skip_unavailable' from command line to 'False'
[0.212s] Level 5:colcon.colcon_core.verb:set package 'ugv_sdk' build argument 'cmake_clean_cache' from command line to 'False'
[0.212s] Level 5:colcon.colcon_core.verb:set package 'ugv_sdk' build argument 'cmake_clean_first' from command line to 'False'
[0.212s] Level 5:colcon.colcon_core.verb:set package 'ugv_sdk' build argument 'cmake_force_configure' from command line to 'False'
[0.212s] Level 5:colcon.colcon_core.verb:set package 'ugv_sdk' build argument 'ament_cmake_args' from command line to 'None'
[0.212s] Level 5:colcon.colcon_core.verb:set package 'ugv_sdk' build argument 'catkin_cmake_args' from command line to 'None'
[0.212s] Level 5:colcon.colcon_core.verb:set package 'ugv_sdk' build argument 'catkin_skip_building_tests' from command line to 'False'
[0.212s] DEBUG:colcon.colcon_core.verb:Building package 'ugv_sdk' with the following arguments: {'ament_cmake_args': None, 'build_base': '/home/beto/ROS_PROJECTS/scout/build/ugv_sdk', 'catkin_cmake_args': None, 'catkin_skip_building_tests': False, 'cmake_args': None, 'cmake_clean_cache': False, 'cmake_clean_first': False, 'cmake_force_configure': False, 'cmake_target': None, 'cmake_target_skip_unavailable': False, 'install_base': '/home/beto/ROS_PROJECTS/scout/install/ugv_sdk', 'merge_install': False, 'path': '/home/beto/ROS_PROJECTS/scout/src/ugv_sdk', 'symlink_install': False, 'test_result_base': None}
[0.212s] Level 5:colcon.colcon_core.verb:set package 'scout_base' build argument 'cmake_args' from command line to 'None'
[0.212s] Level 5:colcon.colcon_core.verb:set package 'scout_base' build argument 'cmake_target' from command line to 'None'
[0.212s] Level 5:colcon.colcon_core.verb:set package 'scout_base' build argument 'cmake_target_skip_unavailable' from command line to 'False'
[0.212s] Level 5:colcon.colcon_core.verb:set package 'scout_base' build argument 'cmake_clean_cache' from command line to 'False'
[0.212s] Level 5:colcon.colcon_core.verb:set package 'scout_base' build argument 'cmake_clean_first' from command line to 'False'
[0.212s] Level 5:colcon.colcon_core.verb:set package 'scout_base' build argument 'cmake_force_configure' from command line to 'False'
[0.212s] Level 5:colcon.colcon_core.verb:set package 'scout_base' build argument 'ament_cmake_args' from command line to 'None'
[0.212s] Level 5:colcon.colcon_core.verb:set package 'scout_base' build argument 'catkin_cmake_args' from command line to 'None'
[0.212s] Level 5:colcon.colcon_core.verb:set package 'scout_base' build argument 'catkin_skip_building_tests' from command line to 'False'
[0.212s] DEBUG:colcon.colcon_core.verb:Building package 'scout_base' with the following arguments: {'ament_cmake_args': None, 'build_base': '/home/beto/ROS_PROJECTS/scout/build/scout_base', 'catkin_cmake_args': None, 'catkin_skip_building_tests': False, 'cmake_args': None, 'cmake_clean_cache': False, 'cmake_clean_first': False, 'cmake_force_configure': False, 'cmake_target': None, 'cmake_target_skip_unavailable': False, 'install_base': '/home/beto/ROS_PROJECTS/scout/install/scout_base', 'merge_install': False, 'path': '/home/beto/ROS_PROJECTS/scout/src/scout_ros2/scout_base', 'symlink_install': False, 'test_result_base': None}
[0.212s] INFO:colcon.colcon_core.executor:Executing jobs using 'parallel' executor
[0.213s] DEBUG:colcon.colcon_parallel_executor.executor.parallel:run_until_complete
[0.213s] INFO:colcon.colcon_ros.task.ament_cmake.build:Building ROS package in '/home/beto/ROS_PROJECTS/scout/src/scout_ros2/scout_msgs' with build type 'ament_cmake'
[0.213s] INFO:colcon.colcon_cmake.task.cmake.build:Building CMake package in '/home/beto/ROS_PROJECTS/scout/src/scout_ros2/scout_msgs'
[0.214s] INFO:colcon.colcon_core.plugin_system:Skipping extension 'colcon_core.shell.bat': Not used on non-Windows systems
[0.214s] INFO:colcon.colcon_core.shell:Skip shell extension 'powershell' for command environment: Not usable outside of PowerShell
[0.214s] DEBUG:colcon.colcon_core.shell:Skip shell extension 'dsv' for command environment
[0.217s] INFO:colcon.colcon_ros.task.catkin.build:Building ROS package in '/home/beto/ROS_PROJECTS/scout/src/ugv_sdk' with build type 'catkin'
[0.217s] INFO:colcon.colcon_cmake.task.cmake.build:Building CMake package in '/home/beto/ROS_PROJECTS/scout/src/ugv_sdk'
[0.218s] INFO:colcon.colcon_core.shell:Skip shell extension 'powershell' for command environment: Not usable outside of PowerShell
[0.218s] DEBUG:colcon.colcon_core.shell:Skip shell extension 'dsv' for command environment
[0.220s] INFO:colcon.colcon_ros.task.ament_python.build:Building ROS package in '/home/beto/ROS_PROJECTS/scout/src/gaurd_bot' with build type 'ament_python'
[0.221s] Level 1:colcon.colcon_core.shell:create_environment_hook('gaurd_bot', 'ament_prefix_path')
[0.221s] INFO:colcon.colcon_core.shell:Creating environment hook '/home/beto/ROS_PROJECTS/scout/install/gaurd_bot/share/gaurd_bot/hook/ament_prefix_path.ps1'
[0.221s] INFO:colcon.colcon_core.shell:Creating environment descriptor '/home/beto/ROS_PROJECTS/scout/install/gaurd_bot/share/gaurd_bot/hook/ament_prefix_path.dsv'
[0.221s] INFO:colcon.colcon_core.shell:Creating environment hook '/home/beto/ROS_PROJECTS/scout/install/gaurd_bot/share/gaurd_bot/hook/ament_prefix_path.sh'
[0.222s] INFO:colcon.colcon_core.shell:Skip shell extension 'powershell' for command environment: Not usable outside of PowerShell
[0.222s] DEBUG:colcon.colcon_core.shell:Skip shell extension 'dsv' for command environment
[0.224s] INFO:colcon.colcon_ros.task.ament_cmake.build:Building ROS package in '/home/beto/ROS_PROJECTS/scout/src/scout_ros2/scout_description' with build type 'ament_cmake'
[0.224s] INFO:colcon.colcon_cmake.task.cmake.build:Building CMake package in '/home/beto/ROS_PROJECTS/scout/src/scout_ros2/scout_description'
[0.224s] INFO:colcon.colcon_core.shell:Skip shell extension 'powershell' for command environment: Not usable outside of PowerShell
[0.224s] DEBUG:colcon.colcon_core.shell:Skip shell extension 'dsv' for command environment
[0.226s] INFO:colcon.colcon_ros.task.ament_python.build:Building ROS package in '/home/beto/ROS_PROJECTS/scout/src/scout_slam' with build type 'ament_python'
[0.227s] Level 1:colcon.colcon_core.shell:create_environment_hook('scout_slam', 'ament_prefix_path')
[0.227s] INFO:colcon.colcon_core.shell:Creating environment hook '/home/beto/ROS_PROJECTS/scout/install/scout_slam/share/scout_slam/hook/ament_prefix_path.ps1'
[0.227s] INFO:colcon.colcon_core.shell:Creating environment descriptor '/home/beto/ROS_PROJECTS/scout/install/scout_slam/share/scout_slam/hook/ament_prefix_path.dsv'
[0.228s] INFO:colcon.colcon_core.shell:Creating environment hook '/home/beto/ROS_PROJECTS/scout/install/scout_slam/share/scout_slam/hook/ament_prefix_path.sh'
[0.228s] INFO:colcon.colcon_core.shell:Skip shell extension 'powershell' for command environment: Not usable outside of PowerShell
[0.228s] DEBUG:colcon.colcon_core.shell:Skip shell extension 'dsv' for command environment
[0.235s] DEBUG:colcon.colcon_core.event_handler.log_command:Invoking command in '/home/beto/ROS_PROJECTS/scout/build/scout_msgs': CMAKE_PREFIX_PATH=/home/beto/ROS_PROJECTS/scout/install/scout_base:/home/beto/ROS_PROJECTS/scout/install/scout_slam:/home/beto/ROS_PROJECTS/scout/install/gaurd_bot:/opt/ros/humble:/home/beto/ROS_PROJECTS/scout/install/ugv_sdk:/home/beto/ROS_PROJECTS/scout/install/scout_msgs:/home/beto/ROS_PROJECTS/scout/install/scout_description /usr/bin/cmake --build /home/beto/ROS_PROJECTS/scout/build/scout_msgs -- -j20 -l20
[0.238s] DEBUG:colcon.colcon_core.event_handler.log_command:Invoking command in '/home/beto/ROS_PROJECTS/scout/build/ugv_sdk': /usr/bin/cmake --build /home/beto/ROS_PROJECTS/scout/build/ugv_sdk -- -j20 -l20
[0.464s] INFO:colcon.colcon_core.task.python.build:Building Python package in '/home/beto/ROS_PROJECTS/scout/src/gaurd_bot'
[0.464s] INFO:colcon.colcon_core.shell:Skip shell extension 'powershell' for command environment: Not usable outside of PowerShell
[0.464s] DEBUG:colcon.colcon_core.shell:Skip shell extension 'dsv' for command environment
[0.470s] DEBUG:colcon.colcon_core.event_handler.log_command:Invoking command in '/home/beto/ROS_PROJECTS/scout/build/scout_description': CMAKE_PREFIX_PATH=/home/beto/ROS_PROJECTS/scout/install/scout_base:/home/beto/ROS_PROJECTS/scout/install/scout_slam:/home/beto/ROS_PROJECTS/scout/install/gaurd_bot:/opt/ros/humble:/home/beto/ROS_PROJECTS/scout/install/ugv_sdk:/home/beto/ROS_PROJECTS/scout/install/scout_msgs:/home/beto/ROS_PROJECTS/scout/install/scout_description /usr/bin/cmake --build /home/beto/ROS_PROJECTS/scout/build/scout_description -- -j20 -l20
[0.687s] INFO:colcon.colcon_core.task.python.build:Building Python package in '/home/beto/ROS_PROJECTS/scout/src/scout_slam'
[0.687s] INFO:colcon.colcon_core.shell:Skip shell extension 'powershell' for command environment: Not usable outside of PowerShell
[0.687s] DEBUG:colcon.colcon_core.shell:Skip shell extension 'dsv' for command environment
[0.692s] DEBUG:colcon.colcon_core.event_handler.log_command:Invoked command in '/home/beto/ROS_PROJECTS/scout/build/ugv_sdk' returned '0': /usr/bin/cmake --build /home/beto/ROS_PROJECTS/scout/build/ugv_sdk -- -j20 -l20
[0.703s] DEBUG:colcon.colcon_core.event_handler.log_command:Invoking command in '/home/beto/ROS_PROJECTS/scout/build/ugv_sdk': /usr/bin/cmake --install /home/beto/ROS_PROJECTS/scout/build/ugv_sdk
[0.705s] DEBUG:colcon.colcon_core.event_handler.log_command:Invoked command in '/home/beto/ROS_PROJECTS/scout/build/scout_msgs' returned '0': CMAKE_PREFIX_PATH=/home/beto/ROS_PROJECTS/scout/install/scout_base:/home/beto/ROS_PROJECTS/scout/install/scout_slam:/home/beto/ROS_PROJECTS/scout/install/gaurd_bot:/opt/ros/humble:/home/beto/ROS_PROJECTS/scout/install/ugv_sdk:/home/beto/ROS_PROJECTS/scout/install/scout_msgs:/home/beto/ROS_PROJECTS/scout/install/scout_description /usr/bin/cmake --build /home/beto/ROS_PROJECTS/scout/build/scout_msgs -- -j20 -l20
[0.706s] DEBUG:colcon.colcon_core.event_handler.log_command:Invoking command in '/home/beto/ROS_PROJECTS/scout/build/scout_msgs': CMAKE_PREFIX_PATH=/home/beto/ROS_PROJECTS/scout/install/scout_base:/home/beto/ROS_PROJECTS/scout/install/scout_slam:/home/beto/ROS_PROJECTS/scout/install/gaurd_bot:/opt/ros/humble:/home/beto/ROS_PROJECTS/scout/install/ugv_sdk:/home/beto/ROS_PROJECTS/scout/install/scout_msgs:/home/beto/ROS_PROJECTS/scout/install/scout_description /usr/bin/cmake --install /home/beto/ROS_PROJECTS/scout/build/scout_msgs
[0.707s] DEBUG:colcon.colcon_core.event_handler.log_command:Invoked command in '/home/beto/ROS_PROJECTS/scout/build/scout_description' returned '0': CMAKE_PREFIX_PATH=/home/beto/ROS_PROJECTS/scout/install/scout_base:/home/beto/ROS_PROJECTS/scout/install/scout_slam:/home/beto/ROS_PROJECTS/scout/install/gaurd_bot:/opt/ros/humble:/home/beto/ROS_PROJECTS/scout/install/ugv_sdk:/home/beto/ROS_PROJECTS/scout/install/scout_msgs:/home/beto/ROS_PROJECTS/scout/install/scout_description /usr/bin/cmake --build /home/beto/ROS_PROJECTS/scout/build/scout_description -- -j20 -l20
[0.708s] DEBUG:colcon.colcon_core.event_handler.log_command:Invoking command in '/home/beto/ROS_PROJECTS/scout/build/scout_description': CMAKE_PREFIX_PATH=/home/beto/ROS_PROJECTS/scout/install/scout_base:/home/beto/ROS_PROJECTS/scout/install/scout_slam:/home/beto/ROS_PROJECTS/scout/install/gaurd_bot:/opt/ros/humble:/home/beto/ROS_PROJECTS/scout/install/ugv_sdk:/home/beto/ROS_PROJECTS/scout/install/scout_msgs:/home/beto/ROS_PROJECTS/scout/install/scout_description /usr/bin/cmake --install /home/beto/ROS_PROJECTS/scout/build/scout_description
[0.712s] Level 1:colcon.colcon_core.shell:create_environment_hook('ugv_sdk', 'ros_package_path')
[0.712s] INFO:colcon.colcon_core.shell:Creating environment hook '/home/beto/ROS_PROJECTS/scout/install/ugv_sdk/share/ugv_sdk/hook/ros_package_path.ps1'
[0.712s] INFO:colcon.colcon_core.shell:Creating environment descriptor '/home/beto/ROS_PROJECTS/scout/install/ugv_sdk/share/ugv_sdk/hook/ros_package_path.dsv'
[0.713s] INFO:colcon.colcon_core.shell:Creating environment hook '/home/beto/ROS_PROJECTS/scout/install/ugv_sdk/share/ugv_sdk/hook/ros_package_path.sh'
[0.716s] DEBUG:colcon.colcon_core.event_handler.log_command:Invoked command in '/home/beto/ROS_PROJECTS/scout/build/ugv_sdk' returned '0': /usr/bin/cmake --install /home/beto/ROS_PROJECTS/scout/build/ugv_sdk
[0.718s] Level 1:colcon.colcon_core.shell:create_environment_hook('ugv_sdk', 'pkg_config_path')
[0.718s] INFO:colcon.colcon_core.shell:Creating environment hook '/home/beto/ROS_PROJECTS/scout/install/ugv_sdk/share/ugv_sdk/hook/pkg_config_path.ps1'
[0.720s] INFO:colcon.colcon_core.shell:Creating environment descriptor '/home/beto/ROS_PROJECTS/scout/install/ugv_sdk/share/ugv_sdk/hook/pkg_config_path.dsv'
[0.721s] INFO:colcon.colcon_core.shell:Creating environment hook '/home/beto/ROS_PROJECTS/scout/install/ugv_sdk/share/ugv_sdk/hook/pkg_config_path.sh'
[0.727s] Level 1:colcon.colcon_core.shell:create_environment_hook('ugv_sdk', 'pkg_config_path_multiarch')
[0.727s] INFO:colcon.colcon_core.shell:Creating environment hook '/home/beto/ROS_PROJECTS/scout/install/ugv_sdk/share/ugv_sdk/hook/pkg_config_path_multiarch.ps1'
[0.730s] INFO:colcon.colcon_core.shell:Creating environment descriptor '/home/beto/ROS_PROJECTS/scout/install/ugv_sdk/share/ugv_sdk/hook/pkg_config_path_multiarch.dsv'
[0.731s] INFO:colcon.colcon_core.shell:Creating environment hook '/home/beto/ROS_PROJECTS/scout/install/ugv_sdk/share/ugv_sdk/hook/pkg_config_path_multiarch.sh'
[0.733s] Level 1:colcon.colcon_core.environment:create_environment_scripts_only(ugv_sdk)
[0.736s] Level 1:colcon.colcon_core.environment:checking '/home/beto/ROS_PROJECTS/scout/install/ugv_sdk' for CMake module files
[0.736s] Level 1:colcon.colcon_core.environment:checking '/home/beto/ROS_PROJECTS/scout/install/ugv_sdk' for CMake config files
[0.737s] Level 1:colcon.colcon_core.shell:create_environment_hook('ugv_sdk', 'cmake_prefix_path')
[0.737s] INFO:colcon.colcon_core.shell:Creating environment hook '/home/beto/ROS_PROJECTS/scout/install/ugv_sdk/share/ugv_sdk/hook/cmake_prefix_path.ps1'
[0.738s] INFO:colcon.colcon_core.shell:Creating environment descriptor '/home/beto/ROS_PROJECTS/scout/install/ugv_sdk/share/ugv_sdk/hook/cmake_prefix_path.dsv'
[0.738s] INFO:colcon.colcon_core.shell:Creating environment hook '/home/beto/ROS_PROJECTS/scout/install/ugv_sdk/share/ugv_sdk/hook/cmake_prefix_path.sh'
[0.738s] Level 1:colcon.colcon_core.environment:checking '/home/beto/ROS_PROJECTS/scout/install/ugv_sdk/lib'
[0.739s] Level 1:colcon.colcon_core.environment:checking '/home/beto/ROS_PROJECTS/scout/install/ugv_sdk/bin'
[0.739s] Level 1:colcon.colcon_core.environment:checking '/home/beto/ROS_PROJECTS/scout/install/ugv_sdk/lib/pkgconfig/ugv_sdk.pc'
[0.739s] Level 1:colcon.colcon_core.environment:checking '/home/beto/ROS_PROJECTS/scout/install/ugv_sdk/lib/python3.10/site-packages'
[0.739s] Level 1:colcon.colcon_core.environment:checking '/home/beto/ROS_PROJECTS/scout/install/ugv_sdk/bin'
[0.739s] INFO:colcon.colcon_core.shell:Creating package script '/home/beto/ROS_PROJECTS/scout/install/ugv_sdk/share/ugv_sdk/package.ps1'
[0.740s] INFO:colcon.colcon_core.shell:Creating package descriptor '/home/beto/ROS_PROJECTS/scout/install/ugv_sdk/share/ugv_sdk/package.dsv'
[0.741s] INFO:colcon.colcon_core.shell:Creating package script '/home/beto/ROS_PROJECTS/scout/install/ugv_sdk/share/ugv_sdk/package.sh'
[0.741s] INFO:colcon.colcon_core.shell:Creating package script '/home/beto/ROS_PROJECTS/scout/install/ugv_sdk/share/ugv_sdk/package.bash'
[0.742s] INFO:colcon.colcon_core.shell:Creating package script '/home/beto/ROS_PROJECTS/scout/install/ugv_sdk/share/ugv_sdk/package.zsh'
[0.742s] Level 1:colcon.colcon_core.environment:create_file_with_runtime_dependencies(/home/beto/ROS_PROJECTS/scout/install/ugv_sdk/share/colcon-core/packages/ugv_sdk)
[0.743s] Level 1:colcon.colcon_core.environment:create_environment_scripts_only(scout_description)
[0.744s] Level 1:colcon.colcon_core.environment:checking '/home/beto/ROS_PROJECTS/scout/install/scout_description' for CMake module files
[0.745s] DEBUG:colcon.colcon_core.event_handler.log_command:Invoked command in '/home/beto/ROS_PROJECTS/scout/build/scout_description' returned '0': CMAKE_PREFIX_PATH=/home/beto/ROS_PROJECTS/scout/install/scout_base:/home/beto/ROS_PROJECTS/scout/install/scout_slam:/home/beto/ROS_PROJECTS/scout/install/gaurd_bot:/opt/ros/humble:/home/beto/ROS_PROJECTS/scout/install/ugv_sdk:/home/beto/ROS_PROJECTS/scout/install/scout_msgs:/home/beto/ROS_PROJECTS/scout/install/scout_description /usr/bin/cmake --install /home/beto/ROS_PROJECTS/scout/build/scout_description
[0.745s] Level 1:colcon.colcon_core.environment:checking '/home/beto/ROS_PROJECTS/scout/install/scout_description' for CMake config files
[0.745s] Level 1:colcon.colcon_core.shell:create_environment_hook('scout_description', 'cmake_prefix_path')
[0.746s] INFO:colcon.colcon_core.shell:Creating environment hook '/home/beto/ROS_PROJECTS/scout/install/scout_description/share/scout_description/hook/cmake_prefix_path.ps1'
[0.746s] INFO:colcon.colcon_core.shell:Creating environment descriptor '/home/beto/ROS_PROJECTS/scout/install/scout_description/share/scout_description/hook/cmake_prefix_path.dsv'
[0.746s] INFO:colcon.colcon_core.shell:Creating environment hook '/home/beto/ROS_PROJECTS/scout/install/scout_description/share/scout_description/hook/cmake_prefix_path.sh'
[0.747s] Level 1:colcon.colcon_core.environment:checking '/home/beto/ROS_PROJECTS/scout/install/scout_description/bin'
[0.747s] Level 1:colcon.colcon_core.environment:checking '/home/beto/ROS_PROJECTS/scout/install/scout_description/lib/pkgconfig/scout_description.pc'
[0.747s] Level 1:colcon.colcon_core.environment:checking '/home/beto/ROS_PROJECTS/scout/install/scout_description/lib/python3.10/site-packages'
[0.747s] Level 1:colcon.colcon_core.environment:checking '/home/beto/ROS_PROJECTS/scout/install/scout_description/bin'
[0.747s] INFO:colcon.colcon_core.shell:Creating package script '/home/beto/ROS_PROJECTS/scout/install/scout_description/share/scout_description/package.ps1'
[0.748s] INFO:colcon.colcon_core.shell:Creating package descriptor '/home/beto/ROS_PROJECTS/scout/install/scout_description/share/scout_description/package.dsv'
[0.748s] INFO:colcon.colcon_core.shell:Creating package script '/home/beto/ROS_PROJECTS/scout/install/scout_description/share/scout_description/package.sh'
[0.748s] INFO:colcon.colcon_core.shell:Creating package script '/home/beto/ROS_PROJECTS/scout/install/scout_description/share/scout_description/package.bash'
[0.749s] INFO:colcon.colcon_core.shell:Creating package script '/home/beto/ROS_PROJECTS/scout/install/scout_description/share/scout_description/package.zsh'
[0.749s] Level 1:colcon.colcon_core.environment:create_file_with_runtime_dependencies(/home/beto/ROS_PROJECTS/scout/install/scout_description/share/colcon-core/packages/scout_description)
[0.749s] Level 1:colcon.colcon_core.environment:create_environment_scripts_only(scout_description)
[0.749s] Level 1:colcon.colcon_core.environment:checking '/home/beto/ROS_PROJECTS/scout/install/scout_description' for CMake module files
[0.750s] Level 1:colcon.colcon_core.environment:checking '/home/beto/ROS_PROJECTS/scout/install/scout_description' for CMake config files
[0.750s] Level 1:colcon.colcon_core.shell:create_environment_hook('scout_description', 'cmake_prefix_path')
[0.750s] INFO:colcon.colcon_core.shell:Creating environment hook '/home/beto/ROS_PROJECTS/scout/install/scout_description/share/scout_description/hook/cmake_prefix_path.ps1'
[0.751s] INFO:colcon.colcon_core.shell:Creating environment descriptor '/home/beto/ROS_PROJECTS/scout/install/scout_description/share/scout_description/hook/cmake_prefix_path.dsv'
[0.751s] INFO:colcon.colcon_core.shell:Creating environment hook '/home/beto/ROS_PROJECTS/scout/install/scout_description/share/scout_description/hook/cmake_prefix_path.sh'
[0.751s] Level 1:colcon.colcon_core.environment:checking '/home/beto/ROS_PROJECTS/scout/install/scout_description/bin'
[0.751s] Level 1:colcon.colcon_core.environment:checking '/home/beto/ROS_PROJECTS/scout/install/scout_description/lib/pkgconfig/scout_description.pc'
[0.752s] Level 1:colcon.colcon_core.environment:checking '/home/beto/ROS_PROJECTS/scout/install/scout_description/lib/python3.10/site-packages'
[0.752s] Level 1:colcon.colcon_core.environment:checking '/home/beto/ROS_PROJECTS/scout/install/scout_description/bin'
[0.752s] INFO:colcon.colcon_core.shell:Creating package script '/home/beto/ROS_PROJECTS/scout/install/scout_description/share/scout_description/package.ps1'
[0.752s] INFO:colcon.colcon_core.shell:Creating package descriptor '/home/beto/ROS_PROJECTS/scout/install/scout_description/share/scout_description/package.dsv'
[0.753s] INFO:colcon.colcon_core.shell:Creating package script '/home/beto/ROS_PROJECTS/scout/install/scout_description/share/scout_description/package.sh'
[0.753s] INFO:colcon.colcon_core.shell:Creating package script '/home/beto/ROS_PROJECTS/scout/install/scout_description/share/scout_description/package.bash'
[0.753s] INFO:colcon.colcon_core.shell:Creating package script '/home/beto/ROS_PROJECTS/scout/install/scout_description/share/scout_description/package.zsh'
[0.753s] Level 1:colcon.colcon_core.environment:create_file_with_runtime_dependencies(/home/beto/ROS_PROJECTS/scout/install/scout_description/share/colcon-core/packages/scout_description)
[0.835s] Level 1:colcon.colcon_core.environment:create_environment_scripts_only(scout_msgs)
[0.836s] Level 1:colcon.colcon_core.environment:checking '/home/beto/ROS_PROJECTS/scout/install/scout_msgs' for CMake module files
[0.836s] DEBUG:colcon.colcon_core.event_handler.log_command:Invoked command in '/home/beto/ROS_PROJECTS/scout/build/scout_msgs' returned '0': CMAKE_PREFIX_PATH=/home/beto/ROS_PROJECTS/scout/install/scout_base:/home/beto/ROS_PROJECTS/scout/install/scout_slam:/home/beto/ROS_PROJECTS/scout/install/gaurd_bot:/opt/ros/humble:/home/beto/ROS_PROJECTS/scout/install/ugv_sdk:/home/beto/ROS_PROJECTS/scout/install/scout_msgs:/home/beto/ROS_PROJECTS/scout/install/scout_description /usr/bin/cmake --install /home/beto/ROS_PROJECTS/scout/build/scout_msgs
[0.837s] Level 1:colcon.colcon_core.environment:checking '/home/beto/ROS_PROJECTS/scout/install/scout_msgs' for CMake config files
[0.837s] Level 1:colcon.colcon_core.shell:create_environment_hook('scout_msgs', 'cmake_prefix_path')
[0.837s] INFO:colcon.colcon_core.shell:Creating environment hook '/home/beto/ROS_PROJECTS/scout/install/scout_msgs/share/scout_msgs/hook/cmake_prefix_path.ps1'
[0.838s] INFO:colcon.colcon_core.shell:Creating environment descriptor '/home/beto/ROS_PROJECTS/scout/install/scout_msgs/share/scout_msgs/hook/cmake_prefix_path.dsv'
[0.838s] INFO:colcon.colcon_core.shell:Creating environment hook '/home/beto/ROS_PROJECTS/scout/install/scout_msgs/share/scout_msgs/hook/cmake_prefix_path.sh'
[0.839s] Level 1:colcon.colcon_core.environment:checking '/home/beto/ROS_PROJECTS/scout/install/scout_msgs/lib'
[0.839s] Level 1:colcon.colcon_core.shell:create_environment_hook('scout_msgs', 'ld_library_path_lib')
[0.839s] INFO:colcon.colcon_core.shell:Creating environment hook '/home/beto/ROS_PROJECTS/scout/install/scout_msgs/share/scout_msgs/hook/ld_library_path_lib.ps1'
[0.840s] INFO:colcon.colcon_core.shell:Creating environment descriptor '/home/beto/ROS_PROJECTS/scout/install/scout_msgs/share/scout_msgs/hook/ld_library_path_lib.dsv'
[0.840s] INFO:colcon.colcon_core.shell:Creating environment hook '/home/beto/ROS_PROJECTS/scout/install/scout_msgs/share/scout_msgs/hook/ld_library_path_lib.sh'
[0.841s] Level 1:colcon.colcon_core.environment:checking '/home/beto/ROS_PROJECTS/scout/install/scout_msgs/bin'
[0.841s] Level 1:colcon.colcon_core.environment:checking '/home/beto/ROS_PROJECTS/scout/install/scout_msgs/lib/pkgconfig/scout_msgs.pc'
[0.841s] Level 1:colcon.colcon_core.environment:checking '/home/beto/ROS_PROJECTS/scout/install/scout_msgs/lib/python3.10/site-packages'
[0.841s] Level 1:colcon.colcon_core.environment:checking '/home/beto/ROS_PROJECTS/scout/install/scout_msgs/bin'
[0.842s] INFO:colcon.colcon_core.shell:Creating package script '/home/beto/ROS_PROJECTS/scout/install/scout_msgs/share/scout_msgs/package.ps1'
[0.843s] INFO:colcon.colcon_core.shell:Creating package descriptor '/home/beto/ROS_PROJECTS/scout/install/scout_msgs/share/scout_msgs/package.dsv'
[0.843s] INFO:colcon.colcon_core.shell:Creating package script '/home/beto/ROS_PROJECTS/scout/install/scout_msgs/share/scout_msgs/package.sh'
[0.844s] INFO:colcon.colcon_core.shell:Creating package script '/home/beto/ROS_PROJECTS/scout/install/scout_msgs/share/scout_msgs/package.bash'
[0.844s] INFO:colcon.colcon_core.shell:Creating package script '/home/beto/ROS_PROJECTS/scout/install/scout_msgs/share/scout_msgs/package.zsh'
[0.844s] Level 1:colcon.colcon_core.environment:create_file_with_runtime_dependencies(/home/beto/ROS_PROJECTS/scout/install/scout_msgs/share/colcon-core/packages/scout_msgs)
[0.845s] Level 1:colcon.colcon_core.environment:create_environment_scripts_only(scout_msgs)
[0.845s] Level 1:colcon.colcon_core.environment:checking '/home/beto/ROS_PROJECTS/scout/install/scout_msgs' for CMake module files
[0.846s] Level 1:colcon.colcon_core.environment:checking '/home/beto/ROS_PROJECTS/scout/install/scout_msgs' for CMake config files
[0.846s] Level 1:colcon.colcon_core.shell:create_environment_hook('scout_msgs', 'cmake_prefix_path')
[0.846s] INFO:colcon.colcon_core.shell:Creating environment hook '/home/beto/ROS_PROJECTS/scout/install/scout_msgs/share/scout_msgs/hook/cmake_prefix_path.ps1'
[0.847s] INFO:colcon.colcon_core.shell:Creating environment descriptor '/home/beto/ROS_PROJECTS/scout/install/scout_msgs/share/scout_msgs/hook/cmake_prefix_path.dsv'
[0.847s] INFO:colcon.colcon_core.shell:Creating environment hook '/home/beto/ROS_PROJECTS/scout/install/scout_msgs/share/scout_msgs/hook/cmake_prefix_path.sh'
[0.847s] Level 1:colcon.colcon_core.environment:checking '/home/beto/ROS_PROJECTS/scout/install/scout_msgs/lib'
[0.847s] Level 1:colcon.colcon_core.shell:create_environment_hook('scout_msgs', 'ld_library_path_lib')
[0.848s] INFO:colcon.colcon_core.shell:Creating environment hook '/home/beto/ROS_PROJECTS/scout/install/scout_msgs/share/scout_msgs/hook/ld_library_path_lib.ps1'
[0.848s] INFO:colcon.colcon_core.shell:Creating environment descriptor '/home/beto/ROS_PROJECTS/scout/install/scout_msgs/share/scout_msgs/hook/ld_library_path_lib.dsv'
[0.848s] INFO:colcon.colcon_core.shell:Creating environment hook '/home/beto/ROS_PROJECTS/scout/install/scout_msgs/share/scout_msgs/hook/ld_library_path_lib.sh'
[0.848s] Level 1:colcon.colcon_core.environment:checking '/home/beto/ROS_PROJECTS/scout/install/scout_msgs/bin'
[0.849s] Level 1:colcon.colcon_core.environment:checking '/home/beto/ROS_PROJECTS/scout/install/scout_msgs/lib/pkgconfig/scout_msgs.pc'
[0.849s] Level 1:colcon.colcon_core.environment:checking '/home/beto/ROS_PROJECTS/scout/install/scout_msgs/lib/python3.10/site-packages'
[0.849s] Level 1:colcon.colcon_core.environment:checking '/home/beto/ROS_PROJECTS/scout/install/scout_msgs/bin'
[0.849s] INFO:colcon.colcon_core.shell:Creating package script '/home/beto/ROS_PROJECTS/scout/install/scout_msgs/share/scout_msgs/package.ps1'
[0.850s] INFO:colcon.colcon_core.shell:Creating package descriptor '/home/beto/ROS_PROJECTS/scout/install/scout_msgs/share/scout_msgs/package.dsv'
[0.850s] INFO:colcon.colcon_core.shell:Creating package script '/home/beto/ROS_PROJECTS/scout/install/scout_msgs/share/scout_msgs/package.sh'
[0.850s] INFO:colcon.colcon_core.shell:Creating package script '/home/beto/ROS_PROJECTS/scout/install/scout_msgs/share/scout_msgs/package.bash'
[0.851s] INFO:colcon.colcon_core.shell:Creating package script '/home/beto/ROS_PROJECTS/scout/install/scout_msgs/share/scout_msgs/package.zsh'
[0.851s] Level 1:colcon.colcon_core.environment:create_file_with_runtime_dependencies(/home/beto/ROS_PROJECTS/scout/install/scout_msgs/share/colcon-core/packages/scout_msgs)
[0.851s] INFO:colcon.colcon_ros.task.ament_cmake.build:Building ROS package in '/home/beto/ROS_PROJECTS/scout/src/scout_ros2/scout_base' with build type 'ament_cmake'
[0.852s] INFO:colcon.colcon_cmake.task.cmake.build:Building CMake package in '/home/beto/ROS_PROJECTS/scout/src/scout_ros2/scout_base'
[0.852s] INFO:colcon.colcon_core.shell:Skip shell extension 'powershell' for command environment: Not usable outside of PowerShell
[0.852s] DEBUG:colcon.colcon_core.shell:Skip shell extension 'dsv' for command environment
[0.865s] DEBUG:colcon.colcon_core.event_handler.log_command:Invoking command in '/home/beto/ROS_PROJECTS/scout/build/scout_base': CMAKE_PREFIX_PATH=/home/beto/ROS_PROJECTS/scout/install/scout_slam:/home/beto/ROS_PROJECTS/scout/install/gaurd_bot:/opt/ros/humble:/home/beto/ROS_PROJECTS/scout/install/ugv_sdk:/home/beto/ROS_PROJECTS/scout/install/scout_msgs:/home/beto/ROS_PROJECTS/scout/install/scout_base:/home/beto/ROS_PROJECTS/scout/install/scout_description /usr/bin/cmake --build /home/beto/ROS_PROJECTS/scout/build/scout_base -- -j20 -l20
[0.952s] DEBUG:colcon.colcon_core.event_handler.log_command:Invoked command in '/home/beto/ROS_PROJECTS/scout/build/scout_base' returned '0': CMAKE_PREFIX_PATH=/home/beto/ROS_PROJECTS/scout/install/scout_slam:/home/beto/ROS_PROJECTS/scout/install/gaurd_bot:/opt/ros/humble:/home/beto/ROS_PROJECTS/scout/install/ugv_sdk:/home/beto/ROS_PROJECTS/scout/install/scout_msgs:/home/beto/ROS_PROJECTS/scout/install/scout_base:/home/beto/ROS_PROJECTS/scout/install/scout_description /usr/bin/cmake --build /home/beto/ROS_PROJECTS/scout/build/scout_base -- -j20 -l20
[0.954s] DEBUG:colcon.colcon_core.event_handler.log_command:Invoking command in '/home/beto/ROS_PROJECTS/scout/build/scout_base': CMAKE_PREFIX_PATH=/home/beto/ROS_PROJECTS/scout/install/scout_slam:/home/beto/ROS_PROJECTS/scout/install/gaurd_bot:/opt/ros/humble:/home/beto/ROS_PROJECTS/scout/install/ugv_sdk:/home/beto/ROS_PROJECTS/scout/install/scout_msgs:/home/beto/ROS_PROJECTS/scout/install/scout_base:/home/beto/ROS_PROJECTS/scout/install/scout_description /usr/bin/cmake --install /home/beto/ROS_PROJECTS/scout/build/scout_base
[0.964s] Level 1:colcon.colcon_core.environment:create_environment_scripts_only(scout_base)
[0.964s] Level 1:colcon.colcon_core.environment:checking '/home/beto/ROS_PROJECTS/scout/install/scout_base' for CMake module files
[0.965s] DEBUG:colcon.colcon_core.event_handler.log_command:Invoked command in '/home/beto/ROS_PROJECTS/scout/build/scout_base' returned '0': CMAKE_PREFIX_PATH=/home/beto/ROS_PROJECTS/scout/install/scout_slam:/home/beto/ROS_PROJECTS/scout/install/gaurd_bot:/opt/ros/humble:/home/beto/ROS_PROJECTS/scout/install/ugv_sdk:/home/beto/ROS_PROJECTS/scout/install/scout_msgs:/home/beto/ROS_PROJECTS/scout/install/scout_base:/home/beto/ROS_PROJECTS/scout/install/scout_description /usr/bin/cmake --install /home/beto/ROS_PROJECTS/scout/build/scout_base
[0.965s] Level 1:colcon.colcon_core.environment:checking '/home/beto/ROS_PROJECTS/scout/install/scout_base' for CMake config files
[0.965s] Level 1:colcon.colcon_core.shell:create_environment_hook('scout_base', 'cmake_prefix_path')
[0.966s] INFO:colcon.colcon_core.shell:Creating environment hook '/home/beto/ROS_PROJECTS/scout/install/scout_base/share/scout_base/hook/cmake_prefix_path.ps1'
[0.966s] INFO:colcon.colcon_core.shell:Creating environment descriptor '/home/beto/ROS_PROJECTS/scout/install/scout_base/share/scout_base/hook/cmake_prefix_path.dsv'
[0.966s] INFO:colcon.colcon_core.shell:Creating environment hook '/home/beto/ROS_PROJECTS/scout/install/scout_base/share/scout_base/hook/cmake_prefix_path.sh'
[0.967s] Level 1:colcon.colcon_core.environment:checking '/home/beto/ROS_PROJECTS/scout/install/scout_base/lib'
[0.967s] Level 1:colcon.colcon_core.environment:checking '/home/beto/ROS_PROJECTS/scout/install/scout_base/bin'
[0.967s] Level 1:colcon.colcon_core.environment:checking '/home/beto/ROS_PROJECTS/scout/install/scout_base/lib/pkgconfig/scout_base.pc'
[0.967s] Level 1:colcon.colcon_core.environment:checking '/home/beto/ROS_PROJECTS/scout/install/scout_base/lib/python3.10/site-packages'
[0.967s] Level 1:colcon.colcon_core.environment:checking '/home/beto/ROS_PROJECTS/scout/install/scout_base/bin'
[0.968s] INFO:colcon.colcon_core.shell:Creating package script '/home/beto/ROS_PROJECTS/scout/install/scout_base/share/scout_base/package.ps1'
[0.968s] INFO:colcon.colcon_core.shell:Creating package descriptor '/home/beto/ROS_PROJECTS/scout/install/scout_base/share/scout_base/package.dsv'
[0.968s] INFO:colcon.colcon_core.shell:Creating package script '/home/beto/ROS_PROJECTS/scout/install/scout_base/share/scout_base/package.sh'
[0.969s] INFO:colcon.colcon_core.shell:Creating package script '/home/beto/ROS_PROJECTS/scout/install/scout_base/share/scout_base/package.bash'
[0.969s] INFO:colcon.colcon_core.shell:Creating package script '/home/beto/ROS_PROJECTS/scout/install/scout_base/share/scout_base/package.zsh'
[0.969s] Level 1:colcon.colcon_core.environment:create_file_with_runtime_dependencies(/home/beto/ROS_PROJECTS/scout/install/scout_base/share/colcon-core/packages/scout_base)
[0.969s] Level 1:colcon.colcon_core.environment:create_environment_scripts_only(scout_base)
[0.970s] Level 1:colcon.colcon_core.environment:checking '/home/beto/ROS_PROJECTS/scout/install/scout_base' for CMake module files
[0.970s] Level 1:colcon.colcon_core.environment:checking '/home/beto/ROS_PROJECTS/scout/install/scout_base' for CMake config files
[0.970s] Level 1:colcon.colcon_core.shell:create_environment_hook('scout_base', 'cmake_prefix_path')
[0.970s] INFO:colcon.colcon_core.shell:Creating environment hook '/home/beto/ROS_PROJECTS/scout/install/scout_base/share/scout_base/hook/cmake_prefix_path.ps1'
[0.971s] INFO:colcon.colcon_core.shell:Creating environment descriptor '/home/beto/ROS_PROJECTS/scout/install/scout_base/share/scout_base/hook/cmake_prefix_path.dsv'
[0.971s] INFO:colcon.colcon_core.shell:Creating environment hook '/home/beto/ROS_PROJECTS/scout/install/scout_base/share/scout_base/hook/cmake_prefix_path.sh'
[0.971s] Level 1:colcon.colcon_core.environment:checking '/home/beto/ROS_PROJECTS/scout/install/scout_base/lib'
[0.972s] Level 1:colcon.colcon_core.environment:checking '/home/beto/ROS_PROJECTS/scout/install/scout_base/bin'
[0.972s] Level 1:colcon.colcon_core.environment:checking '/home/beto/ROS_PROJECTS/scout/install/scout_base/lib/pkgconfig/scout_base.pc'
[0.972s] Level 1:colcon.colcon_core.environment:checking '/home/beto/ROS_PROJECTS/scout/install/scout_base/lib/python3.10/site-packages'
[0.972s] Level 1:colcon.colcon_core.environment:checking '/home/beto/ROS_PROJECTS/scout/install/scout_base/bin'
[0.972s] INFO:colcon.colcon_core.shell:Creating package script '/home/beto/ROS_PROJECTS/scout/install/scout_base/share/scout_base/package.ps1'
[0.973s] INFO:colcon.colcon_core.shell:Creating package descriptor '/home/beto/ROS_PROJECTS/scout/install/scout_base/share/scout_base/package.dsv'
[0.973s] INFO:colcon.colcon_core.shell:Creating package script '/home/beto/ROS_PROJECTS/scout/install/scout_base/share/scout_base/package.sh'
[0.973s] INFO:colcon.colcon_core.shell:Creating package script '/home/beto/ROS_PROJECTS/scout/install/scout_base/share/scout_base/package.bash'
[0.973s] INFO:colcon.colcon_core.shell:Creating package script '/home/beto/ROS_PROJECTS/scout/install/scout_base/share/scout_base/package.zsh'
[0.974s] Level 1:colcon.colcon_core.environment:create_file_with_runtime_dependencies(/home/beto/ROS_PROJECTS/scout/install/scout_base/share/colcon-core/packages/scout_base)
[1.010s] DEBUG:colcon.colcon_core.event_handler.log_command:Invoking command in '/home/beto/ROS_PROJECTS/scout/src/gaurd_bot': PYTHONPATH=/home/beto/ROS_PROJECTS/scout/build/gaurd_bot/prefix_override:/usr/lib/python3/dist-packages/colcon_core/task/python/colcon_distutils_commands:/home/beto/ROS_PROJECTS/scout/install/gaurd_bot/lib/python3.10/site-packages:${PYTHONPATH} /usr/bin/python3 -W ignore:setup.py install is deprecated -W ignore:easy_install command is deprecated setup.py egg_info --egg-base ../../build/gaurd_bot build --build-base /home/beto/ROS_PROJECTS/scout/build/gaurd_bot/build install --record /home/beto/ROS_PROJECTS/scout/build/gaurd_bot/install.log --single-version-externally-managed install_data
[1.045s] DEBUG:colcon.colcon_core.event_handler.log_command:Invoking command in '/home/beto/ROS_PROJECTS/scout/src/scout_slam': PYTHONPATH=/home/beto/ROS_PROJECTS/scout/build/scout_slam/prefix_override:/usr/lib/python3/dist-packages/colcon_core/task/python/colcon_distutils_commands:/home/beto/ROS_PROJECTS/scout/install/scout_slam/lib/python3.10/site-packages:${PYTHONPATH} /usr/bin/python3 -W ignore:setup.py install is deprecated -W ignore:easy_install command is deprecated setup.py egg_info --egg-base ../../build/scout_slam build --build-base /home/beto/ROS_PROJECTS/scout/build/scout_slam/build install --record /home/beto/ROS_PROJECTS/scout/build/scout_slam/install.log --single-version-externally-managed install_data
[1.270s] Level 1:colcon.colcon_core.environment:checking '/home/beto/ROS_PROJECTS/scout/install/gaurd_bot' for CMake module files
[1.271s] DEBUG:colcon.colcon_core.event_handler.log_command:Invoked command in '/home/beto/ROS_PROJECTS/scout/src/gaurd_bot' returned '0': PYTHONPATH=/home/beto/ROS_PROJECTS/scout/build/gaurd_bot/prefix_override:/usr/lib/python3/dist-packages/colcon_core/task/python/colcon_distutils_commands:/home/beto/ROS_PROJECTS/scout/install/gaurd_bot/lib/python3.10/site-packages:${PYTHONPATH} /usr/bin/python3 -W ignore:setup.py install is deprecated -W ignore:easy_install command is deprecated setup.py egg_info --egg-base ../../build/gaurd_bot build --build-base /home/beto/ROS_PROJECTS/scout/build/gaurd_bot/build install --record /home/beto/ROS_PROJECTS/scout/build/gaurd_bot/install.log --single-version-externally-managed install_data
[1.271s] Level 1:colcon.colcon_core.environment:checking '/home/beto/ROS_PROJECTS/scout/install/gaurd_bot' for CMake config files
[1.272s] Level 1:colcon.colcon_core.environment:checking '/home/beto/ROS_PROJECTS/scout/install/gaurd_bot/lib'
[1.272s] Level 1:colcon.colcon_core.environment:checking '/home/beto/ROS_PROJECTS/scout/install/gaurd_bot/bin'
[1.272s] Level 1:colcon.colcon_core.environment:checking '/home/beto/ROS_PROJECTS/scout/install/gaurd_bot/lib/pkgconfig/gaurd_bot.pc'
[1.272s] Level 1:colcon.colcon_core.environment:checking '/home/beto/ROS_PROJECTS/scout/install/gaurd_bot/lib/python3.10/site-packages'
[1.272s] Level 1:colcon.colcon_core.shell:create_environment_hook('gaurd_bot', 'pythonpath')
[1.273s] INFO:colcon.colcon_core.shell:Creating environment hook '/home/beto/ROS_PROJECTS/scout/install/gaurd_bot/share/gaurd_bot/hook/pythonpath.ps1'
[1.273s] INFO:colcon.colcon_core.shell:Creating environment descriptor '/home/beto/ROS_PROJECTS/scout/install/gaurd_bot/share/gaurd_bot/hook/pythonpath.dsv'
[1.274s] INFO:colcon.colcon_core.shell:Creating environment hook '/home/beto/ROS_PROJECTS/scout/install/gaurd_bot/share/gaurd_bot/hook/pythonpath.sh'
[1.274s] Level 1:colcon.colcon_core.environment:checking '/home/beto/ROS_PROJECTS/scout/install/gaurd_bot/bin'
[1.274s] Level 1:colcon.colcon_core.environment:create_environment_scripts_only(gaurd_bot)
[1.275s] INFO:colcon.colcon_core.shell:Creating package script '/home/beto/ROS_PROJECTS/scout/install/gaurd_bot/share/gaurd_bot/package.ps1'
[1.275s] INFO:colcon.colcon_core.shell:Creating package descriptor '/home/beto/ROS_PROJECTS/scout/install/gaurd_bot/share/gaurd_bot/package.dsv'
[1.275s] INFO:colcon.colcon_core.shell:Creating package script '/home/beto/ROS_PROJECTS/scout/install/gaurd_bot/share/gaurd_bot/package.sh'
[1.276s] INFO:colcon.colcon_core.shell:Creating package script '/home/beto/ROS_PROJECTS/scout/install/gaurd_bot/share/gaurd_bot/package.bash'
[1.276s] INFO:colcon.colcon_core.shell:Creating package script '/home/beto/ROS_PROJECTS/scout/install/gaurd_bot/share/gaurd_bot/package.zsh'
[1.276s] Level 1:colcon.colcon_core.environment:create_file_with_runtime_dependencies(/home/beto/ROS_PROJECTS/scout/install/gaurd_bot/share/colcon-core/packages/gaurd_bot)
[1.298s] Level 1:colcon.colcon_core.environment:checking '/home/beto/ROS_PROJECTS/scout/install/scout_slam' for CMake module files
[1.299s] DEBUG:colcon.colcon_core.event_handler.log_command:Invoked command in '/home/beto/ROS_PROJECTS/scout/src/scout_slam' returned '0': PYTHONPATH=/home/beto/ROS_PROJECTS/scout/build/scout_slam/prefix_override:/usr/lib/python3/dist-packages/colcon_core/task/python/colcon_distutils_commands:/home/beto/ROS_PROJECTS/scout/install/scout_slam/lib/python3.10/site-packages:${PYTHONPATH} /usr/bin/python3 -W ignore:setup.py install is deprecated -W ignore:easy_install command is deprecated setup.py egg_info --egg-base ../../build/scout_slam build --build-base /home/beto/ROS_PROJECTS/scout/build/scout_slam/build install --record /home/beto/ROS_PROJECTS/scout/build/scout_slam/install.log --single-version-externally-managed install_data
[1.299s] Level 1:colcon.colcon_core.environment:checking '/home/beto/ROS_PROJECTS/scout/install/scout_slam' for CMake config files
[1.300s] Level 1:colcon.colcon_core.environment:checking '/home/beto/ROS_PROJECTS/scout/install/scout_slam/lib'
[1.300s] Level 1:colcon.colcon_core.environment:checking '/home/beto/ROS_PROJECTS/scout/install/scout_slam/bin'
[1.300s] Level 1:colcon.colcon_core.environment:checking '/home/beto/ROS_PROJECTS/scout/install/scout_slam/lib/pkgconfig/scout_slam.pc'
[1.300s] Level 1:colcon.colcon_core.environment:checking '/home/beto/ROS_PROJECTS/scout/install/scout_slam/lib/python3.10/site-packages'
[1.300s] Level 1:colcon.colcon_core.shell:create_environment_hook('scout_slam', 'pythonpath')
[1.300s] INFO:colcon.colcon_core.shell:Creating environment hook '/home/beto/ROS_PROJECTS/scout/install/scout_slam/share/scout_slam/hook/pythonpath.ps1'
[1.301s] INFO:colcon.colcon_core.shell:Creating environment descriptor '/home/beto/ROS_PROJECTS/scout/install/scout_slam/share/scout_slam/hook/pythonpath.dsv'
[1.301s] INFO:colcon.colcon_core.shell:Creating environment hook '/home/beto/ROS_PROJECTS/scout/install/scout_slam/share/scout_slam/hook/pythonpath.sh'
[1.301s] Level 1:colcon.colcon_core.environment:checking '/home/beto/ROS_PROJECTS/scout/install/scout_slam/bin'
[1.301s] Level 1:colcon.colcon_core.environment:create_environment_scripts_only(scout_slam)
[1.302s] INFO:colcon.colcon_core.shell:Creating package script '/home/beto/ROS_PROJECTS/scout/install/scout_slam/share/scout_slam/package.ps1'
[1.302s] INFO:colcon.colcon_core.shell:Creating package descriptor '/home/beto/ROS_PROJECTS/scout/install/scout_slam/share/scout_slam/package.dsv'
[1.302s] INFO:colcon.colcon_core.shell:Creating package script '/home/beto/ROS_PROJECTS/scout/install/scout_slam/share/scout_slam/package.sh'
[1.303s] INFO:colcon.colcon_core.shell:Creating package script '/home/beto/ROS_PROJECTS/scout/install/scout_slam/share/scout_slam/package.bash'
[1.303s] INFO:colcon.colcon_core.shell:Creating package script '/home/beto/ROS_PROJECTS/scout/install/scout_slam/share/scout_slam/package.zsh'
[1.303s] Level 1:colcon.colcon_core.environment:create_file_with_runtime_dependencies(/home/beto/ROS_PROJECTS/scout/install/scout_slam/share/colcon-core/packages/scout_slam)
[1.303s] DEBUG:colcon.colcon_parallel_executor.executor.parallel:closing loop
[1.304s] DEBUG:colcon.colcon_parallel_executor.executor.parallel:loop closed
[1.304s] DEBUG:colcon.colcon_parallel_executor.executor.parallel:run_until_complete finished with '0'
[1.304s] DEBUG:colcon.colcon_core.event_reactor:joining thread
[1.309s] INFO:colcon.colcon_core.plugin_system:Skipping extension 'colcon_notification.desktop_notification.terminal_notifier': Not used on non-Darwin systems
[1.309s] INFO:colcon.colcon_core.plugin_system:Skipping extension 'colcon_notification.desktop_notification.win32': Not used on non-Windows systems
[1.309s] INFO:colcon.colcon_notification.desktop_notification:Sending desktop notification using 'notify2'
[1.323s] DEBUG:colcon.colcon_core.event_reactor:joined thread
[1.324s] INFO:colcon.colcon_core.shell:Creating prefix script '/home/beto/ROS_PROJECTS/scout/install/local_setup.ps1'
[1.325s] INFO:colcon.colcon_core.shell:Creating prefix util module '/home/beto/ROS_PROJECTS/scout/install/_local_setup_util_ps1.py'
[1.326s] INFO:colcon.colcon_core.shell:Creating prefix chain script '/home/beto/ROS_PROJECTS/scout/install/setup.ps1'
[1.328s] INFO:colcon.colcon_core.shell:Creating prefix script '/home/beto/ROS_PROJECTS/scout/install/local_setup.sh'
[1.328s] INFO:colcon.colcon_core.shell:Creating prefix util module '/home/beto/ROS_PROJECTS/scout/install/_local_setup_util_sh.py'
[1.329s] INFO:colcon.colcon_core.shell:Creating prefix chain script '/home/beto/ROS_PROJECTS/scout/install/setup.sh'
[1.330s] INFO:colcon.colcon_core.shell:Creating prefix script '/home/beto/ROS_PROJECTS/scout/install/local_setup.bash'
[1.330s] INFO:colcon.colcon_core.shell:Creating prefix chain script '/home/beto/ROS_PROJECTS/scout/install/setup.bash'
[1.331s] INFO:colcon.colcon_core.shell:Creating prefix script '/home/beto/ROS_PROJECTS/scout/install/local_setup.zsh'
[1.332s] INFO:colcon.colcon_core.shell:Creating prefix chain script '/home/beto/ROS_PROJECTS/scout/install/setup.zsh'
