running egg_info
creating ../../build/scout_slam/scout_slam.egg-info
writing ../../build/scout_slam/scout_slam.egg-info/PKG-INFO
writing dependency_links to ../../build/scout_slam/scout_slam.egg-info/dependency_links.txt
writing entry points to ../../build/scout_slam/scout_slam.egg-info/entry_points.txt
writing requirements to ../../build/scout_slam/scout_slam.egg-info/requires.txt
writing top-level names to ../../build/scout_slam/scout_slam.egg-info/top_level.txt
writing manifest file '../../build/scout_slam/scout_slam.egg-info/SOURCES.txt'
reading manifest file '../../build/scout_slam/scout_slam.egg-info/SOURCES.txt'
writing manifest file '../../build/scout_slam/scout_slam.egg-info/SOURCES.txt'
running build
running build_py
creating /home/beto/ROS_PROJECTS/scout/build/scout_slam/build
creating /home/beto/ROS_PROJECTS/scout/build/scout_slam/build/lib
creating /home/beto/ROS_PROJECTS/scout/build/scout_slam/build/lib/scout_slam
copying scout_slam/__init__.py -> /home/beto/ROS_PROJECTS/scout/build/scout_slam/build/lib/scout_slam
running install
running install_lib
creating /home/beto/ROS_PROJECTS/scout/install/scout_slam/lib/python3.10/site-packages/scout_slam
copying /home/beto/ROS_PROJECTS/scout/build/scout_slam/build/lib/scout_slam/__init__.py -> /home/beto/ROS_PROJECTS/scout/install/scout_slam/lib/python3.10/site-packages/scout_slam
byte-compiling /home/beto/ROS_PROJECTS/scout/install/scout_slam/lib/python3.10/site-packages/scout_slam/__init__.py to __init__.cpython-310.pyc
running install_data
creating /home/beto/ROS_PROJECTS/scout/install/scout_slam/share/ament_index
creating /home/beto/ROS_PROJECTS/scout/install/scout_slam/share/ament_index/resource_index
creating /home/beto/ROS_PROJECTS/scout/install/scout_slam/share/ament_index/resource_index/packages
copying resource/scout_slam -> /home/beto/ROS_PROJECTS/scout/install/scout_slam/share/ament_index/resource_index/packages
copying package.xml -> /home/beto/ROS_PROJECTS/scout/install/scout_slam/share/scout_slam
creating /home/beto/ROS_PROJECTS/scout/install/scout_slam/share/scout_slam/launch
copying launch/online_async.launch.py -> /home/beto/ROS_PROJECTS/scout/install/scout_slam/share/scout_slam/launch
copying launch/slam.launch.py -> /home/beto/ROS_PROJECTS/scout/install/scout_slam/share/scout_slam/launch
creating /home/beto/ROS_PROJECTS/scout/install/scout_slam/share/scout_slam/params
copying params/mapper_params_online_async.yaml -> /home/beto/ROS_PROJECTS/scout/install/scout_slam/share/scout_slam/params
creating /home/beto/ROS_PROJECTS/scout/install/scout_slam/share/scout_slam/config
copying config/ekf.yaml -> /home/beto/ROS_PROJECTS/scout/install/scout_slam/share/scout_slam/config
running install_egg_info
Copying ../../build/scout_slam/scout_slam.egg-info to /home/beto/ROS_PROJECTS/scout/install/scout_slam/lib/python3.10/site-packages/scout_slam-0.0.0-py3.10.egg-info
running install_scripts
writing list of installed files to '/home/beto/ROS_PROJECTS/scout/build/scout_slam/install.log'
