[0.980s] Invoking command in '/home/beto/ROS_PROJECTS/scout/src/scout_slam': PYTHONPATH=/home/beto/ROS_PROJECTS/scout/build/scout_slam/prefix_override:/usr/lib/python3/dist-packages/colcon_core/task/python/colcon_distutils_commands:/home/beto/ROS_PROJECTS/scout/install/scout_slam/lib/python3.10/site-packages:${PYTHONPATH} /usr/bin/python3 -W ignore:setup.py install is deprecated -W ignore:easy_install command is deprecated setup.py egg_info --egg-base ../../build/scout_slam build --build-base /home/beto/ROS_PROJECTS/scout/build/scout_slam/build install --record /home/beto/ROS_PROJECTS/scout/build/scout_slam/install.log --single-version-externally-managed install_data
[1.298s] running egg_info
[1.299s] creating ../../build/scout_slam/scout_slam.egg-info
[1.299s] writing ../../build/scout_slam/scout_slam.egg-info/PKG-INFO
[1.299s] writing dependency_links to ../../build/scout_slam/scout_slam.egg-info/dependency_links.txt
[1.299s] writing entry points to ../../build/scout_slam/scout_slam.egg-info/entry_points.txt
[1.300s] writing requirements to ../../build/scout_slam/scout_slam.egg-info/requires.txt
[1.300s] writing top-level names to ../../build/scout_slam/scout_slam.egg-info/top_level.txt
[1.300s] writing manifest file '../../build/scout_slam/scout_slam.egg-info/SOURCES.txt'
[1.307s] reading manifest file '../../build/scout_slam/scout_slam.egg-info/SOURCES.txt'
[1.308s] writing manifest file '../../build/scout_slam/scout_slam.egg-info/SOURCES.txt'
[1.308s] running build
[1.308s] running build_py
[1.308s] creating /home/beto/ROS_PROJECTS/scout/build/scout_slam/build
[1.308s] creating /home/beto/ROS_PROJECTS/scout/build/scout_slam/build/lib
[1.308s] creating /home/beto/ROS_PROJECTS/scout/build/scout_slam/build/lib/scout_slam
[1.308s] copying scout_slam/__init__.py -> /home/beto/ROS_PROJECTS/scout/build/scout_slam/build/lib/scout_slam
[1.308s] running install
[1.308s] running install_lib
[1.308s] creating /home/beto/ROS_PROJECTS/scout/install/scout_slam/lib/python3.10/site-packages/scout_slam
[1.308s] copying /home/beto/ROS_PROJECTS/scout/build/scout_slam/build/lib/scout_slam/__init__.py -> /home/beto/ROS_PROJECTS/scout/install/scout_slam/lib/python3.10/site-packages/scout_slam
[1.308s] byte-compiling /home/beto/ROS_PROJECTS/scout/install/scout_slam/lib/python3.10/site-packages/scout_slam/__init__.py to __init__.cpython-310.pyc
[1.309s] running install_data
[1.309s] creating /home/beto/ROS_PROJECTS/scout/install/scout_slam/share/ament_index
[1.309s] creating /home/beto/ROS_PROJECTS/scout/install/scout_slam/share/ament_index/resource_index
[1.309s] creating /home/beto/ROS_PROJECTS/scout/install/scout_slam/share/ament_index/resource_index/packages
[1.309s] copying resource/scout_slam -> /home/beto/ROS_PROJECTS/scout/install/scout_slam/share/ament_index/resource_index/packages
[1.309s] copying package.xml -> /home/beto/ROS_PROJECTS/scout/install/scout_slam/share/scout_slam
[1.309s] creating /home/beto/ROS_PROJECTS/scout/install/scout_slam/share/scout_slam/launch
[1.309s] copying launch/online_async.launch.py -> /home/beto/ROS_PROJECTS/scout/install/scout_slam/share/scout_slam/launch
[1.309s] copying launch/slam.launch.py -> /home/beto/ROS_PROJECTS/scout/install/scout_slam/share/scout_slam/launch
[1.309s] creating /home/beto/ROS_PROJECTS/scout/install/scout_slam/share/scout_slam/params
[1.309s] copying params/mapper_params_online_async.yaml -> /home/beto/ROS_PROJECTS/scout/install/scout_slam/share/scout_slam/params
[1.309s] creating /home/beto/ROS_PROJECTS/scout/install/scout_slam/share/scout_slam/config
[1.309s] copying config/ekf.yaml -> /home/beto/ROS_PROJECTS/scout/install/scout_slam/share/scout_slam/config
[1.309s] running install_egg_info
[1.311s] Copying ../../build/scout_slam/scout_slam.egg-info to /home/beto/ROS_PROJECTS/scout/install/scout_slam/lib/python3.10/site-packages/scout_slam-0.0.0-py3.10.egg-info
[1.312s] running install_scripts
[1.343s] writing list of installed files to '/home/beto/ROS_PROJECTS/scout/build/scout_slam/install.log'
[1.380s] Invoked command in '/home/beto/ROS_PROJECTS/scout/src/scout_slam' returned '0': PYTHONPATH=/home/beto/ROS_PROJECTS/scout/build/scout_slam/prefix_override:/usr/lib/python3/dist-packages/colcon_core/task/python/colcon_distutils_commands:/home/beto/ROS_PROJECTS/scout/install/scout_slam/lib/python3.10/site-packages:${PYTHONPATH} /usr/bin/python3 -W ignore:setup.py install is deprecated -W ignore:easy_install command is deprecated setup.py egg_info --egg-base ../../build/scout_slam build --build-base /home/beto/ROS_PROJECTS/scout/build/scout_slam/build install --record /home/beto/ROS_PROJECTS/scout/build/scout_slam/install.log --single-version-externally-managed install_data
