[0.062s] DEBUG:colcon:Command line arguments: ['/usr/bin/colcon', 'build']
[0.062s] DEBUG:colcon:Parsed command line arguments: Namespace(log_base=None, log_level=None, verb_name='build', build_base='build', install_base='install', merge_install=False, symlink_install=False, test_result_base=None, continue_on_error=False, executor='parallel', parallel_workers=20, event_handlers=None, ignore_user_meta=False, metas=['./colcon.meta'], base_paths=['.'], packages_ignore=None, packages_ignore_regex=None, paths=None, packages_up_to=None, packages_up_to_regex=None, packages_above=None, packages_above_and_dependencies=None, packages_above_depth=None, packages_select_by_dep=None, packages_skip_by_dep=None, packages_skip_up_to=None, packages_select_build_failed=False, packages_skip_build_finished=False, packages_select_test_failures=False, packages_skip_test_passed=False, packages_select=None, packages_skip=None, packages_select_regex=None, packages_skip_regex=None, packages_start=None, packages_end=None, allow_overriding=[], cmake_args=None, cmake_target=None, cmake_target_skip_unavailable=False, cmake_clean_cache=False, cmake_clean_first=False, cmake_force_configure=False, ament_cmake_args=None, catkin_cmake_args=None, catkin_skip_building_tests=False, mixin_files=None, mixin=None, verb_parser=<colcon_mixin.mixin.mixin_argument.MixinArgumentDecorator object at 0x7e9d8a197b80>, verb_extension=<colcon_core.verb.build.BuildVerb object at 0x7e9d8a1976d0>, main=<bound method BuildVerb.main of <colcon_core.verb.build.BuildVerb object at 0x7e9d8a1976d0>>, mixin_verb=('build',))
[0.160s] Level 1:colcon.colcon_core.package_discovery:discover_packages(colcon_meta) check parameters
[0.161s] Level 1:colcon.colcon_core.package_discovery:discover_packages(recursive) check parameters
[0.161s] Level 1:colcon.colcon_core.package_discovery:discover_packages(ignore) check parameters
[0.161s] Level 1:colcon.colcon_core.package_discovery:discover_packages(path) check parameters
[0.161s] Level 1:colcon.colcon_core.package_discovery:discover_packages(colcon_meta) discover
[0.161s] Level 1:colcon.colcon_core.package_discovery:discover_packages(recursive) discover
[0.161s] INFO:colcon.colcon_core.package_discovery:Crawling recursively for packages in '/home/beto/ROS_PROJECTS/scout'
[0.161s] Level 1:colcon.colcon_core.package_identification:_identify(.) by extensions ['ignore', 'ignore_ament_install']
[0.161s] Level 1:colcon.colcon_core.package_identification:_identify(.) by extension 'ignore'
[0.161s] Level 1:colcon.colcon_core.package_identification:_identify(.) by extension 'ignore_ament_install'
[0.161s] Level 1:colcon.colcon_core.package_identification:_identify(.) by extensions ['colcon_pkg']
[0.161s] Level 1:colcon.colcon_core.package_identification:_identify(.) by extension 'colcon_pkg'
[0.161s] Level 1:colcon.colcon_core.package_identification:_identify(.) by extensions ['colcon_meta']
[0.161s] Level 1:colcon.colcon_core.package_identification:_identify(.) by extension 'colcon_meta'
[0.161s] Level 1:colcon.colcon_core.package_identification:_identify(.) by extensions ['ros']
[0.161s] Level 1:colcon.colcon_core.package_identification:_identify(.) by extension 'ros'
[0.168s] Level 1:colcon.colcon_core.package_identification:_identify(.) by extensions ['cmake', 'python']
[0.168s] Level 1:colcon.colcon_core.package_identification:_identify(.) by extension 'cmake'
[0.168s] Level 1:colcon.colcon_core.package_identification:_identify(.) by extension 'python'
[0.168s] Level 1:colcon.colcon_core.package_identification:_identify(.) by extensions ['python_setup_py']
[0.168s] Level 1:colcon.colcon_core.package_identification:_identify(.) by extension 'python_setup_py'
[0.168s] Level 1:colcon.colcon_core.package_identification:_identify(build) by extensions ['ignore', 'ignore_ament_install']
[0.168s] Level 1:colcon.colcon_core.package_identification:_identify(build) by extension 'ignore'
[0.168s] Level 1:colcon.colcon_core.package_identification:_identify(build) ignored
[0.168s] Level 1:colcon.colcon_core.package_identification:_identify(install) by extensions ['ignore', 'ignore_ament_install']
[0.168s] Level 1:colcon.colcon_core.package_identification:_identify(install) by extension 'ignore'
[0.168s] Level 1:colcon.colcon_core.package_identification:_identify(install) ignored
[0.168s] Level 1:colcon.colcon_core.package_identification:_identify(log) by extensions ['ignore', 'ignore_ament_install']
[0.168s] Level 1:colcon.colcon_core.package_identification:_identify(log) by extension 'ignore'
[0.168s] Level 1:colcon.colcon_core.package_identification:_identify(log) ignored
[0.168s] Level 1:colcon.colcon_core.package_identification:_identify(src) by extensions ['ignore', 'ignore_ament_install']
[0.169s] Level 1:colcon.colcon_core.package_identification:_identify(src) by extension 'ignore'
[0.169s] Level 1:colcon.colcon_core.package_identification:_identify(src) by extension 'ignore_ament_install'
[0.169s] Level 1:colcon.colcon_core.package_identification:_identify(src) by extensions ['colcon_pkg']
[0.169s] Level 1:colcon.colcon_core.package_identification:_identify(src) by extension 'colcon_pkg'
[0.169s] Level 1:colcon.colcon_core.package_identification:_identify(src) by extensions ['colcon_meta']
[0.169s] Level 1:colcon.colcon_core.package_identification:_identify(src) by extension 'colcon_meta'
[0.169s] Level 1:colcon.colcon_core.package_identification:_identify(src) by extensions ['ros']
[0.169s] Level 1:colcon.colcon_core.package_identification:_identify(src) by extension 'ros'
[0.169s] Level 1:colcon.colcon_core.package_identification:_identify(src) by extensions ['cmake', 'python']
[0.169s] Level 1:colcon.colcon_core.package_identification:_identify(src) by extension 'cmake'
[0.169s] Level 1:colcon.colcon_core.package_identification:_identify(src) by extension 'python'
[0.169s] Level 1:colcon.colcon_core.package_identification:_identify(src) by extensions ['python_setup_py']
[0.169s] Level 1:colcon.colcon_core.package_identification:_identify(src) by extension 'python_setup_py'
[0.169s] Level 1:colcon.colcon_core.package_identification:_identify(src/gaurd_bot) by extensions ['ignore', 'ignore_ament_install']
[0.169s] Level 1:colcon.colcon_core.package_identification:_identify(src/gaurd_bot) by extension 'ignore'
[0.169s] Level 1:colcon.colcon_core.package_identification:_identify(src/gaurd_bot) by extension 'ignore_ament_install'
[0.169s] Level 1:colcon.colcon_core.package_identification:_identify(src/gaurd_bot) by extensions ['colcon_pkg']
[0.169s] Level 1:colcon.colcon_core.package_identification:_identify(src/gaurd_bot) by extension 'colcon_pkg'
[0.169s] Level 1:colcon.colcon_core.package_identification:_identify(src/gaurd_bot) by extensions ['colcon_meta']
[0.169s] Level 1:colcon.colcon_core.package_identification:_identify(src/gaurd_bot) by extension 'colcon_meta'
[0.169s] Level 1:colcon.colcon_core.package_identification:_identify(src/gaurd_bot) by extensions ['ros']
[0.169s] Level 1:colcon.colcon_core.package_identification:_identify(src/gaurd_bot) by extension 'ros'
[0.170s] DEBUG:colcon.colcon_core.package_identification:Package 'src/gaurd_bot' with type 'ros.ament_python' and name 'gaurd_bot'
[0.170s] Level 1:colcon.colcon_core.package_identification:_identify(src/scout_ros2) by extensions ['ignore', 'ignore_ament_install']
[0.178s] Level 1:colcon.colcon_core.package_identification:_identify(src/scout_ros2) by extension 'ignore'
[0.179s] Level 1:colcon.colcon_core.package_identification:_identify(src/scout_ros2) by extension 'ignore_ament_install'
[0.179s] Level 1:colcon.colcon_core.package_identification:_identify(src/scout_ros2) by extensions ['colcon_pkg']
[0.179s] Level 1:colcon.colcon_core.package_identification:_identify(src/scout_ros2) by extension 'colcon_pkg'
[0.179s] Level 1:colcon.colcon_core.package_identification:_identify(src/scout_ros2) by extensions ['colcon_meta']
[0.179s] Level 1:colcon.colcon_core.package_identification:_identify(src/scout_ros2) by extension 'colcon_meta'
[0.179s] Level 1:colcon.colcon_core.package_identification:_identify(src/scout_ros2) by extensions ['ros']
[0.179s] Level 1:colcon.colcon_core.package_identification:_identify(src/scout_ros2) by extension 'ros'
[0.179s] Level 1:colcon.colcon_core.package_identification:_identify(src/scout_ros2) by extensions ['cmake', 'python']
[0.179s] Level 1:colcon.colcon_core.package_identification:_identify(src/scout_ros2) by extension 'cmake'
[0.179s] Level 1:colcon.colcon_core.package_identification:_identify(src/scout_ros2) by extension 'python'
[0.179s] Level 1:colcon.colcon_core.package_identification:_identify(src/scout_ros2) by extensions ['python_setup_py']
[0.179s] Level 1:colcon.colcon_core.package_identification:_identify(src/scout_ros2) by extension 'python_setup_py'
[0.179s] Level 1:colcon.colcon_core.package_identification:_identify(src/scout_ros2/scout_base) by extensions ['ignore', 'ignore_ament_install']
[0.179s] Level 1:colcon.colcon_core.package_identification:_identify(src/scout_ros2/scout_base) by extension 'ignore'
[0.179s] Level 1:colcon.colcon_core.package_identification:_identify(src/scout_ros2/scout_base) by extension 'ignore_ament_install'
[0.179s] Level 1:colcon.colcon_core.package_identification:_identify(src/scout_ros2/scout_base) by extensions ['colcon_pkg']
[0.179s] Level 1:colcon.colcon_core.package_identification:_identify(src/scout_ros2/scout_base) by extension 'colcon_pkg'
[0.179s] Level 1:colcon.colcon_core.package_identification:_identify(src/scout_ros2/scout_base) by extensions ['colcon_meta']
[0.179s] Level 1:colcon.colcon_core.package_identification:_identify(src/scout_ros2/scout_base) by extension 'colcon_meta'
[0.179s] Level 1:colcon.colcon_core.package_identification:_identify(src/scout_ros2/scout_base) by extensions ['ros']
[0.179s] Level 1:colcon.colcon_core.package_identification:_identify(src/scout_ros2/scout_base) by extension 'ros'
[0.180s] DEBUG:colcon.colcon_core.package_identification:Package 'src/scout_ros2/scout_base' with type 'ros.ament_cmake' and name 'scout_base'
[0.180s] Level 1:colcon.colcon_core.package_identification:_identify(src/scout_ros2/scout_description) by extensions ['ignore', 'ignore_ament_install']
[0.180s] Level 1:colcon.colcon_core.package_identification:_identify(src/scout_ros2/scout_description) by extension 'ignore'
[0.180s] Level 1:colcon.colcon_core.package_identification:_identify(src/scout_ros2/scout_description) by extension 'ignore_ament_install'
[0.180s] Level 1:colcon.colcon_core.package_identification:_identify(src/scout_ros2/scout_description) by extensions ['colcon_pkg']
[0.180s] Level 1:colcon.colcon_core.package_identification:_identify(src/scout_ros2/scout_description) by extension 'colcon_pkg'
[0.180s] Level 1:colcon.colcon_core.package_identification:_identify(src/scout_ros2/scout_description) by extensions ['colcon_meta']
[0.180s] Level 1:colcon.colcon_core.package_identification:_identify(src/scout_ros2/scout_description) by extension 'colcon_meta'
[0.180s] Level 1:colcon.colcon_core.package_identification:_identify(src/scout_ros2/scout_description) by extensions ['ros']
[0.180s] Level 1:colcon.colcon_core.package_identification:_identify(src/scout_ros2/scout_description) by extension 'ros'
[0.181s] DEBUG:colcon.colcon_core.package_identification:Package 'src/scout_ros2/scout_description' with type 'ros.ament_cmake' and name 'scout_description'
[0.181s] Level 1:colcon.colcon_core.package_identification:_identify(src/scout_ros2/scout_msgs) by extensions ['ignore', 'ignore_ament_install']
[0.181s] Level 1:colcon.colcon_core.package_identification:_identify(src/scout_ros2/scout_msgs) by extension 'ignore'
[0.181s] Level 1:colcon.colcon_core.package_identification:_identify(src/scout_ros2/scout_msgs) by extension 'ignore_ament_install'
[0.181s] Level 1:colcon.colcon_core.package_identification:_identify(src/scout_ros2/scout_msgs) by extensions ['colcon_pkg']
[0.181s] Level 1:colcon.colcon_core.package_identification:_identify(src/scout_ros2/scout_msgs) by extension 'colcon_pkg'
[0.181s] Level 1:colcon.colcon_core.package_identification:_identify(src/scout_ros2/scout_msgs) by extensions ['colcon_meta']
[0.181s] Level 1:colcon.colcon_core.package_identification:_identify(src/scout_ros2/scout_msgs) by extension 'colcon_meta'
[0.181s] Level 1:colcon.colcon_core.package_identification:_identify(src/scout_ros2/scout_msgs) by extensions ['ros']
[0.181s] Level 1:colcon.colcon_core.package_identification:_identify(src/scout_ros2/scout_msgs) by extension 'ros'
[0.181s] DEBUG:colcon.colcon_core.package_identification:Package 'src/scout_ros2/scout_msgs' with type 'ros.ament_cmake' and name 'scout_msgs'
[0.181s] Level 1:colcon.colcon_core.package_identification:_identify(src/scout_slam) by extensions ['ignore', 'ignore_ament_install']
[0.181s] Level 1:colcon.colcon_core.package_identification:_identify(src/scout_slam) by extension 'ignore'
[0.181s] Level 1:colcon.colcon_core.package_identification:_identify(src/scout_slam) by extension 'ignore_ament_install'
[0.181s] Level 1:colcon.colcon_core.package_identification:_identify(src/scout_slam) by extensions ['colcon_pkg']
[0.181s] Level 1:colcon.colcon_core.package_identification:_identify(src/scout_slam) by extension 'colcon_pkg'
[0.181s] Level 1:colcon.colcon_core.package_identification:_identify(src/scout_slam) by extensions ['colcon_meta']
[0.181s] Level 1:colcon.colcon_core.package_identification:_identify(src/scout_slam) by extension 'colcon_meta'
[0.181s] Level 1:colcon.colcon_core.package_identification:_identify(src/scout_slam) by extensions ['ros']
[0.181s] Level 1:colcon.colcon_core.package_identification:_identify(src/scout_slam) by extension 'ros'
[0.182s] DEBUG:colcon.colcon_core.package_identification:Package 'src/scout_slam' with type 'ros.ament_python' and name 'scout_slam'
[0.182s] Level 1:colcon.colcon_core.package_identification:_identify(src/ugv_sdk) by extensions ['ignore', 'ignore_ament_install']
[0.182s] Level 1:colcon.colcon_core.package_identification:_identify(src/ugv_sdk) by extension 'ignore'
[0.182s] Level 1:colcon.colcon_core.package_identification:_identify(src/ugv_sdk) by extension 'ignore_ament_install'
[0.182s] Level 1:colcon.colcon_core.package_identification:_identify(src/ugv_sdk) by extensions ['colcon_pkg']
[0.182s] Level 1:colcon.colcon_core.package_identification:_identify(src/ugv_sdk) by extension 'colcon_pkg'
[0.182s] Level 1:colcon.colcon_core.package_identification:_identify(src/ugv_sdk) by extensions ['colcon_meta']
[0.182s] Level 1:colcon.colcon_core.package_identification:_identify(src/ugv_sdk) by extension 'colcon_meta'
[0.182s] Level 1:colcon.colcon_core.package_identification:_identify(src/ugv_sdk) by extensions ['ros']
[0.182s] Level 1:colcon.colcon_core.package_identification:_identify(src/ugv_sdk) by extension 'ros'
[0.183s] DEBUG:colcon.colcon_core.package_identification:Package 'src/ugv_sdk' with type 'ros.catkin' and name 'ugv_sdk'
[0.183s] Level 1:colcon.colcon_core.package_discovery:discover_packages(recursive) using defaults
[0.183s] Level 1:colcon.colcon_core.package_discovery:discover_packages(ignore) discover
[0.183s] Level 1:colcon.colcon_core.package_discovery:discover_packages(ignore) using defaults
[0.183s] Level 1:colcon.colcon_core.package_discovery:discover_packages(path) discover
[0.183s] Level 1:colcon.colcon_core.package_discovery:discover_packages(path) using defaults
[0.195s] Level 1:colcon.colcon_core.package_discovery:discover_packages(prefix_path) check parameters
[0.195s] Level 1:colcon.colcon_core.package_discovery:discover_packages(prefix_path) discover
[0.195s] WARNING:colcon.colcon_ros.prefix_path.ament:The path '/home/beto/ROS_PROJECTS/scout/install/scout_base' in the environment variable AMENT_PREFIX_PATH doesn't exist
[0.196s] WARNING:colcon.colcon_ros.prefix_path.ament:The path '/home/beto/ROS_PROJECTS/scout/install/scout_slam' in the environment variable AMENT_PREFIX_PATH doesn't exist
[0.196s] WARNING:colcon.colcon_ros.prefix_path.ament:The path '/home/beto/ROS_PROJECTS/scout/install/scout_msgs' in the environment variable AMENT_PREFIX_PATH doesn't exist
[0.196s] WARNING:colcon.colcon_ros.prefix_path.ament:The path '/home/beto/ROS_PROJECTS/scout/install/scout_description' in the environment variable AMENT_PREFIX_PATH doesn't exist
[0.196s] WARNING:colcon.colcon_ros.prefix_path.ament:The path '/home/beto/ROS_PROJECTS/scout/install/gaurd_bot' in the environment variable AMENT_PREFIX_PATH doesn't exist
[0.196s] WARNING:colcon.colcon_ros.prefix_path.catkin:The path '/home/beto/ROS_PROJECTS/scout/install/scout_base' in the environment variable CMAKE_PREFIX_PATH doesn't exist
[0.196s] WARNING:colcon.colcon_ros.prefix_path.catkin:The path '/home/beto/ROS_PROJECTS/scout/install/ugv_sdk' in the environment variable CMAKE_PREFIX_PATH doesn't exist
[0.196s] WARNING:colcon.colcon_ros.prefix_path.catkin:The path '/home/beto/ROS_PROJECTS/scout/install/scout_msgs' in the environment variable CMAKE_PREFIX_PATH doesn't exist
[0.196s] WARNING:colcon.colcon_ros.prefix_path.catkin:The path '/home/beto/ROS_PROJECTS/scout/install/scout_description' in the environment variable CMAKE_PREFIX_PATH doesn't exist
[0.196s] DEBUG:colcon.colcon_installed_package_information.package_discovery:Found 0 installed packages in /home/beto/ROS_PROJECTS/scout/install
[0.197s] DEBUG:colcon.colcon_installed_package_information.package_discovery:Found 318 installed packages in /opt/ros/humble
[0.198s] Level 1:colcon.colcon_core.package_discovery:discover_packages(prefix_path) using defaults
[0.234s] Level 5:colcon.colcon_core.verb:set package 'gaurd_bot' build argument 'cmake_args' from command line to 'None'
[0.234s] Level 5:colcon.colcon_core.verb:set package 'gaurd_bot' build argument 'cmake_target' from command line to 'None'
[0.234s] Level 5:colcon.colcon_core.verb:set package 'gaurd_bot' build argument 'cmake_target_skip_unavailable' from command line to 'False'
[0.234s] Level 5:colcon.colcon_core.verb:set package 'gaurd_bot' build argument 'cmake_clean_cache' from command line to 'False'
[0.234s] Level 5:colcon.colcon_core.verb:set package 'gaurd_bot' build argument 'cmake_clean_first' from command line to 'False'
[0.234s] Level 5:colcon.colcon_core.verb:set package 'gaurd_bot' build argument 'cmake_force_configure' from command line to 'False'
[0.234s] Level 5:colcon.colcon_core.verb:set package 'gaurd_bot' build argument 'ament_cmake_args' from command line to 'None'
[0.234s] Level 5:colcon.colcon_core.verb:set package 'gaurd_bot' build argument 'catkin_cmake_args' from command line to 'None'
[0.234s] Level 5:colcon.colcon_core.verb:set package 'gaurd_bot' build argument 'catkin_skip_building_tests' from command line to 'False'
[0.234s] DEBUG:colcon.colcon_core.verb:Building package 'gaurd_bot' with the following arguments: {'ament_cmake_args': None, 'build_base': '/home/beto/ROS_PROJECTS/scout/build/gaurd_bot', 'catkin_cmake_args': None, 'catkin_skip_building_tests': False, 'cmake_args': None, 'cmake_clean_cache': False, 'cmake_clean_first': False, 'cmake_force_configure': False, 'cmake_target': None, 'cmake_target_skip_unavailable': False, 'install_base': '/home/beto/ROS_PROJECTS/scout/install/gaurd_bot', 'merge_install': False, 'path': '/home/beto/ROS_PROJECTS/scout/src/gaurd_bot', 'symlink_install': False, 'test_result_base': None}
[0.234s] Level 5:colcon.colcon_core.verb:set package 'scout_description' build argument 'cmake_args' from command line to 'None'
[0.234s] Level 5:colcon.colcon_core.verb:set package 'scout_description' build argument 'cmake_target' from command line to 'None'
[0.234s] Level 5:colcon.colcon_core.verb:set package 'scout_description' build argument 'cmake_target_skip_unavailable' from command line to 'False'
[0.234s] Level 5:colcon.colcon_core.verb:set package 'scout_description' build argument 'cmake_clean_cache' from command line to 'False'
[0.234s] Level 5:colcon.colcon_core.verb:set package 'scout_description' build argument 'cmake_clean_first' from command line to 'False'
[0.234s] Level 5:colcon.colcon_core.verb:set package 'scout_description' build argument 'cmake_force_configure' from command line to 'False'
[0.234s] Level 5:colcon.colcon_core.verb:set package 'scout_description' build argument 'ament_cmake_args' from command line to 'None'
[0.234s] Level 5:colcon.colcon_core.verb:set package 'scout_description' build argument 'catkin_cmake_args' from command line to 'None'
[0.234s] Level 5:colcon.colcon_core.verb:set package 'scout_description' build argument 'catkin_skip_building_tests' from command line to 'False'
[0.235s] DEBUG:colcon.colcon_core.verb:Building package 'scout_description' with the following arguments: {'ament_cmake_args': None, 'build_base': '/home/beto/ROS_PROJECTS/scout/build/scout_description', 'catkin_cmake_args': None, 'catkin_skip_building_tests': False, 'cmake_args': None, 'cmake_clean_cache': False, 'cmake_clean_first': False, 'cmake_force_configure': False, 'cmake_target': None, 'cmake_target_skip_unavailable': False, 'install_base': '/home/beto/ROS_PROJECTS/scout/install/scout_description', 'merge_install': False, 'path': '/home/beto/ROS_PROJECTS/scout/src/scout_ros2/scout_description', 'symlink_install': False, 'test_result_base': None}
[0.235s] Level 5:colcon.colcon_core.verb:set package 'scout_msgs' build argument 'cmake_args' from command line to 'None'
[0.235s] Level 5:colcon.colcon_core.verb:set package 'scout_msgs' build argument 'cmake_target' from command line to 'None'
[0.235s] Level 5:colcon.colcon_core.verb:set package 'scout_msgs' build argument 'cmake_target_skip_unavailable' from command line to 'False'
[0.235s] Level 5:colcon.colcon_core.verb:set package 'scout_msgs' build argument 'cmake_clean_cache' from command line to 'False'
[0.235s] Level 5:colcon.colcon_core.verb:set package 'scout_msgs' build argument 'cmake_clean_first' from command line to 'False'
[0.235s] Level 5:colcon.colcon_core.verb:set package 'scout_msgs' build argument 'cmake_force_configure' from command line to 'False'
[0.235s] Level 5:colcon.colcon_core.verb:set package 'scout_msgs' build argument 'ament_cmake_args' from command line to 'None'
[0.235s] Level 5:colcon.colcon_core.verb:set package 'scout_msgs' build argument 'catkin_cmake_args' from command line to 'None'
[0.235s] Level 5:colcon.colcon_core.verb:set package 'scout_msgs' build argument 'catkin_skip_building_tests' from command line to 'False'
[0.235s] DEBUG:colcon.colcon_core.verb:Building package 'scout_msgs' with the following arguments: {'ament_cmake_args': None, 'build_base': '/home/beto/ROS_PROJECTS/scout/build/scout_msgs', 'catkin_cmake_args': None, 'catkin_skip_building_tests': False, 'cmake_args': None, 'cmake_clean_cache': False, 'cmake_clean_first': False, 'cmake_force_configure': False, 'cmake_target': None, 'cmake_target_skip_unavailable': False, 'install_base': '/home/beto/ROS_PROJECTS/scout/install/scout_msgs', 'merge_install': False, 'path': '/home/beto/ROS_PROJECTS/scout/src/scout_ros2/scout_msgs', 'symlink_install': False, 'test_result_base': None}
[0.235s] Level 5:colcon.colcon_core.verb:set package 'scout_slam' build argument 'cmake_args' from command line to 'None'
[0.235s] Level 5:colcon.colcon_core.verb:set package 'scout_slam' build argument 'cmake_target' from command line to 'None'
[0.235s] Level 5:colcon.colcon_core.verb:set package 'scout_slam' build argument 'cmake_target_skip_unavailable' from command line to 'False'
[0.235s] Level 5:colcon.colcon_core.verb:set package 'scout_slam' build argument 'cmake_clean_cache' from command line to 'False'
[0.235s] Level 5:colcon.colcon_core.verb:set package 'scout_slam' build argument 'cmake_clean_first' from command line to 'False'
[0.235s] Level 5:colcon.colcon_core.verb:set package 'scout_slam' build argument 'cmake_force_configure' from command line to 'False'
[0.235s] Level 5:colcon.colcon_core.verb:set package 'scout_slam' build argument 'ament_cmake_args' from command line to 'None'
[0.235s] Level 5:colcon.colcon_core.verb:set package 'scout_slam' build argument 'catkin_cmake_args' from command line to 'None'
[0.235s] Level 5:colcon.colcon_core.verb:set package 'scout_slam' build argument 'catkin_skip_building_tests' from command line to 'False'
[0.235s] DEBUG:colcon.colcon_core.verb:Building package 'scout_slam' with the following arguments: {'ament_cmake_args': None, 'build_base': '/home/beto/ROS_PROJECTS/scout/build/scout_slam', 'catkin_cmake_args': None, 'catkin_skip_building_tests': False, 'cmake_args': None, 'cmake_clean_cache': False, 'cmake_clean_first': False, 'cmake_force_configure': False, 'cmake_target': None, 'cmake_target_skip_unavailable': False, 'install_base': '/home/beto/ROS_PROJECTS/scout/install/scout_slam', 'merge_install': False, 'path': '/home/beto/ROS_PROJECTS/scout/src/scout_slam', 'symlink_install': False, 'test_result_base': None}
[0.236s] Level 5:colcon.colcon_core.verb:set package 'ugv_sdk' build argument 'cmake_args' from command line to 'None'
[0.236s] Level 5:colcon.colcon_core.verb:set package 'ugv_sdk' build argument 'cmake_target' from command line to 'None'
[0.236s] Level 5:colcon.colcon_core.verb:set package 'ugv_sdk' build argument 'cmake_target_skip_unavailable' from command line to 'False'
[0.236s] Level 5:colcon.colcon_core.verb:set package 'ugv_sdk' build argument 'cmake_clean_cache' from command line to 'False'
[0.236s] Level 5:colcon.colcon_core.verb:set package 'ugv_sdk' build argument 'cmake_clean_first' from command line to 'False'
[0.236s] Level 5:colcon.colcon_core.verb:set package 'ugv_sdk' build argument 'cmake_force_configure' from command line to 'False'
[0.236s] Level 5:colcon.colcon_core.verb:set package 'ugv_sdk' build argument 'ament_cmake_args' from command line to 'None'
[0.236s] Level 5:colcon.colcon_core.verb:set package 'ugv_sdk' build argument 'catkin_cmake_args' from command line to 'None'
[0.236s] Level 5:colcon.colcon_core.verb:set package 'ugv_sdk' build argument 'catkin_skip_building_tests' from command line to 'False'
[0.236s] DEBUG:colcon.colcon_core.verb:Building package 'ugv_sdk' with the following arguments: {'ament_cmake_args': None, 'build_base': '/home/beto/ROS_PROJECTS/scout/build/ugv_sdk', 'catkin_cmake_args': None, 'catkin_skip_building_tests': False, 'cmake_args': None, 'cmake_clean_cache': False, 'cmake_clean_first': False, 'cmake_force_configure': False, 'cmake_target': None, 'cmake_target_skip_unavailable': False, 'install_base': '/home/beto/ROS_PROJECTS/scout/install/ugv_sdk', 'merge_install': False, 'path': '/home/beto/ROS_PROJECTS/scout/src/ugv_sdk', 'symlink_install': False, 'test_result_base': None}
[0.236s] Level 5:colcon.colcon_core.verb:set package 'scout_base' build argument 'cmake_args' from command line to 'None'
[0.236s] Level 5:colcon.colcon_core.verb:set package 'scout_base' build argument 'cmake_target' from command line to 'None'
[0.236s] Level 5:colcon.colcon_core.verb:set package 'scout_base' build argument 'cmake_target_skip_unavailable' from command line to 'False'
[0.236s] Level 5:colcon.colcon_core.verb:set package 'scout_base' build argument 'cmake_clean_cache' from command line to 'False'
[0.236s] Level 5:colcon.colcon_core.verb:set package 'scout_base' build argument 'cmake_clean_first' from command line to 'False'
[0.236s] Level 5:colcon.colcon_core.verb:set package 'scout_base' build argument 'cmake_force_configure' from command line to 'False'
[0.236s] Level 5:colcon.colcon_core.verb:set package 'scout_base' build argument 'ament_cmake_args' from command line to 'None'
[0.236s] Level 5:colcon.colcon_core.verb:set package 'scout_base' build argument 'catkin_cmake_args' from command line to 'None'
[0.236s] Level 5:colcon.colcon_core.verb:set package 'scout_base' build argument 'catkin_skip_building_tests' from command line to 'False'
[0.236s] DEBUG:colcon.colcon_core.verb:Building package 'scout_base' with the following arguments: {'ament_cmake_args': None, 'build_base': '/home/beto/ROS_PROJECTS/scout/build/scout_base', 'catkin_cmake_args': None, 'catkin_skip_building_tests': False, 'cmake_args': None, 'cmake_clean_cache': False, 'cmake_clean_first': False, 'cmake_force_configure': False, 'cmake_target': None, 'cmake_target_skip_unavailable': False, 'install_base': '/home/beto/ROS_PROJECTS/scout/install/scout_base', 'merge_install': False, 'path': '/home/beto/ROS_PROJECTS/scout/src/scout_ros2/scout_base', 'symlink_install': False, 'test_result_base': None}
[0.236s] INFO:colcon.colcon_core.executor:Executing jobs using 'parallel' executor
[0.237s] DEBUG:colcon.colcon_parallel_executor.executor.parallel:run_until_complete
[0.238s] INFO:colcon.colcon_ros.task.ament_cmake.build:Building ROS package in '/home/beto/ROS_PROJECTS/scout/src/scout_ros2/scout_msgs' with build type 'ament_cmake'
[0.238s] INFO:colcon.colcon_cmake.task.cmake.build:Building CMake package in '/home/beto/ROS_PROJECTS/scout/src/scout_ros2/scout_msgs'
[0.239s] INFO:colcon.colcon_core.plugin_system:Skipping extension 'colcon_core.shell.bat': Not used on non-Windows systems
[0.239s] INFO:colcon.colcon_core.shell:Skip shell extension 'powershell' for command environment: Not usable outside of PowerShell
[0.239s] DEBUG:colcon.colcon_core.shell:Skip shell extension 'dsv' for command environment
[0.242s] INFO:colcon.colcon_ros.task.catkin.build:Building ROS package in '/home/beto/ROS_PROJECTS/scout/src/ugv_sdk' with build type 'catkin'
[0.242s] INFO:colcon.colcon_cmake.task.cmake.build:Building CMake package in '/home/beto/ROS_PROJECTS/scout/src/ugv_sdk'
[0.242s] INFO:colcon.colcon_core.shell:Skip shell extension 'powershell' for command environment: Not usable outside of PowerShell
[0.242s] DEBUG:colcon.colcon_core.shell:Skip shell extension 'dsv' for command environment
[0.246s] INFO:colcon.colcon_ros.task.ament_python.build:Building ROS package in '/home/beto/ROS_PROJECTS/scout/src/gaurd_bot' with build type 'ament_python'
[0.246s] Level 1:colcon.colcon_core.shell:create_environment_hook('gaurd_bot', 'ament_prefix_path')
[0.247s] INFO:colcon.colcon_core.shell:Creating environment hook '/home/beto/ROS_PROJECTS/scout/install/gaurd_bot/share/gaurd_bot/hook/ament_prefix_path.ps1'
[0.248s] INFO:colcon.colcon_core.shell:Creating environment descriptor '/home/beto/ROS_PROJECTS/scout/install/gaurd_bot/share/gaurd_bot/hook/ament_prefix_path.dsv'
[0.248s] INFO:colcon.colcon_core.shell:Creating environment hook '/home/beto/ROS_PROJECTS/scout/install/gaurd_bot/share/gaurd_bot/hook/ament_prefix_path.sh'
[0.249s] INFO:colcon.colcon_core.shell:Skip shell extension 'powershell' for command environment: Not usable outside of PowerShell
[0.249s] DEBUG:colcon.colcon_core.shell:Skip shell extension 'dsv' for command environment
[0.251s] INFO:colcon.colcon_ros.task.ament_cmake.build:Building ROS package in '/home/beto/ROS_PROJECTS/scout/src/scout_ros2/scout_description' with build type 'ament_cmake'
[0.251s] INFO:colcon.colcon_cmake.task.cmake.build:Building CMake package in '/home/beto/ROS_PROJECTS/scout/src/scout_ros2/scout_description'
[0.251s] INFO:colcon.colcon_core.shell:Skip shell extension 'powershell' for command environment: Not usable outside of PowerShell
[0.251s] DEBUG:colcon.colcon_core.shell:Skip shell extension 'dsv' for command environment
[0.254s] INFO:colcon.colcon_ros.task.ament_python.build:Building ROS package in '/home/beto/ROS_PROJECTS/scout/src/scout_slam' with build type 'ament_python'
[0.255s] Level 1:colcon.colcon_core.shell:create_environment_hook('scout_slam', 'ament_prefix_path')
[0.255s] INFO:colcon.colcon_core.shell:Creating environment hook '/home/beto/ROS_PROJECTS/scout/install/scout_slam/share/scout_slam/hook/ament_prefix_path.ps1'
[0.256s] INFO:colcon.colcon_core.shell:Creating environment descriptor '/home/beto/ROS_PROJECTS/scout/install/scout_slam/share/scout_slam/hook/ament_prefix_path.dsv'
[0.256s] INFO:colcon.colcon_core.shell:Creating environment hook '/home/beto/ROS_PROJECTS/scout/install/scout_slam/share/scout_slam/hook/ament_prefix_path.sh'
[0.257s] INFO:colcon.colcon_core.shell:Skip shell extension 'powershell' for command environment: Not usable outside of PowerShell
[0.257s] DEBUG:colcon.colcon_core.shell:Skip shell extension 'dsv' for command environment
[0.266s] DEBUG:colcon.colcon_core.event_handler.log_command:Invoking command in '/home/beto/ROS_PROJECTS/scout/build/scout_msgs': CMAKE_PREFIX_PATH=${CMAKE_PREFIX_PATH}:/home/beto/ROS_PROJECTS/scout/install/scout_slam:/home/beto/ROS_PROJECTS/scout/install/gaurd_bot:/opt/ros/humble /usr/bin/cmake /home/beto/ROS_PROJECTS/scout/src/scout_ros2/scout_msgs -DCMAKE_INSTALL_PREFIX=/home/beto/ROS_PROJECTS/scout/install/scout_msgs
[0.268s] DEBUG:colcon.colcon_core.event_handler.log_command:Invoking command in '/home/beto/ROS_PROJECTS/scout/build/ugv_sdk': /usr/bin/cmake /home/beto/ROS_PROJECTS/scout/src/ugv_sdk -DCATKIN_INSTALL_INTO_PREFIX_ROOT=0 -DCMAKE_INSTALL_PREFIX=/home/beto/ROS_PROJECTS/scout/install/ugv_sdk
[0.491s] INFO:colcon.colcon_core.task.python.build:Building Python package in '/home/beto/ROS_PROJECTS/scout/src/gaurd_bot'
[0.492s] INFO:colcon.colcon_core.shell:Skip shell extension 'powershell' for command environment: Not usable outside of PowerShell
[0.492s] DEBUG:colcon.colcon_core.shell:Skip shell extension 'dsv' for command environment
[0.498s] DEBUG:colcon.colcon_core.event_handler.log_command:Invoking command in '/home/beto/ROS_PROJECTS/scout/build/scout_description': CMAKE_PREFIX_PATH=${CMAKE_PREFIX_PATH}:/home/beto/ROS_PROJECTS/scout/install/scout_slam:/home/beto/ROS_PROJECTS/scout/install/gaurd_bot:/opt/ros/humble /usr/bin/cmake /home/beto/ROS_PROJECTS/scout/src/scout_ros2/scout_description -DCMAKE_INSTALL_PREFIX=/home/beto/ROS_PROJECTS/scout/install/scout_description
[0.752s] INFO:colcon.colcon_core.task.python.build:Building Python package in '/home/beto/ROS_PROJECTS/scout/src/scout_slam'
[0.752s] INFO:colcon.colcon_core.shell:Skip shell extension 'powershell' for command environment: Not usable outside of PowerShell
[0.752s] DEBUG:colcon.colcon_core.shell:Skip shell extension 'dsv' for command environment
[0.762s] DEBUG:colcon.colcon_core.event_handler.log_command:Invoked command in '/home/beto/ROS_PROJECTS/scout/build/ugv_sdk' returned '0': /usr/bin/cmake /home/beto/ROS_PROJECTS/scout/src/ugv_sdk -DCATKIN_INSTALL_INTO_PREFIX_ROOT=0 -DCMAKE_INSTALL_PREFIX=/home/beto/ROS_PROJECTS/scout/install/ugv_sdk
[0.769s] DEBUG:colcon.colcon_core.event_handler.log_command:Invoking command in '/home/beto/ROS_PROJECTS/scout/build/ugv_sdk': /usr/bin/cmake --build /home/beto/ROS_PROJECTS/scout/build/ugv_sdk -- -j20 -l20
[1.235s] DEBUG:colcon.colcon_core.event_handler.log_command:Invoking command in '/home/beto/ROS_PROJECTS/scout/src/scout_slam': PYTHONPATH=/home/beto/ROS_PROJECTS/scout/build/scout_slam/prefix_override:/usr/lib/python3/dist-packages/colcon_core/task/python/colcon_distutils_commands:/home/beto/ROS_PROJECTS/scout/install/scout_slam/lib/python3.10/site-packages:${PYTHONPATH} /usr/bin/python3 -W ignore:setup.py install is deprecated -W ignore:easy_install command is deprecated setup.py egg_info --egg-base ../../build/scout_slam build --build-base /home/beto/ROS_PROJECTS/scout/build/scout_slam/build install --record /home/beto/ROS_PROJECTS/scout/build/scout_slam/install.log --single-version-externally-managed install_data
[1.423s] DEBUG:colcon.colcon_core.event_handler.log_command:Invoking command in '/home/beto/ROS_PROJECTS/scout/src/gaurd_bot': PYTHONPATH=/home/beto/ROS_PROJECTS/scout/build/gaurd_bot/prefix_override:/usr/lib/python3/dist-packages/colcon_core/task/python/colcon_distutils_commands:/home/beto/ROS_PROJECTS/scout/install/gaurd_bot/lib/python3.10/site-packages:${PYTHONPATH} /usr/bin/python3 -W ignore:setup.py install is deprecated -W ignore:easy_install command is deprecated setup.py egg_info --egg-base ../../build/gaurd_bot build --build-base /home/beto/ROS_PROJECTS/scout/build/gaurd_bot/build install --record /home/beto/ROS_PROJECTS/scout/build/gaurd_bot/install.log --single-version-externally-managed install_data
[1.635s] DEBUG:colcon.colcon_core.event_handler.log_command:Invoked command in '/home/beto/ROS_PROJECTS/scout/src/scout_slam' returned '0': PYTHONPATH=/home/beto/ROS_PROJECTS/scout/build/scout_slam/prefix_override:/usr/lib/python3/dist-packages/colcon_core/task/python/colcon_distutils_commands:/home/beto/ROS_PROJECTS/scout/install/scout_slam/lib/python3.10/site-packages:${PYTHONPATH} /usr/bin/python3 -W ignore:setup.py install is deprecated -W ignore:easy_install command is deprecated setup.py egg_info --egg-base ../../build/scout_slam build --build-base /home/beto/ROS_PROJECTS/scout/build/scout_slam/build install --record /home/beto/ROS_PROJECTS/scout/build/scout_slam/install.log --single-version-externally-managed install_data
[1.637s] Level 1:colcon.colcon_core.environment:checking '/home/beto/ROS_PROJECTS/scout/install/scout_slam' for CMake module files
[1.638s] Level 1:colcon.colcon_core.environment:checking '/home/beto/ROS_PROJECTS/scout/install/scout_slam' for CMake config files
[1.638s] Level 1:colcon.colcon_core.environment:checking '/home/beto/ROS_PROJECTS/scout/install/scout_slam/lib'
[1.639s] Level 1:colcon.colcon_core.environment:checking '/home/beto/ROS_PROJECTS/scout/install/scout_slam/bin'
[1.639s] Level 1:colcon.colcon_core.environment:checking '/home/beto/ROS_PROJECTS/scout/install/scout_slam/lib/pkgconfig/scout_slam.pc'
[1.639s] Level 1:colcon.colcon_core.environment:checking '/home/beto/ROS_PROJECTS/scout/install/scout_slam/lib/python3.10/site-packages'
[1.639s] Level 1:colcon.colcon_core.shell:create_environment_hook('scout_slam', 'pythonpath')
[1.640s] INFO:colcon.colcon_core.shell:Creating environment hook '/home/beto/ROS_PROJECTS/scout/install/scout_slam/share/scout_slam/hook/pythonpath.ps1'
[1.641s] INFO:colcon.colcon_core.shell:Creating environment descriptor '/home/beto/ROS_PROJECTS/scout/install/scout_slam/share/scout_slam/hook/pythonpath.dsv'
[1.641s] INFO:colcon.colcon_core.shell:Creating environment hook '/home/beto/ROS_PROJECTS/scout/install/scout_slam/share/scout_slam/hook/pythonpath.sh'
[1.642s] Level 1:colcon.colcon_core.environment:checking '/home/beto/ROS_PROJECTS/scout/install/scout_slam/bin'
[1.642s] Level 1:colcon.colcon_core.environment:create_environment_scripts_only(scout_slam)
[1.642s] INFO:colcon.colcon_core.shell:Creating package script '/home/beto/ROS_PROJECTS/scout/install/scout_slam/share/scout_slam/package.ps1'
[1.643s] INFO:colcon.colcon_core.shell:Creating package descriptor '/home/beto/ROS_PROJECTS/scout/install/scout_slam/share/scout_slam/package.dsv'
[1.644s] INFO:colcon.colcon_core.shell:Creating package script '/home/beto/ROS_PROJECTS/scout/install/scout_slam/share/scout_slam/package.sh'
[1.645s] INFO:colcon.colcon_core.shell:Creating package script '/home/beto/ROS_PROJECTS/scout/install/scout_slam/share/scout_slam/package.bash'
[1.645s] INFO:colcon.colcon_core.shell:Creating package script '/home/beto/ROS_PROJECTS/scout/install/scout_slam/share/scout_slam/package.zsh'
[1.646s] Level 1:colcon.colcon_core.environment:create_file_with_runtime_dependencies(/home/beto/ROS_PROJECTS/scout/install/scout_slam/share/colcon-core/packages/scout_slam)
[2.029s] DEBUG:colcon.colcon_core.event_handler.log_command:Invoked command in '/home/beto/ROS_PROJECTS/scout/build/scout_description' returned '0': CMAKE_PREFIX_PATH=${CMAKE_PREFIX_PATH}:/home/beto/ROS_PROJECTS/scout/install/scout_slam:/home/beto/ROS_PROJECTS/scout/install/gaurd_bot:/opt/ros/humble /usr/bin/cmake /home/beto/ROS_PROJECTS/scout/src/scout_ros2/scout_description -DCMAKE_INSTALL_PREFIX=/home/beto/ROS_PROJECTS/scout/install/scout_description
[2.030s] DEBUG:colcon.colcon_core.event_handler.log_command:Invoking command in '/home/beto/ROS_PROJECTS/scout/build/scout_description': CMAKE_PREFIX_PATH=${CMAKE_PREFIX_PATH}:/home/beto/ROS_PROJECTS/scout/install/scout_slam:/home/beto/ROS_PROJECTS/scout/install/gaurd_bot:/opt/ros/humble /usr/bin/cmake --build /home/beto/ROS_PROJECTS/scout/build/scout_description -- -j20 -l20
[2.091s] DEBUG:colcon.colcon_core.event_handler.log_command:Invoked command in '/home/beto/ROS_PROJECTS/scout/build/scout_description' returned '0': CMAKE_PREFIX_PATH=${CMAKE_PREFIX_PATH}:/home/beto/ROS_PROJECTS/scout/install/scout_slam:/home/beto/ROS_PROJECTS/scout/install/gaurd_bot:/opt/ros/humble /usr/bin/cmake --build /home/beto/ROS_PROJECTS/scout/build/scout_description -- -j20 -l20
[2.101s] DEBUG:colcon.colcon_core.event_handler.log_command:Invoking command in '/home/beto/ROS_PROJECTS/scout/build/scout_description': CMAKE_PREFIX_PATH=${CMAKE_PREFIX_PATH}:/home/beto/ROS_PROJECTS/scout/install/scout_slam:/home/beto/ROS_PROJECTS/scout/install/gaurd_bot:/opt/ros/humble /usr/bin/cmake --install /home/beto/ROS_PROJECTS/scout/build/scout_description
[2.237s] Level 1:colcon.colcon_core.environment:create_environment_scripts_only(scout_description)
[2.237s] Level 1:colcon.colcon_core.environment:checking '/home/beto/ROS_PROJECTS/scout/install/scout_description' for CMake module files
[2.238s] Level 1:colcon.colcon_core.environment:checking '/home/beto/ROS_PROJECTS/scout/install/scout_description' for CMake config files
[2.238s] Level 1:colcon.colcon_core.shell:create_environment_hook('scout_description', 'cmake_prefix_path')
[2.239s] INFO:colcon.colcon_core.shell:Creating environment hook '/home/beto/ROS_PROJECTS/scout/install/scout_description/share/scout_description/hook/cmake_prefix_path.ps1'
[2.239s] INFO:colcon.colcon_core.shell:Creating environment descriptor '/home/beto/ROS_PROJECTS/scout/install/scout_description/share/scout_description/hook/cmake_prefix_path.dsv'
[2.240s] DEBUG:colcon.colcon_core.event_handler.log_command:Invoked command in '/home/beto/ROS_PROJECTS/scout/build/scout_description' returned '0': CMAKE_PREFIX_PATH=${CMAKE_PREFIX_PATH}:/home/beto/ROS_PROJECTS/scout/install/scout_slam:/home/beto/ROS_PROJECTS/scout/install/gaurd_bot:/opt/ros/humble /usr/bin/cmake --install /home/beto/ROS_PROJECTS/scout/build/scout_description
[2.240s] INFO:colcon.colcon_core.shell:Creating environment hook '/home/beto/ROS_PROJECTS/scout/install/scout_description/share/scout_description/hook/cmake_prefix_path.sh'
[2.241s] Level 1:colcon.colcon_core.environment:checking '/home/beto/ROS_PROJECTS/scout/install/scout_description/bin'
[2.241s] Level 1:colcon.colcon_core.environment:checking '/home/beto/ROS_PROJECTS/scout/install/scout_description/lib/pkgconfig/scout_description.pc'
[2.241s] Level 1:colcon.colcon_core.environment:checking '/home/beto/ROS_PROJECTS/scout/install/scout_description/lib/python3.10/site-packages'
[2.241s] Level 1:colcon.colcon_core.environment:checking '/home/beto/ROS_PROJECTS/scout/install/scout_description/bin'
[2.242s] INFO:colcon.colcon_core.shell:Creating package script '/home/beto/ROS_PROJECTS/scout/install/scout_description/share/scout_description/package.ps1'
[2.242s] INFO:colcon.colcon_core.shell:Creating package descriptor '/home/beto/ROS_PROJECTS/scout/install/scout_description/share/scout_description/package.dsv'
[2.243s] INFO:colcon.colcon_core.shell:Creating package script '/home/beto/ROS_PROJECTS/scout/install/scout_description/share/scout_description/package.sh'
[2.244s] INFO:colcon.colcon_core.shell:Creating package script '/home/beto/ROS_PROJECTS/scout/install/scout_description/share/scout_description/package.bash'
[2.244s] INFO:colcon.colcon_core.shell:Creating package script '/home/beto/ROS_PROJECTS/scout/install/scout_description/share/scout_description/package.zsh'
[2.245s] Level 1:colcon.colcon_core.environment:create_file_with_runtime_dependencies(/home/beto/ROS_PROJECTS/scout/install/scout_description/share/colcon-core/packages/scout_description)
[2.246s] Level 1:colcon.colcon_core.environment:create_environment_scripts_only(scout_description)
[2.246s] Level 1:colcon.colcon_core.environment:checking '/home/beto/ROS_PROJECTS/scout/install/scout_description' for CMake module files
[2.246s] Level 1:colcon.colcon_core.environment:checking '/home/beto/ROS_PROJECTS/scout/install/scout_description' for CMake config files
[2.247s] Level 1:colcon.colcon_core.shell:create_environment_hook('scout_description', 'cmake_prefix_path')
[2.248s] INFO:colcon.colcon_core.shell:Creating environment hook '/home/beto/ROS_PROJECTS/scout/install/scout_description/share/scout_description/hook/cmake_prefix_path.ps1'
[2.248s] INFO:colcon.colcon_core.shell:Creating environment descriptor '/home/beto/ROS_PROJECTS/scout/install/scout_description/share/scout_description/hook/cmake_prefix_path.dsv'
[2.249s] INFO:colcon.colcon_core.shell:Creating environment hook '/home/beto/ROS_PROJECTS/scout/install/scout_description/share/scout_description/hook/cmake_prefix_path.sh'
[2.254s] Level 1:colcon.colcon_core.environment:checking '/home/beto/ROS_PROJECTS/scout/install/scout_description/bin'
[2.254s] Level 1:colcon.colcon_core.environment:checking '/home/beto/ROS_PROJECTS/scout/install/scout_description/lib/pkgconfig/scout_description.pc'
[2.254s] Level 1:colcon.colcon_core.environment:checking '/home/beto/ROS_PROJECTS/scout/install/scout_description/lib/python3.10/site-packages'
[2.255s] Level 1:colcon.colcon_core.environment:checking '/home/beto/ROS_PROJECTS/scout/install/scout_description/bin'
[2.255s] INFO:colcon.colcon_core.shell:Creating package script '/home/beto/ROS_PROJECTS/scout/install/scout_description/share/scout_description/package.ps1'
[2.257s] INFO:colcon.colcon_core.shell:Creating package descriptor '/home/beto/ROS_PROJECTS/scout/install/scout_description/share/scout_description/package.dsv'
[2.258s] INFO:colcon.colcon_core.shell:Creating package script '/home/beto/ROS_PROJECTS/scout/install/scout_description/share/scout_description/package.sh'
[2.259s] INFO:colcon.colcon_core.shell:Creating package script '/home/beto/ROS_PROJECTS/scout/install/scout_description/share/scout_description/package.bash'
[2.259s] INFO:colcon.colcon_core.shell:Creating package script '/home/beto/ROS_PROJECTS/scout/install/scout_description/share/scout_description/package.zsh'
[2.260s] Level 1:colcon.colcon_core.environment:create_file_with_runtime_dependencies(/home/beto/ROS_PROJECTS/scout/install/scout_description/share/colcon-core/packages/scout_description)
[2.261s] Level 1:colcon.colcon_core.environment:checking '/home/beto/ROS_PROJECTS/scout/install/gaurd_bot' for CMake module files
[2.262s] DEBUG:colcon.colcon_core.event_handler.log_command:Invoked command in '/home/beto/ROS_PROJECTS/scout/src/gaurd_bot' returned '0': PYTHONPATH=/home/beto/ROS_PROJECTS/scout/build/gaurd_bot/prefix_override:/usr/lib/python3/dist-packages/colcon_core/task/python/colcon_distutils_commands:/home/beto/ROS_PROJECTS/scout/install/gaurd_bot/lib/python3.10/site-packages:${PYTHONPATH} /usr/bin/python3 -W ignore:setup.py install is deprecated -W ignore:easy_install command is deprecated setup.py egg_info --egg-base ../../build/gaurd_bot build --build-base /home/beto/ROS_PROJECTS/scout/build/gaurd_bot/build install --record /home/beto/ROS_PROJECTS/scout/build/gaurd_bot/install.log --single-version-externally-managed install_data
[2.262s] Level 1:colcon.colcon_core.environment:checking '/home/beto/ROS_PROJECTS/scout/install/gaurd_bot' for CMake config files
[2.263s] Level 1:colcon.colcon_core.environment:checking '/home/beto/ROS_PROJECTS/scout/install/gaurd_bot/lib'
[2.263s] Level 1:colcon.colcon_core.environment:checking '/home/beto/ROS_PROJECTS/scout/install/gaurd_bot/bin'
[2.263s] Level 1:colcon.colcon_core.environment:checking '/home/beto/ROS_PROJECTS/scout/install/gaurd_bot/lib/pkgconfig/gaurd_bot.pc'
[2.263s] Level 1:colcon.colcon_core.environment:checking '/home/beto/ROS_PROJECTS/scout/install/gaurd_bot/lib/python3.10/site-packages'
[2.263s] Level 1:colcon.colcon_core.shell:create_environment_hook('gaurd_bot', 'pythonpath')
[2.263s] INFO:colcon.colcon_core.shell:Creating environment hook '/home/beto/ROS_PROJECTS/scout/install/gaurd_bot/share/gaurd_bot/hook/pythonpath.ps1'
[2.264s] INFO:colcon.colcon_core.shell:Creating environment descriptor '/home/beto/ROS_PROJECTS/scout/install/gaurd_bot/share/gaurd_bot/hook/pythonpath.dsv'
[2.264s] INFO:colcon.colcon_core.shell:Creating environment hook '/home/beto/ROS_PROJECTS/scout/install/gaurd_bot/share/gaurd_bot/hook/pythonpath.sh'
[2.265s] Level 1:colcon.colcon_core.environment:checking '/home/beto/ROS_PROJECTS/scout/install/gaurd_bot/bin'
[2.265s] Level 1:colcon.colcon_core.environment:create_environment_scripts_only(gaurd_bot)
[2.265s] INFO:colcon.colcon_core.shell:Creating package script '/home/beto/ROS_PROJECTS/scout/install/gaurd_bot/share/gaurd_bot/package.ps1'
[2.266s] INFO:colcon.colcon_core.shell:Creating package descriptor '/home/beto/ROS_PROJECTS/scout/install/gaurd_bot/share/gaurd_bot/package.dsv'
[2.266s] INFO:colcon.colcon_core.shell:Creating package script '/home/beto/ROS_PROJECTS/scout/install/gaurd_bot/share/gaurd_bot/package.sh'
[2.266s] INFO:colcon.colcon_core.shell:Creating package script '/home/beto/ROS_PROJECTS/scout/install/gaurd_bot/share/gaurd_bot/package.bash'
[2.267s] INFO:colcon.colcon_core.shell:Creating package script '/home/beto/ROS_PROJECTS/scout/install/gaurd_bot/share/gaurd_bot/package.zsh'
[2.267s] Level 1:colcon.colcon_core.environment:create_file_with_runtime_dependencies(/home/beto/ROS_PROJECTS/scout/install/gaurd_bot/share/colcon-core/packages/gaurd_bot)
[4.440s] DEBUG:colcon.colcon_core.event_handler.log_command:Invoked command in '/home/beto/ROS_PROJECTS/scout/build/scout_msgs' returned '0': CMAKE_PREFIX_PATH=${CMAKE_PREFIX_PATH}:/home/beto/ROS_PROJECTS/scout/install/scout_slam:/home/beto/ROS_PROJECTS/scout/install/gaurd_bot:/opt/ros/humble /usr/bin/cmake /home/beto/ROS_PROJECTS/scout/src/scout_ros2/scout_msgs -DCMAKE_INSTALL_PREFIX=/home/beto/ROS_PROJECTS/scout/install/scout_msgs
[4.441s] DEBUG:colcon.colcon_core.event_handler.log_command:Invoking command in '/home/beto/ROS_PROJECTS/scout/build/scout_msgs': CMAKE_PREFIX_PATH=${CMAKE_PREFIX_PATH}:/home/beto/ROS_PROJECTS/scout/install/scout_slam:/home/beto/ROS_PROJECTS/scout/install/gaurd_bot:/opt/ros/humble /usr/bin/cmake --build /home/beto/ROS_PROJECTS/scout/build/scout_msgs -- -j20 -l20
[8.662s] DEBUG:colcon.colcon_core.event_handler.log_command:Invoked command in '/home/beto/ROS_PROJECTS/scout/build/ugv_sdk' returned '0': /usr/bin/cmake --build /home/beto/ROS_PROJECTS/scout/build/ugv_sdk -- -j20 -l20
[8.663s] DEBUG:colcon.colcon_core.event_handler.log_command:Invoking command in '/home/beto/ROS_PROJECTS/scout/build/ugv_sdk': /usr/bin/cmake --install /home/beto/ROS_PROJECTS/scout/build/ugv_sdk
[8.674s] DEBUG:colcon.colcon_core.event_handler.log_command:Invoked command in '/home/beto/ROS_PROJECTS/scout/build/ugv_sdk' returned '0': /usr/bin/cmake --install /home/beto/ROS_PROJECTS/scout/build/ugv_sdk
[8.674s] Level 1:colcon.colcon_core.shell:create_environment_hook('ugv_sdk', 'ros_package_path')
[8.675s] INFO:colcon.colcon_core.shell:Creating environment hook '/home/beto/ROS_PROJECTS/scout/install/ugv_sdk/share/ugv_sdk/hook/ros_package_path.ps1'
[8.675s] INFO:colcon.colcon_core.shell:Creating environment descriptor '/home/beto/ROS_PROJECTS/scout/install/ugv_sdk/share/ugv_sdk/hook/ros_package_path.dsv'
[8.675s] INFO:colcon.colcon_core.shell:Creating environment hook '/home/beto/ROS_PROJECTS/scout/install/ugv_sdk/share/ugv_sdk/hook/ros_package_path.sh'
[8.675s] Level 1:colcon.colcon_core.shell:create_environment_hook('ugv_sdk', 'pkg_config_path')
[8.676s] INFO:colcon.colcon_core.shell:Creating environment hook '/home/beto/ROS_PROJECTS/scout/install/ugv_sdk/share/ugv_sdk/hook/pkg_config_path.ps1'
[8.676s] INFO:colcon.colcon_core.shell:Creating environment descriptor '/home/beto/ROS_PROJECTS/scout/install/ugv_sdk/share/ugv_sdk/hook/pkg_config_path.dsv'
[8.676s] INFO:colcon.colcon_core.shell:Creating environment hook '/home/beto/ROS_PROJECTS/scout/install/ugv_sdk/share/ugv_sdk/hook/pkg_config_path.sh'
[8.678s] Level 1:colcon.colcon_core.shell:create_environment_hook('ugv_sdk', 'pkg_config_path_multiarch')
[8.678s] INFO:colcon.colcon_core.shell:Creating environment hook '/home/beto/ROS_PROJECTS/scout/install/ugv_sdk/share/ugv_sdk/hook/pkg_config_path_multiarch.ps1'
[8.679s] INFO:colcon.colcon_core.shell:Creating environment descriptor '/home/beto/ROS_PROJECTS/scout/install/ugv_sdk/share/ugv_sdk/hook/pkg_config_path_multiarch.dsv'
[8.679s] INFO:colcon.colcon_core.shell:Creating environment hook '/home/beto/ROS_PROJECTS/scout/install/ugv_sdk/share/ugv_sdk/hook/pkg_config_path_multiarch.sh'
[8.680s] Level 1:colcon.colcon_core.environment:create_environment_scripts_only(ugv_sdk)
[8.681s] Level 1:colcon.colcon_core.environment:checking '/home/beto/ROS_PROJECTS/scout/install/ugv_sdk' for CMake module files
[8.681s] Level 1:colcon.colcon_core.environment:checking '/home/beto/ROS_PROJECTS/scout/install/ugv_sdk' for CMake config files
[8.682s] Level 1:colcon.colcon_core.shell:create_environment_hook('ugv_sdk', 'cmake_prefix_path')
[8.682s] INFO:colcon.colcon_core.shell:Creating environment hook '/home/beto/ROS_PROJECTS/scout/install/ugv_sdk/share/ugv_sdk/hook/cmake_prefix_path.ps1'
[8.682s] INFO:colcon.colcon_core.shell:Creating environment descriptor '/home/beto/ROS_PROJECTS/scout/install/ugv_sdk/share/ugv_sdk/hook/cmake_prefix_path.dsv'
[8.683s] INFO:colcon.colcon_core.shell:Creating environment hook '/home/beto/ROS_PROJECTS/scout/install/ugv_sdk/share/ugv_sdk/hook/cmake_prefix_path.sh'
[8.683s] Level 1:colcon.colcon_core.environment:checking '/home/beto/ROS_PROJECTS/scout/install/ugv_sdk/lib'
[8.683s] Level 1:colcon.colcon_core.environment:checking '/home/beto/ROS_PROJECTS/scout/install/ugv_sdk/bin'
[8.683s] Level 1:colcon.colcon_core.environment:checking '/home/beto/ROS_PROJECTS/scout/install/ugv_sdk/lib/pkgconfig/ugv_sdk.pc'
[8.684s] Level 1:colcon.colcon_core.environment:checking '/home/beto/ROS_PROJECTS/scout/install/ugv_sdk/lib/python3.10/site-packages'
[8.684s] Level 1:colcon.colcon_core.environment:checking '/home/beto/ROS_PROJECTS/scout/install/ugv_sdk/bin'
[8.684s] INFO:colcon.colcon_core.shell:Creating package script '/home/beto/ROS_PROJECTS/scout/install/ugv_sdk/share/ugv_sdk/package.ps1'
[8.685s] INFO:colcon.colcon_core.shell:Creating package descriptor '/home/beto/ROS_PROJECTS/scout/install/ugv_sdk/share/ugv_sdk/package.dsv'
[8.685s] INFO:colcon.colcon_core.shell:Creating package script '/home/beto/ROS_PROJECTS/scout/install/ugv_sdk/share/ugv_sdk/package.sh'
[8.686s] INFO:colcon.colcon_core.shell:Creating package script '/home/beto/ROS_PROJECTS/scout/install/ugv_sdk/share/ugv_sdk/package.bash'
[8.686s] INFO:colcon.colcon_core.shell:Creating package script '/home/beto/ROS_PROJECTS/scout/install/ugv_sdk/share/ugv_sdk/package.zsh'
[8.686s] Level 1:colcon.colcon_core.environment:create_file_with_runtime_dependencies(/home/beto/ROS_PROJECTS/scout/install/ugv_sdk/share/colcon-core/packages/ugv_sdk)
[9.050s] DEBUG:colcon.colcon_core.event_handler.log_command:Invoked command in '/home/beto/ROS_PROJECTS/scout/build/scout_msgs' returned '0': CMAKE_PREFIX_PATH=${CMAKE_PREFIX_PATH}:/home/beto/ROS_PROJECTS/scout/install/scout_slam:/home/beto/ROS_PROJECTS/scout/install/gaurd_bot:/opt/ros/humble /usr/bin/cmake --build /home/beto/ROS_PROJECTS/scout/build/scout_msgs -- -j20 -l20
[9.051s] DEBUG:colcon.colcon_core.event_handler.log_command:Invoking command in '/home/beto/ROS_PROJECTS/scout/build/scout_msgs': CMAKE_PREFIX_PATH=${CMAKE_PREFIX_PATH}:/home/beto/ROS_PROJECTS/scout/install/scout_slam:/home/beto/ROS_PROJECTS/scout/install/gaurd_bot:/opt/ros/humble /usr/bin/cmake --install /home/beto/ROS_PROJECTS/scout/build/scout_msgs
[9.177s] Level 1:colcon.colcon_core.environment:create_environment_scripts_only(scout_msgs)
[9.177s] Level 1:colcon.colcon_core.environment:checking '/home/beto/ROS_PROJECTS/scout/install/scout_msgs' for CMake module files
[9.178s] DEBUG:colcon.colcon_core.event_handler.log_command:Invoked command in '/home/beto/ROS_PROJECTS/scout/build/scout_msgs' returned '0': CMAKE_PREFIX_PATH=${CMAKE_PREFIX_PATH}:/home/beto/ROS_PROJECTS/scout/install/scout_slam:/home/beto/ROS_PROJECTS/scout/install/gaurd_bot:/opt/ros/humble /usr/bin/cmake --install /home/beto/ROS_PROJECTS/scout/build/scout_msgs
[9.178s] Level 1:colcon.colcon_core.environment:checking '/home/beto/ROS_PROJECTS/scout/install/scout_msgs' for CMake config files
[9.178s] Level 1:colcon.colcon_core.shell:create_environment_hook('scout_msgs', 'cmake_prefix_path')
[9.179s] INFO:colcon.colcon_core.shell:Creating environment hook '/home/beto/ROS_PROJECTS/scout/install/scout_msgs/share/scout_msgs/hook/cmake_prefix_path.ps1'
[9.179s] INFO:colcon.colcon_core.shell:Creating environment descriptor '/home/beto/ROS_PROJECTS/scout/install/scout_msgs/share/scout_msgs/hook/cmake_prefix_path.dsv'
[9.179s] INFO:colcon.colcon_core.shell:Creating environment hook '/home/beto/ROS_PROJECTS/scout/install/scout_msgs/share/scout_msgs/hook/cmake_prefix_path.sh'
[9.180s] Level 1:colcon.colcon_core.environment:checking '/home/beto/ROS_PROJECTS/scout/install/scout_msgs/lib'
[9.180s] Level 1:colcon.colcon_core.shell:create_environment_hook('scout_msgs', 'ld_library_path_lib')
[9.180s] INFO:colcon.colcon_core.shell:Creating environment hook '/home/beto/ROS_PROJECTS/scout/install/scout_msgs/share/scout_msgs/hook/ld_library_path_lib.ps1'
[9.180s] INFO:colcon.colcon_core.shell:Creating environment descriptor '/home/beto/ROS_PROJECTS/scout/install/scout_msgs/share/scout_msgs/hook/ld_library_path_lib.dsv'
[9.180s] INFO:colcon.colcon_core.shell:Creating environment hook '/home/beto/ROS_PROJECTS/scout/install/scout_msgs/share/scout_msgs/hook/ld_library_path_lib.sh'
[9.180s] Level 1:colcon.colcon_core.environment:checking '/home/beto/ROS_PROJECTS/scout/install/scout_msgs/bin'
[9.180s] Level 1:colcon.colcon_core.environment:checking '/home/beto/ROS_PROJECTS/scout/install/scout_msgs/lib/pkgconfig/scout_msgs.pc'
[9.181s] Level 1:colcon.colcon_core.environment:checking '/home/beto/ROS_PROJECTS/scout/install/scout_msgs/lib/python3.10/site-packages'
[9.181s] Level 1:colcon.colcon_core.environment:checking '/home/beto/ROS_PROJECTS/scout/install/scout_msgs/bin'
[9.181s] INFO:colcon.colcon_core.shell:Creating package script '/home/beto/ROS_PROJECTS/scout/install/scout_msgs/share/scout_msgs/package.ps1'
[9.181s] INFO:colcon.colcon_core.shell:Creating package descriptor '/home/beto/ROS_PROJECTS/scout/install/scout_msgs/share/scout_msgs/package.dsv'
[9.182s] INFO:colcon.colcon_core.shell:Creating package script '/home/beto/ROS_PROJECTS/scout/install/scout_msgs/share/scout_msgs/package.sh'
[9.182s] INFO:colcon.colcon_core.shell:Creating package script '/home/beto/ROS_PROJECTS/scout/install/scout_msgs/share/scout_msgs/package.bash'
[9.182s] INFO:colcon.colcon_core.shell:Creating package script '/home/beto/ROS_PROJECTS/scout/install/scout_msgs/share/scout_msgs/package.zsh'
[9.182s] Level 1:colcon.colcon_core.environment:create_file_with_runtime_dependencies(/home/beto/ROS_PROJECTS/scout/install/scout_msgs/share/colcon-core/packages/scout_msgs)
[9.183s] Level 1:colcon.colcon_core.environment:create_environment_scripts_only(scout_msgs)
[9.183s] Level 1:colcon.colcon_core.environment:checking '/home/beto/ROS_PROJECTS/scout/install/scout_msgs' for CMake module files
[9.183s] Level 1:colcon.colcon_core.environment:checking '/home/beto/ROS_PROJECTS/scout/install/scout_msgs' for CMake config files
[9.184s] Level 1:colcon.colcon_core.shell:create_environment_hook('scout_msgs', 'cmake_prefix_path')
[9.184s] INFO:colcon.colcon_core.shell:Creating environment hook '/home/beto/ROS_PROJECTS/scout/install/scout_msgs/share/scout_msgs/hook/cmake_prefix_path.ps1'
[9.184s] INFO:colcon.colcon_core.shell:Creating environment descriptor '/home/beto/ROS_PROJECTS/scout/install/scout_msgs/share/scout_msgs/hook/cmake_prefix_path.dsv'
[9.184s] INFO:colcon.colcon_core.shell:Creating environment hook '/home/beto/ROS_PROJECTS/scout/install/scout_msgs/share/scout_msgs/hook/cmake_prefix_path.sh'
[9.184s] Level 1:colcon.colcon_core.environment:checking '/home/beto/ROS_PROJECTS/scout/install/scout_msgs/lib'
[9.185s] Level 1:colcon.colcon_core.shell:create_environment_hook('scout_msgs', 'ld_library_path_lib')
[9.185s] INFO:colcon.colcon_core.shell:Creating environment hook '/home/beto/ROS_PROJECTS/scout/install/scout_msgs/share/scout_msgs/hook/ld_library_path_lib.ps1'
[9.185s] INFO:colcon.colcon_core.shell:Creating environment descriptor '/home/beto/ROS_PROJECTS/scout/install/scout_msgs/share/scout_msgs/hook/ld_library_path_lib.dsv'
[9.185s] INFO:colcon.colcon_core.shell:Creating environment hook '/home/beto/ROS_PROJECTS/scout/install/scout_msgs/share/scout_msgs/hook/ld_library_path_lib.sh'
[9.185s] Level 1:colcon.colcon_core.environment:checking '/home/beto/ROS_PROJECTS/scout/install/scout_msgs/bin'
[9.185s] Level 1:colcon.colcon_core.environment:checking '/home/beto/ROS_PROJECTS/scout/install/scout_msgs/lib/pkgconfig/scout_msgs.pc'
[9.185s] Level 1:colcon.colcon_core.environment:checking '/home/beto/ROS_PROJECTS/scout/install/scout_msgs/lib/python3.10/site-packages'
[9.186s] Level 1:colcon.colcon_core.environment:checking '/home/beto/ROS_PROJECTS/scout/install/scout_msgs/bin'
[9.186s] INFO:colcon.colcon_core.shell:Creating package script '/home/beto/ROS_PROJECTS/scout/install/scout_msgs/share/scout_msgs/package.ps1'
[9.186s] INFO:colcon.colcon_core.shell:Creating package descriptor '/home/beto/ROS_PROJECTS/scout/install/scout_msgs/share/scout_msgs/package.dsv'
[9.191s] INFO:colcon.colcon_core.shell:Creating package script '/home/beto/ROS_PROJECTS/scout/install/scout_msgs/share/scout_msgs/package.sh'
[9.192s] INFO:colcon.colcon_core.shell:Creating package script '/home/beto/ROS_PROJECTS/scout/install/scout_msgs/share/scout_msgs/package.bash'
[9.192s] INFO:colcon.colcon_core.shell:Creating package script '/home/beto/ROS_PROJECTS/scout/install/scout_msgs/share/scout_msgs/package.zsh'
[9.193s] Level 1:colcon.colcon_core.environment:create_file_with_runtime_dependencies(/home/beto/ROS_PROJECTS/scout/install/scout_msgs/share/colcon-core/packages/scout_msgs)
[9.193s] INFO:colcon.colcon_ros.task.ament_cmake.build:Building ROS package in '/home/beto/ROS_PROJECTS/scout/src/scout_ros2/scout_base' with build type 'ament_cmake'
[9.193s] INFO:colcon.colcon_cmake.task.cmake.build:Building CMake package in '/home/beto/ROS_PROJECTS/scout/src/scout_ros2/scout_base'
[9.193s] INFO:colcon.colcon_core.shell:Skip shell extension 'powershell' for command environment: Not usable outside of PowerShell
[9.193s] DEBUG:colcon.colcon_core.shell:Skip shell extension 'dsv' for command environment
[9.206s] DEBUG:colcon.colcon_core.event_handler.log_command:Invoking command in '/home/beto/ROS_PROJECTS/scout/build/scout_base': CMAKE_PREFIX_PATH=/home/beto/ROS_PROJECTS/scout/install/scout_slam:/home/beto/ROS_PROJECTS/scout/install/gaurd_bot:/opt/ros/humble:/home/beto/ROS_PROJECTS/scout/install/ugv_sdk:/home/beto/ROS_PROJECTS/scout/install/scout_msgs:/home/beto/ROS_PROJECTS/scout/install/scout_base:/home/beto/ROS_PROJECTS/scout/install/scout_description /usr/bin/cmake /home/beto/ROS_PROJECTS/scout/src/scout_ros2/scout_base -DCMAKE_INSTALL_PREFIX=/home/beto/ROS_PROJECTS/scout/install/scout_base
[10.780s] DEBUG:colcon.colcon_core.event_handler.log_command:Invoked command in '/home/beto/ROS_PROJECTS/scout/build/scout_base' returned '0': CMAKE_PREFIX_PATH=/home/beto/ROS_PROJECTS/scout/install/scout_slam:/home/beto/ROS_PROJECTS/scout/install/gaurd_bot:/opt/ros/humble:/home/beto/ROS_PROJECTS/scout/install/ugv_sdk:/home/beto/ROS_PROJECTS/scout/install/scout_msgs:/home/beto/ROS_PROJECTS/scout/install/scout_base:/home/beto/ROS_PROJECTS/scout/install/scout_description /usr/bin/cmake /home/beto/ROS_PROJECTS/scout/src/scout_ros2/scout_base -DCMAKE_INSTALL_PREFIX=/home/beto/ROS_PROJECTS/scout/install/scout_base
[10.781s] DEBUG:colcon.colcon_core.event_handler.log_command:Invoking command in '/home/beto/ROS_PROJECTS/scout/build/scout_base': CMAKE_PREFIX_PATH=/home/beto/ROS_PROJECTS/scout/install/scout_slam:/home/beto/ROS_PROJECTS/scout/install/gaurd_bot:/opt/ros/humble:/home/beto/ROS_PROJECTS/scout/install/ugv_sdk:/home/beto/ROS_PROJECTS/scout/install/scout_msgs:/home/beto/ROS_PROJECTS/scout/install/scout_base:/home/beto/ROS_PROJECTS/scout/install/scout_description /usr/bin/cmake --build /home/beto/ROS_PROJECTS/scout/build/scout_base -- -j20 -l20
[20.548s] DEBUG:colcon.colcon_core.event_handler.log_command:Invoked command in '/home/beto/ROS_PROJECTS/scout/build/scout_base' returned '0': CMAKE_PREFIX_PATH=/home/beto/ROS_PROJECTS/scout/install/scout_slam:/home/beto/ROS_PROJECTS/scout/install/gaurd_bot:/opt/ros/humble:/home/beto/ROS_PROJECTS/scout/install/ugv_sdk:/home/beto/ROS_PROJECTS/scout/install/scout_msgs:/home/beto/ROS_PROJECTS/scout/install/scout_base:/home/beto/ROS_PROJECTS/scout/install/scout_description /usr/bin/cmake --build /home/beto/ROS_PROJECTS/scout/build/scout_base -- -j20 -l20
[20.550s] DEBUG:colcon.colcon_core.event_handler.log_command:Invoking command in '/home/beto/ROS_PROJECTS/scout/build/scout_base': CMAKE_PREFIX_PATH=/home/beto/ROS_PROJECTS/scout/install/scout_slam:/home/beto/ROS_PROJECTS/scout/install/gaurd_bot:/opt/ros/humble:/home/beto/ROS_PROJECTS/scout/install/ugv_sdk:/home/beto/ROS_PROJECTS/scout/install/scout_msgs:/home/beto/ROS_PROJECTS/scout/install/scout_base:/home/beto/ROS_PROJECTS/scout/install/scout_description /usr/bin/cmake --install /home/beto/ROS_PROJECTS/scout/build/scout_base
[20.561s] Level 1:colcon.colcon_core.environment:create_environment_scripts_only(scout_base)
[20.561s] Level 1:colcon.colcon_core.environment:checking '/home/beto/ROS_PROJECTS/scout/install/scout_base' for CMake module files
[20.561s] DEBUG:colcon.colcon_core.event_handler.log_command:Invoked command in '/home/beto/ROS_PROJECTS/scout/build/scout_base' returned '0': CMAKE_PREFIX_PATH=/home/beto/ROS_PROJECTS/scout/install/scout_slam:/home/beto/ROS_PROJECTS/scout/install/gaurd_bot:/opt/ros/humble:/home/beto/ROS_PROJECTS/scout/install/ugv_sdk:/home/beto/ROS_PROJECTS/scout/install/scout_msgs:/home/beto/ROS_PROJECTS/scout/install/scout_base:/home/beto/ROS_PROJECTS/scout/install/scout_description /usr/bin/cmake --install /home/beto/ROS_PROJECTS/scout/build/scout_base
[20.562s] Level 1:colcon.colcon_core.environment:checking '/home/beto/ROS_PROJECTS/scout/install/scout_base' for CMake config files
[20.562s] Level 1:colcon.colcon_core.shell:create_environment_hook('scout_base', 'cmake_prefix_path')
[20.562s] INFO:colcon.colcon_core.shell:Creating environment hook '/home/beto/ROS_PROJECTS/scout/install/scout_base/share/scout_base/hook/cmake_prefix_path.ps1'
[20.562s] INFO:colcon.colcon_core.shell:Creating environment descriptor '/home/beto/ROS_PROJECTS/scout/install/scout_base/share/scout_base/hook/cmake_prefix_path.dsv'
[20.562s] INFO:colcon.colcon_core.shell:Creating environment hook '/home/beto/ROS_PROJECTS/scout/install/scout_base/share/scout_base/hook/cmake_prefix_path.sh'
[20.563s] Level 1:colcon.colcon_core.environment:checking '/home/beto/ROS_PROJECTS/scout/install/scout_base/lib'
[20.563s] Level 1:colcon.colcon_core.environment:checking '/home/beto/ROS_PROJECTS/scout/install/scout_base/bin'
[20.563s] Level 1:colcon.colcon_core.environment:checking '/home/beto/ROS_PROJECTS/scout/install/scout_base/lib/pkgconfig/scout_base.pc'
[20.563s] Level 1:colcon.colcon_core.environment:checking '/home/beto/ROS_PROJECTS/scout/install/scout_base/lib/python3.10/site-packages'
[20.563s] Level 1:colcon.colcon_core.environment:checking '/home/beto/ROS_PROJECTS/scout/install/scout_base/bin'
[20.563s] INFO:colcon.colcon_core.shell:Creating package script '/home/beto/ROS_PROJECTS/scout/install/scout_base/share/scout_base/package.ps1'
[20.564s] INFO:colcon.colcon_core.shell:Creating package descriptor '/home/beto/ROS_PROJECTS/scout/install/scout_base/share/scout_base/package.dsv'
[20.564s] INFO:colcon.colcon_core.shell:Creating package script '/home/beto/ROS_PROJECTS/scout/install/scout_base/share/scout_base/package.sh'
[20.564s] INFO:colcon.colcon_core.shell:Creating package script '/home/beto/ROS_PROJECTS/scout/install/scout_base/share/scout_base/package.bash'
[20.564s] INFO:colcon.colcon_core.shell:Creating package script '/home/beto/ROS_PROJECTS/scout/install/scout_base/share/scout_base/package.zsh'
[20.564s] Level 1:colcon.colcon_core.environment:create_file_with_runtime_dependencies(/home/beto/ROS_PROJECTS/scout/install/scout_base/share/colcon-core/packages/scout_base)
[20.565s] Level 1:colcon.colcon_core.environment:create_environment_scripts_only(scout_base)
[20.565s] Level 1:colcon.colcon_core.environment:checking '/home/beto/ROS_PROJECTS/scout/install/scout_base' for CMake module files
[20.565s] Level 1:colcon.colcon_core.environment:checking '/home/beto/ROS_PROJECTS/scout/install/scout_base' for CMake config files
[20.565s] Level 1:colcon.colcon_core.shell:create_environment_hook('scout_base', 'cmake_prefix_path')
[20.565s] INFO:colcon.colcon_core.shell:Creating environment hook '/home/beto/ROS_PROJECTS/scout/install/scout_base/share/scout_base/hook/cmake_prefix_path.ps1'
[20.565s] INFO:colcon.colcon_core.shell:Creating environment descriptor '/home/beto/ROS_PROJECTS/scout/install/scout_base/share/scout_base/hook/cmake_prefix_path.dsv'
[20.566s] INFO:colcon.colcon_core.shell:Creating environment hook '/home/beto/ROS_PROJECTS/scout/install/scout_base/share/scout_base/hook/cmake_prefix_path.sh'
[20.566s] Level 1:colcon.colcon_core.environment:checking '/home/beto/ROS_PROJECTS/scout/install/scout_base/lib'
[20.566s] Level 1:colcon.colcon_core.environment:checking '/home/beto/ROS_PROJECTS/scout/install/scout_base/bin'
[20.566s] Level 1:colcon.colcon_core.environment:checking '/home/beto/ROS_PROJECTS/scout/install/scout_base/lib/pkgconfig/scout_base.pc'
[20.566s] Level 1:colcon.colcon_core.environment:checking '/home/beto/ROS_PROJECTS/scout/install/scout_base/lib/python3.10/site-packages'
[20.566s] Level 1:colcon.colcon_core.environment:checking '/home/beto/ROS_PROJECTS/scout/install/scout_base/bin'
[20.566s] INFO:colcon.colcon_core.shell:Creating package script '/home/beto/ROS_PROJECTS/scout/install/scout_base/share/scout_base/package.ps1'
[20.567s] INFO:colcon.colcon_core.shell:Creating package descriptor '/home/beto/ROS_PROJECTS/scout/install/scout_base/share/scout_base/package.dsv'
[20.567s] INFO:colcon.colcon_core.shell:Creating package script '/home/beto/ROS_PROJECTS/scout/install/scout_base/share/scout_base/package.sh'
[20.567s] INFO:colcon.colcon_core.shell:Creating package script '/home/beto/ROS_PROJECTS/scout/install/scout_base/share/scout_base/package.bash'
[20.567s] INFO:colcon.colcon_core.shell:Creating package script '/home/beto/ROS_PROJECTS/scout/install/scout_base/share/scout_base/package.zsh'
[20.568s] Level 1:colcon.colcon_core.environment:create_file_with_runtime_dependencies(/home/beto/ROS_PROJECTS/scout/install/scout_base/share/colcon-core/packages/scout_base)
[20.568s] DEBUG:colcon.colcon_parallel_executor.executor.parallel:closing loop
[20.568s] DEBUG:colcon.colcon_parallel_executor.executor.parallel:loop closed
[20.568s] DEBUG:colcon.colcon_parallel_executor.executor.parallel:run_until_complete finished with '0'
[20.568s] DEBUG:colcon.colcon_core.event_reactor:joining thread
[20.574s] INFO:colcon.colcon_core.plugin_system:Skipping extension 'colcon_notification.desktop_notification.terminal_notifier': Not used on non-Darwin systems
[20.574s] INFO:colcon.colcon_core.plugin_system:Skipping extension 'colcon_notification.desktop_notification.win32': Not used on non-Windows systems
[20.575s] INFO:colcon.colcon_notification.desktop_notification:Sending desktop notification using 'notify2'
[20.590s] DEBUG:colcon.colcon_core.event_reactor:joined thread
[20.591s] INFO:colcon.colcon_core.shell:Creating prefix script '/home/beto/ROS_PROJECTS/scout/install/local_setup.ps1'
[20.592s] INFO:colcon.colcon_core.shell:Creating prefix util module '/home/beto/ROS_PROJECTS/scout/install/_local_setup_util_ps1.py'
[20.594s] INFO:colcon.colcon_core.shell:Creating prefix chain script '/home/beto/ROS_PROJECTS/scout/install/setup.ps1'
[20.595s] INFO:colcon.colcon_core.shell:Creating prefix script '/home/beto/ROS_PROJECTS/scout/install/local_setup.sh'
[20.596s] INFO:colcon.colcon_core.shell:Creating prefix util module '/home/beto/ROS_PROJECTS/scout/install/_local_setup_util_sh.py'
[20.596s] INFO:colcon.colcon_core.shell:Creating prefix chain script '/home/beto/ROS_PROJECTS/scout/install/setup.sh'
[20.598s] INFO:colcon.colcon_core.shell:Creating prefix script '/home/beto/ROS_PROJECTS/scout/install/local_setup.bash'
[20.598s] INFO:colcon.colcon_core.shell:Creating prefix chain script '/home/beto/ROS_PROJECTS/scout/install/setup.bash'
[20.599s] INFO:colcon.colcon_core.shell:Creating prefix script '/home/beto/ROS_PROJECTS/scout/install/local_setup.zsh'
[20.600s] INFO:colcon.colcon_core.shell:Creating prefix chain script '/home/beto/ROS_PROJECTS/scout/install/setup.zsh'
