[0.864s] Invoking command in '/home/beto/ROS_PROJECTS/scout/src/scout_slam': PYTHONPATH=/home/beto/ROS_PROJECTS/scout/build/scout_slam/prefix_override:/usr/lib/python3/dist-packages/colcon_core/task/python/colcon_distutils_commands:/home/beto/ROS_PROJECTS/scout/install/scout_slam/lib/python3.10/site-packages:${PYTHONPATH} /usr/bin/python3 -W ignore:setup.py install is deprecated -W ignore:easy_install command is deprecated setup.py egg_info --egg-base ../../build/scout_slam build --build-base /home/beto/ROS_PROJECTS/scout/build/scout_slam/build install --record /home/beto/ROS_PROJECTS/scout/build/scout_slam/install.log --single-version-externally-managed install_data
[1.071s] running egg_info
[1.071s] writing ../../build/scout_slam/scout_slam.egg-info/PKG-INFO
[1.071s] writing dependency_links to ../../build/scout_slam/scout_slam.egg-info/dependency_links.txt
[1.071s] writing entry points to ../../build/scout_slam/scout_slam.egg-info/entry_points.txt
[1.071s] writing requirements to ../../build/scout_slam/scout_slam.egg-info/requires.txt
[1.071s] writing top-level names to ../../build/scout_slam/scout_slam.egg-info/top_level.txt
[1.073s] reading manifest file '../../build/scout_slam/scout_slam.egg-info/SOURCES.txt'
[1.073s] writing manifest file '../../build/scout_slam/scout_slam.egg-info/SOURCES.txt'
[1.073s] running build
[1.073s] running build_py
[1.073s] running install
[1.074s] running install_lib
[1.075s] running install_data
[1.075s] copying launch/slam.launch.py -> /home/beto/ROS_PROJECTS/scout/install/scout_slam/share/scout_slam/launch
[1.075s] running install_egg_info
[1.076s] removing '/home/beto/ROS_PROJECTS/scout/install/scout_slam/lib/python3.10/site-packages/scout_slam-0.0.0-py3.10.egg-info' (and everything under it)
[1.076s] Copying ../../build/scout_slam/scout_slam.egg-info to /home/beto/ROS_PROJECTS/scout/install/scout_slam/lib/python3.10/site-packages/scout_slam-0.0.0-py3.10.egg-info
[1.077s] running install_scripts
[1.104s] writing list of installed files to '/home/beto/ROS_PROJECTS/scout/build/scout_slam/install.log'
[1.135s] Invoked command in '/home/beto/ROS_PROJECTS/scout/src/scout_slam' returned '0': PYTHONPATH=/home/beto/ROS_PROJECTS/scout/build/scout_slam/prefix_override:/usr/lib/python3/dist-packages/colcon_core/task/python/colcon_distutils_commands:/home/beto/ROS_PROJECTS/scout/install/scout_slam/lib/python3.10/site-packages:${PYTHONPATH} /usr/bin/python3 -W ignore:setup.py install is deprecated -W ignore:easy_install command is deprecated setup.py egg_info --egg-base ../../build/scout_slam build --build-base /home/beto/ROS_PROJECTS/scout/build/scout_slam/build install --record /home/beto/ROS_PROJECTS/scout/build/scout_slam/install.log --single-version-externally-managed install_data
