[0.058s] DEBUG:colcon:Command line arguments: ['/usr/bin/colcon', 'build']
[0.058s] DEBUG:colcon:Parsed command line arguments: Namespace(log_base=None, log_level=None, verb_name='build', build_base='build', install_base='install', merge_install=False, symlink_install=False, test_result_base=None, continue_on_error=False, executor='parallel', parallel_workers=20, event_handlers=None, ignore_user_meta=False, metas=['./colcon.meta'], base_paths=['.'], packages_ignore=None, packages_ignore_regex=None, paths=None, packages_up_to=None, packages_up_to_regex=None, packages_above=None, packages_above_and_dependencies=None, packages_above_depth=None, packages_select_by_dep=None, packages_skip_by_dep=None, packages_skip_up_to=None, packages_select_build_failed=False, packages_skip_build_finished=False, packages_select_test_failures=False, packages_skip_test_passed=False, packages_select=None, packages_skip=None, packages_select_regex=None, packages_skip_regex=None, packages_start=None, packages_end=None, allow_overriding=[], cmake_args=None, cmake_target=None, cmake_target_skip_unavailable=False, cmake_clean_cache=False, cmake_clean_first=False, cmake_force_configure=False, ament_cmake_args=None, catkin_cmake_args=None, catkin_skip_building_tests=False, mixin_files=None, mixin=None, verb_parser=<colcon_mixin.mixin.mixin_argument.MixinArgumentDecorator object at 0x7075cb28fee0>, verb_extension=<colcon_core.verb.build.BuildVerb object at 0x7075cb28fa30>, main=<bound method BuildVerb.main of <colcon_core.verb.build.BuildVerb object at 0x7075cb28fa30>>, mixin_verb=('build',))
[0.149s] Level 1:colcon.colcon_core.package_discovery:discover_packages(colcon_meta) check parameters
[0.149s] Level 1:colcon.colcon_core.package_discovery:discover_packages(recursive) check parameters
[0.149s] Level 1:colcon.colcon_core.package_discovery:discover_packages(ignore) check parameters
[0.149s] Level 1:colcon.colcon_core.package_discovery:discover_packages(path) check parameters
[0.149s] Level 1:colcon.colcon_core.package_discovery:discover_packages(colcon_meta) discover
[0.149s] Level 1:colcon.colcon_core.package_discovery:discover_packages(recursive) discover
[0.149s] INFO:colcon.colcon_core.package_discovery:Crawling recursively for packages in '/home/beto/ROS_PROJECTS/scout'
[0.149s] Level 1:colcon.colcon_core.package_identification:_identify(.) by extensions ['ignore', 'ignore_ament_install']
[0.149s] Level 1:colcon.colcon_core.package_identification:_identify(.) by extension 'ignore'
[0.149s] Level 1:colcon.colcon_core.package_identification:_identify(.) by extension 'ignore_ament_install'
[0.149s] Level 1:colcon.colcon_core.package_identification:_identify(.) by extensions ['colcon_pkg']
[0.149s] Level 1:colcon.colcon_core.package_identification:_identify(.) by extension 'colcon_pkg'
[0.149s] Level 1:colcon.colcon_core.package_identification:_identify(.) by extensions ['colcon_meta']
[0.149s] Level 1:colcon.colcon_core.package_identification:_identify(.) by extension 'colcon_meta'
[0.149s] Level 1:colcon.colcon_core.package_identification:_identify(.) by extensions ['ros']
[0.149s] Level 1:colcon.colcon_core.package_identification:_identify(.) by extension 'ros'
[0.156s] Level 1:colcon.colcon_core.package_identification:_identify(.) by extensions ['cmake', 'python']
[0.156s] Level 1:colcon.colcon_core.package_identification:_identify(.) by extension 'cmake'
[0.157s] Level 1:colcon.colcon_core.package_identification:_identify(.) by extension 'python'
[0.157s] Level 1:colcon.colcon_core.package_identification:_identify(.) by extensions ['python_setup_py']
[0.157s] Level 1:colcon.colcon_core.package_identification:_identify(.) by extension 'python_setup_py'
[0.157s] Level 1:colcon.colcon_core.package_identification:_identify(build) by extensions ['ignore', 'ignore_ament_install']
[0.157s] Level 1:colcon.colcon_core.package_identification:_identify(build) by extension 'ignore'
[0.157s] Level 1:colcon.colcon_core.package_identification:_identify(build) ignored
[0.157s] Level 1:colcon.colcon_core.package_identification:_identify(install) by extensions ['ignore', 'ignore_ament_install']
[0.157s] Level 1:colcon.colcon_core.package_identification:_identify(install) by extension 'ignore'
[0.157s] Level 1:colcon.colcon_core.package_identification:_identify(install) ignored
[0.157s] Level 1:colcon.colcon_core.package_identification:_identify(log) by extensions ['ignore', 'ignore_ament_install']
[0.157s] Level 1:colcon.colcon_core.package_identification:_identify(log) by extension 'ignore'
[0.157s] Level 1:colcon.colcon_core.package_identification:_identify(log) ignored
[0.157s] Level 1:colcon.colcon_core.package_identification:_identify(src) by extensions ['ignore', 'ignore_ament_install']
[0.157s] Level 1:colcon.colcon_core.package_identification:_identify(src) by extension 'ignore'
[0.157s] Level 1:colcon.colcon_core.package_identification:_identify(src) by extension 'ignore_ament_install'
[0.157s] Level 1:colcon.colcon_core.package_identification:_identify(src) by extensions ['colcon_pkg']
[0.157s] Level 1:colcon.colcon_core.package_identification:_identify(src) by extension 'colcon_pkg'
[0.157s] Level 1:colcon.colcon_core.package_identification:_identify(src) by extensions ['colcon_meta']
[0.157s] Level 1:colcon.colcon_core.package_identification:_identify(src) by extension 'colcon_meta'
[0.157s] Level 1:colcon.colcon_core.package_identification:_identify(src) by extensions ['ros']
[0.157s] Level 1:colcon.colcon_core.package_identification:_identify(src) by extension 'ros'
[0.157s] Level 1:colcon.colcon_core.package_identification:_identify(src) by extensions ['cmake', 'python']
[0.157s] Level 1:colcon.colcon_core.package_identification:_identify(src) by extension 'cmake'
[0.157s] Level 1:colcon.colcon_core.package_identification:_identify(src) by extension 'python'
[0.157s] Level 1:colcon.colcon_core.package_identification:_identify(src) by extensions ['python_setup_py']
[0.157s] Level 1:colcon.colcon_core.package_identification:_identify(src) by extension 'python_setup_py'
[0.157s] Level 1:colcon.colcon_core.package_identification:_identify(src/gaurd_bot) by extensions ['ignore', 'ignore_ament_install']
[0.157s] Level 1:colcon.colcon_core.package_identification:_identify(src/gaurd_bot) by extension 'ignore'
[0.157s] Level 1:colcon.colcon_core.package_identification:_identify(src/gaurd_bot) by extension 'ignore_ament_install'
[0.157s] Level 1:colcon.colcon_core.package_identification:_identify(src/gaurd_bot) by extensions ['colcon_pkg']
[0.157s] Level 1:colcon.colcon_core.package_identification:_identify(src/gaurd_bot) by extension 'colcon_pkg'
[0.157s] Level 1:colcon.colcon_core.package_identification:_identify(src/gaurd_bot) by extensions ['colcon_meta']
[0.157s] Level 1:colcon.colcon_core.package_identification:_identify(src/gaurd_bot) by extension 'colcon_meta'
[0.157s] Level 1:colcon.colcon_core.package_identification:_identify(src/gaurd_bot) by extensions ['ros']
[0.157s] Level 1:colcon.colcon_core.package_identification:_identify(src/gaurd_bot) by extension 'ros'
[0.165s] DEBUG:colcon.colcon_core.package_identification:Package 'src/gaurd_bot' with type 'ros.ament_python' and name 'gaurd_bot'
[0.165s] Level 1:colcon.colcon_core.package_identification:_identify(src/scout_ros2) by extensions ['ignore', 'ignore_ament_install']
[0.165s] Level 1:colcon.colcon_core.package_identification:_identify(src/scout_ros2) by extension 'ignore'
[0.165s] Level 1:colcon.colcon_core.package_identification:_identify(src/scout_ros2) by extension 'ignore_ament_install'
[0.165s] Level 1:colcon.colcon_core.package_identification:_identify(src/scout_ros2) by extensions ['colcon_pkg']
[0.165s] Level 1:colcon.colcon_core.package_identification:_identify(src/scout_ros2) by extension 'colcon_pkg'
[0.165s] Level 1:colcon.colcon_core.package_identification:_identify(src/scout_ros2) by extensions ['colcon_meta']
[0.165s] Level 1:colcon.colcon_core.package_identification:_identify(src/scout_ros2) by extension 'colcon_meta'
[0.165s] Level 1:colcon.colcon_core.package_identification:_identify(src/scout_ros2) by extensions ['ros']
[0.165s] Level 1:colcon.colcon_core.package_identification:_identify(src/scout_ros2) by extension 'ros'
[0.166s] Level 1:colcon.colcon_core.package_identification:_identify(src/scout_ros2) by extensions ['cmake', 'python']
[0.166s] Level 1:colcon.colcon_core.package_identification:_identify(src/scout_ros2) by extension 'cmake'
[0.166s] Level 1:colcon.colcon_core.package_identification:_identify(src/scout_ros2) by extension 'python'
[0.166s] Level 1:colcon.colcon_core.package_identification:_identify(src/scout_ros2) by extensions ['python_setup_py']
[0.166s] Level 1:colcon.colcon_core.package_identification:_identify(src/scout_ros2) by extension 'python_setup_py'
[0.166s] Level 1:colcon.colcon_core.package_identification:_identify(src/scout_ros2/scout_base) by extensions ['ignore', 'ignore_ament_install']
[0.166s] Level 1:colcon.colcon_core.package_identification:_identify(src/scout_ros2/scout_base) by extension 'ignore'
[0.166s] Level 1:colcon.colcon_core.package_identification:_identify(src/scout_ros2/scout_base) by extension 'ignore_ament_install'
[0.166s] Level 1:colcon.colcon_core.package_identification:_identify(src/scout_ros2/scout_base) by extensions ['colcon_pkg']
[0.166s] Level 1:colcon.colcon_core.package_identification:_identify(src/scout_ros2/scout_base) by extension 'colcon_pkg'
[0.166s] Level 1:colcon.colcon_core.package_identification:_identify(src/scout_ros2/scout_base) by extensions ['colcon_meta']
[0.166s] Level 1:colcon.colcon_core.package_identification:_identify(src/scout_ros2/scout_base) by extension 'colcon_meta'
[0.166s] Level 1:colcon.colcon_core.package_identification:_identify(src/scout_ros2/scout_base) by extensions ['ros']
[0.166s] Level 1:colcon.colcon_core.package_identification:_identify(src/scout_ros2/scout_base) by extension 'ros'
[0.166s] DEBUG:colcon.colcon_core.package_identification:Package 'src/scout_ros2/scout_base' with type 'ros.ament_cmake' and name 'scout_base'
[0.166s] Level 1:colcon.colcon_core.package_identification:_identify(src/scout_ros2/scout_description) by extensions ['ignore', 'ignore_ament_install']
[0.167s] Level 1:colcon.colcon_core.package_identification:_identify(src/scout_ros2/scout_description) by extension 'ignore'
[0.167s] Level 1:colcon.colcon_core.package_identification:_identify(src/scout_ros2/scout_description) by extension 'ignore_ament_install'
[0.167s] Level 1:colcon.colcon_core.package_identification:_identify(src/scout_ros2/scout_description) by extensions ['colcon_pkg']
[0.167s] Level 1:colcon.colcon_core.package_identification:_identify(src/scout_ros2/scout_description) by extension 'colcon_pkg'
[0.167s] Level 1:colcon.colcon_core.package_identification:_identify(src/scout_ros2/scout_description) by extensions ['colcon_meta']
[0.167s] Level 1:colcon.colcon_core.package_identification:_identify(src/scout_ros2/scout_description) by extension 'colcon_meta'
[0.167s] Level 1:colcon.colcon_core.package_identification:_identify(src/scout_ros2/scout_description) by extensions ['ros']
[0.167s] Level 1:colcon.colcon_core.package_identification:_identify(src/scout_ros2/scout_description) by extension 'ros'
[0.167s] DEBUG:colcon.colcon_core.package_identification:Package 'src/scout_ros2/scout_description' with type 'ros.ament_cmake' and name 'scout_description'
[0.167s] Level 1:colcon.colcon_core.package_identification:_identify(src/scout_ros2/scout_msgs) by extensions ['ignore', 'ignore_ament_install']
[0.167s] Level 1:colcon.colcon_core.package_identification:_identify(src/scout_ros2/scout_msgs) by extension 'ignore'
[0.167s] Level 1:colcon.colcon_core.package_identification:_identify(src/scout_ros2/scout_msgs) by extension 'ignore_ament_install'
[0.167s] Level 1:colcon.colcon_core.package_identification:_identify(src/scout_ros2/scout_msgs) by extensions ['colcon_pkg']
[0.167s] Level 1:colcon.colcon_core.package_identification:_identify(src/scout_ros2/scout_msgs) by extension 'colcon_pkg'
[0.167s] Level 1:colcon.colcon_core.package_identification:_identify(src/scout_ros2/scout_msgs) by extensions ['colcon_meta']
[0.167s] Level 1:colcon.colcon_core.package_identification:_identify(src/scout_ros2/scout_msgs) by extension 'colcon_meta'
[0.167s] Level 1:colcon.colcon_core.package_identification:_identify(src/scout_ros2/scout_msgs) by extensions ['ros']
[0.167s] Level 1:colcon.colcon_core.package_identification:_identify(src/scout_ros2/scout_msgs) by extension 'ros'
[0.167s] DEBUG:colcon.colcon_core.package_identification:Package 'src/scout_ros2/scout_msgs' with type 'ros.ament_cmake' and name 'scout_msgs'
[0.167s] Level 1:colcon.colcon_core.package_identification:_identify(src/scout_slam) by extensions ['ignore', 'ignore_ament_install']
[0.167s] Level 1:colcon.colcon_core.package_identification:_identify(src/scout_slam) by extension 'ignore'
[0.168s] Level 1:colcon.colcon_core.package_identification:_identify(src/scout_slam) by extension 'ignore_ament_install'
[0.168s] Level 1:colcon.colcon_core.package_identification:_identify(src/scout_slam) by extensions ['colcon_pkg']
[0.168s] Level 1:colcon.colcon_core.package_identification:_identify(src/scout_slam) by extension 'colcon_pkg'
[0.168s] Level 1:colcon.colcon_core.package_identification:_identify(src/scout_slam) by extensions ['colcon_meta']
[0.168s] Level 1:colcon.colcon_core.package_identification:_identify(src/scout_slam) by extension 'colcon_meta'
[0.168s] Level 1:colcon.colcon_core.package_identification:_identify(src/scout_slam) by extensions ['ros']
[0.168s] Level 1:colcon.colcon_core.package_identification:_identify(src/scout_slam) by extension 'ros'
[0.168s] DEBUG:colcon.colcon_core.package_identification:Package 'src/scout_slam' with type 'ros.ament_python' and name 'scout_slam'
[0.168s] Level 1:colcon.colcon_core.package_identification:_identify(src/ugv_sdk) by extensions ['ignore', 'ignore_ament_install']
[0.168s] Level 1:colcon.colcon_core.package_identification:_identify(src/ugv_sdk) by extension 'ignore'
[0.168s] Level 1:colcon.colcon_core.package_identification:_identify(src/ugv_sdk) by extension 'ignore_ament_install'
[0.168s] Level 1:colcon.colcon_core.package_identification:_identify(src/ugv_sdk) by extensions ['colcon_pkg']
[0.168s] Level 1:colcon.colcon_core.package_identification:_identify(src/ugv_sdk) by extension 'colcon_pkg'
[0.168s] Level 1:colcon.colcon_core.package_identification:_identify(src/ugv_sdk) by extensions ['colcon_meta']
[0.168s] Level 1:colcon.colcon_core.package_identification:_identify(src/ugv_sdk) by extension 'colcon_meta'
[0.168s] Level 1:colcon.colcon_core.package_identification:_identify(src/ugv_sdk) by extensions ['ros']
[0.168s] Level 1:colcon.colcon_core.package_identification:_identify(src/ugv_sdk) by extension 'ros'
[0.169s] DEBUG:colcon.colcon_core.package_identification:Package 'src/ugv_sdk' with type 'ros.catkin' and name 'ugv_sdk'
[0.169s] Level 1:colcon.colcon_core.package_discovery:discover_packages(recursive) using defaults
[0.169s] Level 1:colcon.colcon_core.package_discovery:discover_packages(ignore) discover
[0.169s] Level 1:colcon.colcon_core.package_discovery:discover_packages(ignore) using defaults
[0.169s] Level 1:colcon.colcon_core.package_discovery:discover_packages(path) discover
[0.169s] Level 1:colcon.colcon_core.package_discovery:discover_packages(path) using defaults
[0.180s] Level 1:colcon.colcon_core.package_discovery:discover_packages(prefix_path) check parameters
[0.180s] Level 1:colcon.colcon_core.package_discovery:discover_packages(prefix_path) discover
[0.181s] DEBUG:colcon.colcon_installed_package_information.package_discovery:Found 6 installed packages in /home/beto/ROS_PROJECTS/scout/install
[0.182s] DEBUG:colcon.colcon_installed_package_information.package_discovery:Found 318 installed packages in /opt/ros/humble
[0.183s] Level 1:colcon.colcon_core.package_discovery:discover_packages(prefix_path) using defaults
[0.203s] Level 5:colcon.colcon_core.verb:set package 'gaurd_bot' build argument 'cmake_args' from command line to 'None'
[0.203s] Level 5:colcon.colcon_core.verb:set package 'gaurd_bot' build argument 'cmake_target' from command line to 'None'
[0.203s] Level 5:colcon.colcon_core.verb:set package 'gaurd_bot' build argument 'cmake_target_skip_unavailable' from command line to 'False'
[0.203s] Level 5:colcon.colcon_core.verb:set package 'gaurd_bot' build argument 'cmake_clean_cache' from command line to 'False'
[0.203s] Level 5:colcon.colcon_core.verb:set package 'gaurd_bot' build argument 'cmake_clean_first' from command line to 'False'
[0.203s] Level 5:colcon.colcon_core.verb:set package 'gaurd_bot' build argument 'cmake_force_configure' from command line to 'False'
[0.203s] Level 5:colcon.colcon_core.verb:set package 'gaurd_bot' build argument 'ament_cmake_args' from command line to 'None'
[0.203s] Level 5:colcon.colcon_core.verb:set package 'gaurd_bot' build argument 'catkin_cmake_args' from command line to 'None'
[0.203s] Level 5:colcon.colcon_core.verb:set package 'gaurd_bot' build argument 'catkin_skip_building_tests' from command line to 'False'
[0.203s] DEBUG:colcon.colcon_core.verb:Building package 'gaurd_bot' with the following arguments: {'ament_cmake_args': None, 'build_base': '/home/beto/ROS_PROJECTS/scout/build/gaurd_bot', 'catkin_cmake_args': None, 'catkin_skip_building_tests': False, 'cmake_args': None, 'cmake_clean_cache': False, 'cmake_clean_first': False, 'cmake_force_configure': False, 'cmake_target': None, 'cmake_target_skip_unavailable': False, 'install_base': '/home/beto/ROS_PROJECTS/scout/install/gaurd_bot', 'merge_install': False, 'path': '/home/beto/ROS_PROJECTS/scout/src/gaurd_bot', 'symlink_install': False, 'test_result_base': None}
[0.203s] Level 5:colcon.colcon_core.verb:set package 'scout_description' build argument 'cmake_args' from command line to 'None'
[0.203s] Level 5:colcon.colcon_core.verb:set package 'scout_description' build argument 'cmake_target' from command line to 'None'
[0.203s] Level 5:colcon.colcon_core.verb:set package 'scout_description' build argument 'cmake_target_skip_unavailable' from command line to 'False'
[0.203s] Level 5:colcon.colcon_core.verb:set package 'scout_description' build argument 'cmake_clean_cache' from command line to 'False'
[0.203s] Level 5:colcon.colcon_core.verb:set package 'scout_description' build argument 'cmake_clean_first' from command line to 'False'
[0.203s] Level 5:colcon.colcon_core.verb:set package 'scout_description' build argument 'cmake_force_configure' from command line to 'False'
[0.203s] Level 5:colcon.colcon_core.verb:set package 'scout_description' build argument 'ament_cmake_args' from command line to 'None'
[0.203s] Level 5:colcon.colcon_core.verb:set package 'scout_description' build argument 'catkin_cmake_args' from command line to 'None'
[0.203s] Level 5:colcon.colcon_core.verb:set package 'scout_description' build argument 'catkin_skip_building_tests' from command line to 'False'
[0.203s] DEBUG:colcon.colcon_core.verb:Building package 'scout_description' with the following arguments: {'ament_cmake_args': None, 'build_base': '/home/beto/ROS_PROJECTS/scout/build/scout_description', 'catkin_cmake_args': None, 'catkin_skip_building_tests': False, 'cmake_args': None, 'cmake_clean_cache': False, 'cmake_clean_first': False, 'cmake_force_configure': False, 'cmake_target': None, 'cmake_target_skip_unavailable': False, 'install_base': '/home/beto/ROS_PROJECTS/scout/install/scout_description', 'merge_install': False, 'path': '/home/beto/ROS_PROJECTS/scout/src/scout_ros2/scout_description', 'symlink_install': False, 'test_result_base': None}
[0.203s] Level 5:colcon.colcon_core.verb:set package 'scout_msgs' build argument 'cmake_args' from command line to 'None'
[0.203s] Level 5:colcon.colcon_core.verb:set package 'scout_msgs' build argument 'cmake_target' from command line to 'None'
[0.203s] Level 5:colcon.colcon_core.verb:set package 'scout_msgs' build argument 'cmake_target_skip_unavailable' from command line to 'False'
[0.203s] Level 5:colcon.colcon_core.verb:set package 'scout_msgs' build argument 'cmake_clean_cache' from command line to 'False'
[0.203s] Level 5:colcon.colcon_core.verb:set package 'scout_msgs' build argument 'cmake_clean_first' from command line to 'False'
[0.203s] Level 5:colcon.colcon_core.verb:set package 'scout_msgs' build argument 'cmake_force_configure' from command line to 'False'
[0.203s] Level 5:colcon.colcon_core.verb:set package 'scout_msgs' build argument 'ament_cmake_args' from command line to 'None'
[0.203s] Level 5:colcon.colcon_core.verb:set package 'scout_msgs' build argument 'catkin_cmake_args' from command line to 'None'
[0.204s] Level 5:colcon.colcon_core.verb:set package 'scout_msgs' build argument 'catkin_skip_building_tests' from command line to 'False'
[0.204s] DEBUG:colcon.colcon_core.verb:Building package 'scout_msgs' with the following arguments: {'ament_cmake_args': None, 'build_base': '/home/beto/ROS_PROJECTS/scout/build/scout_msgs', 'catkin_cmake_args': None, 'catkin_skip_building_tests': False, 'cmake_args': None, 'cmake_clean_cache': False, 'cmake_clean_first': False, 'cmake_force_configure': False, 'cmake_target': None, 'cmake_target_skip_unavailable': False, 'install_base': '/home/beto/ROS_PROJECTS/scout/install/scout_msgs', 'merge_install': False, 'path': '/home/beto/ROS_PROJECTS/scout/src/scout_ros2/scout_msgs', 'symlink_install': False, 'test_result_base': None}
[0.204s] Level 5:colcon.colcon_core.verb:set package 'scout_slam' build argument 'cmake_args' from command line to 'None'
[0.204s] Level 5:colcon.colcon_core.verb:set package 'scout_slam' build argument 'cmake_target' from command line to 'None'
[0.204s] Level 5:colcon.colcon_core.verb:set package 'scout_slam' build argument 'cmake_target_skip_unavailable' from command line to 'False'
[0.204s] Level 5:colcon.colcon_core.verb:set package 'scout_slam' build argument 'cmake_clean_cache' from command line to 'False'
[0.204s] Level 5:colcon.colcon_core.verb:set package 'scout_slam' build argument 'cmake_clean_first' from command line to 'False'
[0.204s] Level 5:colcon.colcon_core.verb:set package 'scout_slam' build argument 'cmake_force_configure' from command line to 'False'
[0.204s] Level 5:colcon.colcon_core.verb:set package 'scout_slam' build argument 'ament_cmake_args' from command line to 'None'
[0.204s] Level 5:colcon.colcon_core.verb:set package 'scout_slam' build argument 'catkin_cmake_args' from command line to 'None'
[0.204s] Level 5:colcon.colcon_core.verb:set package 'scout_slam' build argument 'catkin_skip_building_tests' from command line to 'False'
[0.204s] DEBUG:colcon.colcon_core.verb:Building package 'scout_slam' with the following arguments: {'ament_cmake_args': None, 'build_base': '/home/beto/ROS_PROJECTS/scout/build/scout_slam', 'catkin_cmake_args': None, 'catkin_skip_building_tests': False, 'cmake_args': None, 'cmake_clean_cache': False, 'cmake_clean_first': False, 'cmake_force_configure': False, 'cmake_target': None, 'cmake_target_skip_unavailable': False, 'install_base': '/home/beto/ROS_PROJECTS/scout/install/scout_slam', 'merge_install': False, 'path': '/home/beto/ROS_PROJECTS/scout/src/scout_slam', 'symlink_install': False, 'test_result_base': None}
[0.204s] Level 5:colcon.colcon_core.verb:set package 'ugv_sdk' build argument 'cmake_args' from command line to 'None'
[0.204s] Level 5:colcon.colcon_core.verb:set package 'ugv_sdk' build argument 'cmake_target' from command line to 'None'
[0.204s] Level 5:colcon.colcon_core.verb:set package 'ugv_sdk' build argument 'cmake_target_skip_unavailable' from command line to 'False'
[0.204s] Level 5:colcon.colcon_core.verb:set package 'ugv_sdk' build argument 'cmake_clean_cache' from command line to 'False'
[0.204s] Level 5:colcon.colcon_core.verb:set package 'ugv_sdk' build argument 'cmake_clean_first' from command line to 'False'
[0.204s] Level 5:colcon.colcon_core.verb:set package 'ugv_sdk' build argument 'cmake_force_configure' from command line to 'False'
[0.204s] Level 5:colcon.colcon_core.verb:set package 'ugv_sdk' build argument 'ament_cmake_args' from command line to 'None'
[0.204s] Level 5:colcon.colcon_core.verb:set package 'ugv_sdk' build argument 'catkin_cmake_args' from command line to 'None'
[0.204s] Level 5:colcon.colcon_core.verb:set package 'ugv_sdk' build argument 'catkin_skip_building_tests' from command line to 'False'
[0.204s] DEBUG:colcon.colcon_core.verb:Building package 'ugv_sdk' with the following arguments: {'ament_cmake_args': None, 'build_base': '/home/beto/ROS_PROJECTS/scout/build/ugv_sdk', 'catkin_cmake_args': None, 'catkin_skip_building_tests': False, 'cmake_args': None, 'cmake_clean_cache': False, 'cmake_clean_first': False, 'cmake_force_configure': False, 'cmake_target': None, 'cmake_target_skip_unavailable': False, 'install_base': '/home/beto/ROS_PROJECTS/scout/install/ugv_sdk', 'merge_install': False, 'path': '/home/beto/ROS_PROJECTS/scout/src/ugv_sdk', 'symlink_install': False, 'test_result_base': None}
[0.204s] Level 5:colcon.colcon_core.verb:set package 'scout_base' build argument 'cmake_args' from command line to 'None'
[0.204s] Level 5:colcon.colcon_core.verb:set package 'scout_base' build argument 'cmake_target' from command line to 'None'
[0.204s] Level 5:colcon.colcon_core.verb:set package 'scout_base' build argument 'cmake_target_skip_unavailable' from command line to 'False'
[0.204s] Level 5:colcon.colcon_core.verb:set package 'scout_base' build argument 'cmake_clean_cache' from command line to 'False'
[0.204s] Level 5:colcon.colcon_core.verb:set package 'scout_base' build argument 'cmake_clean_first' from command line to 'False'
[0.204s] Level 5:colcon.colcon_core.verb:set package 'scout_base' build argument 'cmake_force_configure' from command line to 'False'
[0.204s] Level 5:colcon.colcon_core.verb:set package 'scout_base' build argument 'ament_cmake_args' from command line to 'None'
[0.204s] Level 5:colcon.colcon_core.verb:set package 'scout_base' build argument 'catkin_cmake_args' from command line to 'None'
[0.204s] Level 5:colcon.colcon_core.verb:set package 'scout_base' build argument 'catkin_skip_building_tests' from command line to 'False'
[0.204s] DEBUG:colcon.colcon_core.verb:Building package 'scout_base' with the following arguments: {'ament_cmake_args': None, 'build_base': '/home/beto/ROS_PROJECTS/scout/build/scout_base', 'catkin_cmake_args': None, 'catkin_skip_building_tests': False, 'cmake_args': None, 'cmake_clean_cache': False, 'cmake_clean_first': False, 'cmake_force_configure': False, 'cmake_target': None, 'cmake_target_skip_unavailable': False, 'install_base': '/home/beto/ROS_PROJECTS/scout/install/scout_base', 'merge_install': False, 'path': '/home/beto/ROS_PROJECTS/scout/src/scout_ros2/scout_base', 'symlink_install': False, 'test_result_base': None}
[0.204s] INFO:colcon.colcon_core.executor:Executing jobs using 'parallel' executor
[0.205s] DEBUG:colcon.colcon_parallel_executor.executor.parallel:run_until_complete
[0.205s] INFO:colcon.colcon_ros.task.ament_cmake.build:Building ROS package in '/home/beto/ROS_PROJECTS/scout/src/scout_ros2/scout_msgs' with build type 'ament_cmake'
[0.205s] INFO:colcon.colcon_cmake.task.cmake.build:Building CMake package in '/home/beto/ROS_PROJECTS/scout/src/scout_ros2/scout_msgs'
[0.206s] INFO:colcon.colcon_core.plugin_system:Skipping extension 'colcon_core.shell.bat': Not used on non-Windows systems
[0.206s] INFO:colcon.colcon_core.shell:Skip shell extension 'powershell' for command environment: Not usable outside of PowerShell
[0.207s] DEBUG:colcon.colcon_core.shell:Skip shell extension 'dsv' for command environment
[0.208s] INFO:colcon.colcon_ros.task.catkin.build:Building ROS package in '/home/beto/ROS_PROJECTS/scout/src/ugv_sdk' with build type 'catkin'
[0.209s] INFO:colcon.colcon_cmake.task.cmake.build:Building CMake package in '/home/beto/ROS_PROJECTS/scout/src/ugv_sdk'
[0.209s] INFO:colcon.colcon_core.shell:Skip shell extension 'powershell' for command environment: Not usable outside of PowerShell
[0.209s] DEBUG:colcon.colcon_core.shell:Skip shell extension 'dsv' for command environment
[0.210s] INFO:colcon.colcon_ros.task.ament_python.build:Building ROS package in '/home/beto/ROS_PROJECTS/scout/src/gaurd_bot' with build type 'ament_python'
[0.210s] Level 1:colcon.colcon_core.shell:create_environment_hook('gaurd_bot', 'ament_prefix_path')
[0.211s] INFO:colcon.colcon_core.shell:Creating environment hook '/home/beto/ROS_PROJECTS/scout/install/gaurd_bot/share/gaurd_bot/hook/ament_prefix_path.ps1'
[0.211s] INFO:colcon.colcon_core.shell:Creating environment descriptor '/home/beto/ROS_PROJECTS/scout/install/gaurd_bot/share/gaurd_bot/hook/ament_prefix_path.dsv'
[0.211s] INFO:colcon.colcon_core.shell:Creating environment hook '/home/beto/ROS_PROJECTS/scout/install/gaurd_bot/share/gaurd_bot/hook/ament_prefix_path.sh'
[0.211s] INFO:colcon.colcon_core.shell:Skip shell extension 'powershell' for command environment: Not usable outside of PowerShell
[0.212s] DEBUG:colcon.colcon_core.shell:Skip shell extension 'dsv' for command environment
[0.214s] INFO:colcon.colcon_ros.task.ament_cmake.build:Building ROS package in '/home/beto/ROS_PROJECTS/scout/src/scout_ros2/scout_description' with build type 'ament_cmake'
[0.215s] INFO:colcon.colcon_cmake.task.cmake.build:Building CMake package in '/home/beto/ROS_PROJECTS/scout/src/scout_ros2/scout_description'
[0.215s] INFO:colcon.colcon_core.shell:Skip shell extension 'powershell' for command environment: Not usable outside of PowerShell
[0.215s] DEBUG:colcon.colcon_core.shell:Skip shell extension 'dsv' for command environment
[0.218s] INFO:colcon.colcon_ros.task.ament_python.build:Building ROS package in '/home/beto/ROS_PROJECTS/scout/src/scout_slam' with build type 'ament_python'
[0.218s] Level 1:colcon.colcon_core.shell:create_environment_hook('scout_slam', 'ament_prefix_path')
[0.218s] INFO:colcon.colcon_core.shell:Creating environment hook '/home/beto/ROS_PROJECTS/scout/install/scout_slam/share/scout_slam/hook/ament_prefix_path.ps1'
[0.219s] INFO:colcon.colcon_core.shell:Creating environment descriptor '/home/beto/ROS_PROJECTS/scout/install/scout_slam/share/scout_slam/hook/ament_prefix_path.dsv'
[0.219s] INFO:colcon.colcon_core.shell:Creating environment hook '/home/beto/ROS_PROJECTS/scout/install/scout_slam/share/scout_slam/hook/ament_prefix_path.sh'
[0.219s] INFO:colcon.colcon_core.shell:Skip shell extension 'powershell' for command environment: Not usable outside of PowerShell
[0.219s] DEBUG:colcon.colcon_core.shell:Skip shell extension 'dsv' for command environment
[0.225s] DEBUG:colcon.colcon_core.event_handler.log_command:Invoking command in '/home/beto/ROS_PROJECTS/scout/build/scout_msgs': CMAKE_PREFIX_PATH=/home/beto/ROS_PROJECTS/scout/install/scout_base:/home/beto/ROS_PROJECTS/scout/install/scout_slam:/home/beto/ROS_PROJECTS/scout/install/gaurd_bot:/opt/ros/humble:/home/beto/ROS_PROJECTS/scout/install/ugv_sdk:/home/beto/ROS_PROJECTS/scout/install/scout_msgs:/home/beto/ROS_PROJECTS/scout/install/scout_description /usr/bin/cmake --build /home/beto/ROS_PROJECTS/scout/build/scout_msgs -- -j20 -l20
[0.228s] DEBUG:colcon.colcon_core.event_handler.log_command:Invoking command in '/home/beto/ROS_PROJECTS/scout/build/ugv_sdk': /usr/bin/cmake --build /home/beto/ROS_PROJECTS/scout/build/ugv_sdk -- -j20 -l20
[0.436s] INFO:colcon.colcon_core.task.python.build:Building Python package in '/home/beto/ROS_PROJECTS/scout/src/gaurd_bot'
[0.436s] INFO:colcon.colcon_core.shell:Skip shell extension 'powershell' for command environment: Not usable outside of PowerShell
[0.436s] DEBUG:colcon.colcon_core.shell:Skip shell extension 'dsv' for command environment
[0.441s] DEBUG:colcon.colcon_core.event_handler.log_command:Invoking command in '/home/beto/ROS_PROJECTS/scout/build/scout_description': CMAKE_PREFIX_PATH=/home/beto/ROS_PROJECTS/scout/install/scout_base:/home/beto/ROS_PROJECTS/scout/install/scout_slam:/home/beto/ROS_PROJECTS/scout/install/gaurd_bot:/opt/ros/humble:/home/beto/ROS_PROJECTS/scout/install/ugv_sdk:/home/beto/ROS_PROJECTS/scout/install/scout_msgs:/home/beto/ROS_PROJECTS/scout/install/scout_description /usr/bin/cmake --build /home/beto/ROS_PROJECTS/scout/build/scout_description -- -j20 -l20
[0.597s] INFO:colcon.colcon_core.task.python.build:Building Python package in '/home/beto/ROS_PROJECTS/scout/src/scout_slam'
[0.598s] INFO:colcon.colcon_core.shell:Skip shell extension 'powershell' for command environment: Not usable outside of PowerShell
[0.598s] DEBUG:colcon.colcon_core.shell:Skip shell extension 'dsv' for command environment
[0.600s] DEBUG:colcon.colcon_core.event_handler.log_command:Invoked command in '/home/beto/ROS_PROJECTS/scout/build/ugv_sdk' returned '0': /usr/bin/cmake --build /home/beto/ROS_PROJECTS/scout/build/ugv_sdk -- -j20 -l20
[0.607s] DEBUG:colcon.colcon_core.event_handler.log_command:Invoking command in '/home/beto/ROS_PROJECTS/scout/build/ugv_sdk': /usr/bin/cmake --install /home/beto/ROS_PROJECTS/scout/build/ugv_sdk
[0.610s] DEBUG:colcon.colcon_core.event_handler.log_command:Invoked command in '/home/beto/ROS_PROJECTS/scout/build/scout_description' returned '0': CMAKE_PREFIX_PATH=/home/beto/ROS_PROJECTS/scout/install/scout_base:/home/beto/ROS_PROJECTS/scout/install/scout_slam:/home/beto/ROS_PROJECTS/scout/install/gaurd_bot:/opt/ros/humble:/home/beto/ROS_PROJECTS/scout/install/ugv_sdk:/home/beto/ROS_PROJECTS/scout/install/scout_msgs:/home/beto/ROS_PROJECTS/scout/install/scout_description /usr/bin/cmake --build /home/beto/ROS_PROJECTS/scout/build/scout_description -- -j20 -l20
[0.610s] DEBUG:colcon.colcon_core.event_handler.log_command:Invoking command in '/home/beto/ROS_PROJECTS/scout/build/scout_description': CMAKE_PREFIX_PATH=/home/beto/ROS_PROJECTS/scout/install/scout_base:/home/beto/ROS_PROJECTS/scout/install/scout_slam:/home/beto/ROS_PROJECTS/scout/install/gaurd_bot:/opt/ros/humble:/home/beto/ROS_PROJECTS/scout/install/ugv_sdk:/home/beto/ROS_PROJECTS/scout/install/scout_msgs:/home/beto/ROS_PROJECTS/scout/install/scout_description /usr/bin/cmake --install /home/beto/ROS_PROJECTS/scout/build/scout_description
[0.611s] DEBUG:colcon.colcon_core.event_handler.log_command:Invoked command in '/home/beto/ROS_PROJECTS/scout/build/scout_msgs' returned '0': CMAKE_PREFIX_PATH=/home/beto/ROS_PROJECTS/scout/install/scout_base:/home/beto/ROS_PROJECTS/scout/install/scout_slam:/home/beto/ROS_PROJECTS/scout/install/gaurd_bot:/opt/ros/humble:/home/beto/ROS_PROJECTS/scout/install/ugv_sdk:/home/beto/ROS_PROJECTS/scout/install/scout_msgs:/home/beto/ROS_PROJECTS/scout/install/scout_description /usr/bin/cmake --build /home/beto/ROS_PROJECTS/scout/build/scout_msgs -- -j20 -l20
[0.612s] DEBUG:colcon.colcon_core.event_handler.log_command:Invoking command in '/home/beto/ROS_PROJECTS/scout/build/scout_msgs': CMAKE_PREFIX_PATH=/home/beto/ROS_PROJECTS/scout/install/scout_base:/home/beto/ROS_PROJECTS/scout/install/scout_slam:/home/beto/ROS_PROJECTS/scout/install/gaurd_bot:/opt/ros/humble:/home/beto/ROS_PROJECTS/scout/install/ugv_sdk:/home/beto/ROS_PROJECTS/scout/install/scout_msgs:/home/beto/ROS_PROJECTS/scout/install/scout_description /usr/bin/cmake --install /home/beto/ROS_PROJECTS/scout/build/scout_msgs
[0.627s] Level 1:colcon.colcon_core.shell:create_environment_hook('ugv_sdk', 'ros_package_path')
[0.628s] INFO:colcon.colcon_core.shell:Creating environment hook '/home/beto/ROS_PROJECTS/scout/install/ugv_sdk/share/ugv_sdk/hook/ros_package_path.ps1'
[0.630s] INFO:colcon.colcon_core.shell:Creating environment descriptor '/home/beto/ROS_PROJECTS/scout/install/ugv_sdk/share/ugv_sdk/hook/ros_package_path.dsv'
[0.632s] INFO:colcon.colcon_core.shell:Creating environment hook '/home/beto/ROS_PROJECTS/scout/install/ugv_sdk/share/ugv_sdk/hook/ros_package_path.sh'
[0.634s] Level 1:colcon.colcon_core.shell:create_environment_hook('ugv_sdk', 'pkg_config_path')
[0.634s] INFO:colcon.colcon_core.shell:Creating environment hook '/home/beto/ROS_PROJECTS/scout/install/ugv_sdk/share/ugv_sdk/hook/pkg_config_path.ps1'
[0.635s] INFO:colcon.colcon_core.shell:Creating environment descriptor '/home/beto/ROS_PROJECTS/scout/install/ugv_sdk/share/ugv_sdk/hook/pkg_config_path.dsv'
[0.635s] INFO:colcon.colcon_core.shell:Creating environment hook '/home/beto/ROS_PROJECTS/scout/install/ugv_sdk/share/ugv_sdk/hook/pkg_config_path.sh'
[0.638s] Level 1:colcon.colcon_core.shell:create_environment_hook('ugv_sdk', 'pkg_config_path_multiarch')
[0.638s] INFO:colcon.colcon_core.shell:Creating environment hook '/home/beto/ROS_PROJECTS/scout/install/ugv_sdk/share/ugv_sdk/hook/pkg_config_path_multiarch.ps1'
[0.639s] INFO:colcon.colcon_core.shell:Creating environment descriptor '/home/beto/ROS_PROJECTS/scout/install/ugv_sdk/share/ugv_sdk/hook/pkg_config_path_multiarch.dsv'
[0.640s] INFO:colcon.colcon_core.shell:Creating environment hook '/home/beto/ROS_PROJECTS/scout/install/ugv_sdk/share/ugv_sdk/hook/pkg_config_path_multiarch.sh'
[0.641s] Level 1:colcon.colcon_core.environment:create_environment_scripts_only(ugv_sdk)
[0.642s] DEBUG:colcon.colcon_core.event_handler.log_command:Invoked command in '/home/beto/ROS_PROJECTS/scout/build/ugv_sdk' returned '0': /usr/bin/cmake --install /home/beto/ROS_PROJECTS/scout/build/ugv_sdk
[0.644s] Level 1:colcon.colcon_core.environment:checking '/home/beto/ROS_PROJECTS/scout/install/ugv_sdk' for CMake module files
[0.645s] Level 1:colcon.colcon_core.environment:checking '/home/beto/ROS_PROJECTS/scout/install/ugv_sdk' for CMake config files
[0.645s] Level 1:colcon.colcon_core.shell:create_environment_hook('ugv_sdk', 'cmake_prefix_path')
[0.645s] INFO:colcon.colcon_core.shell:Creating environment hook '/home/beto/ROS_PROJECTS/scout/install/ugv_sdk/share/ugv_sdk/hook/cmake_prefix_path.ps1'
[0.646s] INFO:colcon.colcon_core.shell:Creating environment descriptor '/home/beto/ROS_PROJECTS/scout/install/ugv_sdk/share/ugv_sdk/hook/cmake_prefix_path.dsv'
[0.646s] INFO:colcon.colcon_core.shell:Creating environment hook '/home/beto/ROS_PROJECTS/scout/install/ugv_sdk/share/ugv_sdk/hook/cmake_prefix_path.sh'
[0.647s] Level 1:colcon.colcon_core.environment:checking '/home/beto/ROS_PROJECTS/scout/install/ugv_sdk/lib'
[0.647s] Level 1:colcon.colcon_core.environment:checking '/home/beto/ROS_PROJECTS/scout/install/ugv_sdk/bin'
[0.647s] Level 1:colcon.colcon_core.environment:checking '/home/beto/ROS_PROJECTS/scout/install/ugv_sdk/lib/pkgconfig/ugv_sdk.pc'
[0.647s] Level 1:colcon.colcon_core.environment:checking '/home/beto/ROS_PROJECTS/scout/install/ugv_sdk/lib/python3.10/site-packages'
[0.648s] Level 1:colcon.colcon_core.environment:checking '/home/beto/ROS_PROJECTS/scout/install/ugv_sdk/bin'
[0.648s] INFO:colcon.colcon_core.shell:Creating package script '/home/beto/ROS_PROJECTS/scout/install/ugv_sdk/share/ugv_sdk/package.ps1'
[0.649s] INFO:colcon.colcon_core.shell:Creating package descriptor '/home/beto/ROS_PROJECTS/scout/install/ugv_sdk/share/ugv_sdk/package.dsv'
[0.650s] INFO:colcon.colcon_core.shell:Creating package script '/home/beto/ROS_PROJECTS/scout/install/ugv_sdk/share/ugv_sdk/package.sh'
[0.650s] INFO:colcon.colcon_core.shell:Creating package script '/home/beto/ROS_PROJECTS/scout/install/ugv_sdk/share/ugv_sdk/package.bash'
[0.651s] INFO:colcon.colcon_core.shell:Creating package script '/home/beto/ROS_PROJECTS/scout/install/ugv_sdk/share/ugv_sdk/package.zsh'
[0.651s] Level 1:colcon.colcon_core.environment:create_file_with_runtime_dependencies(/home/beto/ROS_PROJECTS/scout/install/ugv_sdk/share/colcon-core/packages/ugv_sdk)
[0.651s] Level 1:colcon.colcon_core.environment:create_environment_scripts_only(scout_description)
[0.651s] Level 1:colcon.colcon_core.environment:checking '/home/beto/ROS_PROJECTS/scout/install/scout_description' for CMake module files
[0.652s] Level 1:colcon.colcon_core.environment:checking '/home/beto/ROS_PROJECTS/scout/install/scout_description' for CMake config files
[0.652s] DEBUG:colcon.colcon_core.event_handler.log_command:Invoked command in '/home/beto/ROS_PROJECTS/scout/build/scout_description' returned '0': CMAKE_PREFIX_PATH=/home/beto/ROS_PROJECTS/scout/install/scout_base:/home/beto/ROS_PROJECTS/scout/install/scout_slam:/home/beto/ROS_PROJECTS/scout/install/gaurd_bot:/opt/ros/humble:/home/beto/ROS_PROJECTS/scout/install/ugv_sdk:/home/beto/ROS_PROJECTS/scout/install/scout_msgs:/home/beto/ROS_PROJECTS/scout/install/scout_description /usr/bin/cmake --install /home/beto/ROS_PROJECTS/scout/build/scout_description
[0.653s] Level 1:colcon.colcon_core.shell:create_environment_hook('scout_description', 'cmake_prefix_path')
[0.653s] INFO:colcon.colcon_core.shell:Creating environment hook '/home/beto/ROS_PROJECTS/scout/install/scout_description/share/scout_description/hook/cmake_prefix_path.ps1'
[0.653s] INFO:colcon.colcon_core.shell:Creating environment descriptor '/home/beto/ROS_PROJECTS/scout/install/scout_description/share/scout_description/hook/cmake_prefix_path.dsv'
[0.653s] INFO:colcon.colcon_core.shell:Creating environment hook '/home/beto/ROS_PROJECTS/scout/install/scout_description/share/scout_description/hook/cmake_prefix_path.sh'
[0.654s] Level 1:colcon.colcon_core.environment:checking '/home/beto/ROS_PROJECTS/scout/install/scout_description/bin'
[0.654s] Level 1:colcon.colcon_core.environment:checking '/home/beto/ROS_PROJECTS/scout/install/scout_description/lib/pkgconfig/scout_description.pc'
[0.654s] Level 1:colcon.colcon_core.environment:checking '/home/beto/ROS_PROJECTS/scout/install/scout_description/lib/python3.10/site-packages'
[0.654s] Level 1:colcon.colcon_core.environment:checking '/home/beto/ROS_PROJECTS/scout/install/scout_description/bin'
[0.654s] INFO:colcon.colcon_core.shell:Creating package script '/home/beto/ROS_PROJECTS/scout/install/scout_description/share/scout_description/package.ps1'
[0.654s] INFO:colcon.colcon_core.shell:Creating package descriptor '/home/beto/ROS_PROJECTS/scout/install/scout_description/share/scout_description/package.dsv'
[0.654s] INFO:colcon.colcon_core.shell:Creating package script '/home/beto/ROS_PROJECTS/scout/install/scout_description/share/scout_description/package.sh'
[0.655s] INFO:colcon.colcon_core.shell:Creating package script '/home/beto/ROS_PROJECTS/scout/install/scout_description/share/scout_description/package.bash'
[0.655s] INFO:colcon.colcon_core.shell:Creating package script '/home/beto/ROS_PROJECTS/scout/install/scout_description/share/scout_description/package.zsh'
[0.655s] Level 1:colcon.colcon_core.environment:create_file_with_runtime_dependencies(/home/beto/ROS_PROJECTS/scout/install/scout_description/share/colcon-core/packages/scout_description)
[0.655s] Level 1:colcon.colcon_core.environment:create_environment_scripts_only(scout_description)
[0.656s] Level 1:colcon.colcon_core.environment:checking '/home/beto/ROS_PROJECTS/scout/install/scout_description' for CMake module files
[0.656s] Level 1:colcon.colcon_core.environment:checking '/home/beto/ROS_PROJECTS/scout/install/scout_description' for CMake config files
[0.656s] Level 1:colcon.colcon_core.shell:create_environment_hook('scout_description', 'cmake_prefix_path')
[0.656s] INFO:colcon.colcon_core.shell:Creating environment hook '/home/beto/ROS_PROJECTS/scout/install/scout_description/share/scout_description/hook/cmake_prefix_path.ps1'
[0.656s] INFO:colcon.colcon_core.shell:Creating environment descriptor '/home/beto/ROS_PROJECTS/scout/install/scout_description/share/scout_description/hook/cmake_prefix_path.dsv'
[0.657s] INFO:colcon.colcon_core.shell:Creating environment hook '/home/beto/ROS_PROJECTS/scout/install/scout_description/share/scout_description/hook/cmake_prefix_path.sh'
[0.657s] Level 1:colcon.colcon_core.environment:checking '/home/beto/ROS_PROJECTS/scout/install/scout_description/bin'
[0.657s] Level 1:colcon.colcon_core.environment:checking '/home/beto/ROS_PROJECTS/scout/install/scout_description/lib/pkgconfig/scout_description.pc'
[0.657s] Level 1:colcon.colcon_core.environment:checking '/home/beto/ROS_PROJECTS/scout/install/scout_description/lib/python3.10/site-packages'
[0.657s] Level 1:colcon.colcon_core.environment:checking '/home/beto/ROS_PROJECTS/scout/install/scout_description/bin'
[0.657s] INFO:colcon.colcon_core.shell:Creating package script '/home/beto/ROS_PROJECTS/scout/install/scout_description/share/scout_description/package.ps1'
[0.658s] INFO:colcon.colcon_core.shell:Creating package descriptor '/home/beto/ROS_PROJECTS/scout/install/scout_description/share/scout_description/package.dsv'
[0.658s] INFO:colcon.colcon_core.shell:Creating package script '/home/beto/ROS_PROJECTS/scout/install/scout_description/share/scout_description/package.sh'
[0.658s] INFO:colcon.colcon_core.shell:Creating package script '/home/beto/ROS_PROJECTS/scout/install/scout_description/share/scout_description/package.bash'
[0.658s] INFO:colcon.colcon_core.shell:Creating package script '/home/beto/ROS_PROJECTS/scout/install/scout_description/share/scout_description/package.zsh'
[0.659s] Level 1:colcon.colcon_core.environment:create_file_with_runtime_dependencies(/home/beto/ROS_PROJECTS/scout/install/scout_description/share/colcon-core/packages/scout_description)
[0.718s] Level 1:colcon.colcon_core.environment:create_environment_scripts_only(scout_msgs)
[0.718s] Level 1:colcon.colcon_core.environment:checking '/home/beto/ROS_PROJECTS/scout/install/scout_msgs' for CMake module files
[0.719s] DEBUG:colcon.colcon_core.event_handler.log_command:Invoked command in '/home/beto/ROS_PROJECTS/scout/build/scout_msgs' returned '0': CMAKE_PREFIX_PATH=/home/beto/ROS_PROJECTS/scout/install/scout_base:/home/beto/ROS_PROJECTS/scout/install/scout_slam:/home/beto/ROS_PROJECTS/scout/install/gaurd_bot:/opt/ros/humble:/home/beto/ROS_PROJECTS/scout/install/ugv_sdk:/home/beto/ROS_PROJECTS/scout/install/scout_msgs:/home/beto/ROS_PROJECTS/scout/install/scout_description /usr/bin/cmake --install /home/beto/ROS_PROJECTS/scout/build/scout_msgs
[0.719s] Level 1:colcon.colcon_core.environment:checking '/home/beto/ROS_PROJECTS/scout/install/scout_msgs' for CMake config files
[0.720s] Level 1:colcon.colcon_core.shell:create_environment_hook('scout_msgs', 'cmake_prefix_path')
[0.720s] INFO:colcon.colcon_core.shell:Creating environment hook '/home/beto/ROS_PROJECTS/scout/install/scout_msgs/share/scout_msgs/hook/cmake_prefix_path.ps1'
[0.721s] INFO:colcon.colcon_core.shell:Creating environment descriptor '/home/beto/ROS_PROJECTS/scout/install/scout_msgs/share/scout_msgs/hook/cmake_prefix_path.dsv'
[0.721s] INFO:colcon.colcon_core.shell:Creating environment hook '/home/beto/ROS_PROJECTS/scout/install/scout_msgs/share/scout_msgs/hook/cmake_prefix_path.sh'
[0.722s] Level 1:colcon.colcon_core.environment:checking '/home/beto/ROS_PROJECTS/scout/install/scout_msgs/lib'
[0.722s] Level 1:colcon.colcon_core.shell:create_environment_hook('scout_msgs', 'ld_library_path_lib')
[0.722s] INFO:colcon.colcon_core.shell:Creating environment hook '/home/beto/ROS_PROJECTS/scout/install/scout_msgs/share/scout_msgs/hook/ld_library_path_lib.ps1'
[0.723s] INFO:colcon.colcon_core.shell:Creating environment descriptor '/home/beto/ROS_PROJECTS/scout/install/scout_msgs/share/scout_msgs/hook/ld_library_path_lib.dsv'
[0.723s] INFO:colcon.colcon_core.shell:Creating environment hook '/home/beto/ROS_PROJECTS/scout/install/scout_msgs/share/scout_msgs/hook/ld_library_path_lib.sh'
[0.724s] Level 1:colcon.colcon_core.environment:checking '/home/beto/ROS_PROJECTS/scout/install/scout_msgs/bin'
[0.724s] Level 1:colcon.colcon_core.environment:checking '/home/beto/ROS_PROJECTS/scout/install/scout_msgs/lib/pkgconfig/scout_msgs.pc'
[0.724s] Level 1:colcon.colcon_core.environment:checking '/home/beto/ROS_PROJECTS/scout/install/scout_msgs/lib/python3.10/site-packages'
[0.724s] Level 1:colcon.colcon_core.environment:checking '/home/beto/ROS_PROJECTS/scout/install/scout_msgs/bin'
[0.724s] INFO:colcon.colcon_core.shell:Creating package script '/home/beto/ROS_PROJECTS/scout/install/scout_msgs/share/scout_msgs/package.ps1'
[0.725s] INFO:colcon.colcon_core.shell:Creating package descriptor '/home/beto/ROS_PROJECTS/scout/install/scout_msgs/share/scout_msgs/package.dsv'
[0.725s] INFO:colcon.colcon_core.shell:Creating package script '/home/beto/ROS_PROJECTS/scout/install/scout_msgs/share/scout_msgs/package.sh'
[0.726s] INFO:colcon.colcon_core.shell:Creating package script '/home/beto/ROS_PROJECTS/scout/install/scout_msgs/share/scout_msgs/package.bash'
[0.726s] INFO:colcon.colcon_core.shell:Creating package script '/home/beto/ROS_PROJECTS/scout/install/scout_msgs/share/scout_msgs/package.zsh'
[0.727s] Level 1:colcon.colcon_core.environment:create_file_with_runtime_dependencies(/home/beto/ROS_PROJECTS/scout/install/scout_msgs/share/colcon-core/packages/scout_msgs)
[0.727s] Level 1:colcon.colcon_core.environment:create_environment_scripts_only(scout_msgs)
[0.727s] Level 1:colcon.colcon_core.environment:checking '/home/beto/ROS_PROJECTS/scout/install/scout_msgs' for CMake module files
[0.728s] Level 1:colcon.colcon_core.environment:checking '/home/beto/ROS_PROJECTS/scout/install/scout_msgs' for CMake config files
[0.729s] Level 1:colcon.colcon_core.shell:create_environment_hook('scout_msgs', 'cmake_prefix_path')
[0.729s] INFO:colcon.colcon_core.shell:Creating environment hook '/home/beto/ROS_PROJECTS/scout/install/scout_msgs/share/scout_msgs/hook/cmake_prefix_path.ps1'
[0.729s] INFO:colcon.colcon_core.shell:Creating environment descriptor '/home/beto/ROS_PROJECTS/scout/install/scout_msgs/share/scout_msgs/hook/cmake_prefix_path.dsv'
[0.730s] INFO:colcon.colcon_core.shell:Creating environment hook '/home/beto/ROS_PROJECTS/scout/install/scout_msgs/share/scout_msgs/hook/cmake_prefix_path.sh'
[0.731s] Level 1:colcon.colcon_core.environment:checking '/home/beto/ROS_PROJECTS/scout/install/scout_msgs/lib'
[0.731s] Level 1:colcon.colcon_core.shell:create_environment_hook('scout_msgs', 'ld_library_path_lib')
[0.731s] INFO:colcon.colcon_core.shell:Creating environment hook '/home/beto/ROS_PROJECTS/scout/install/scout_msgs/share/scout_msgs/hook/ld_library_path_lib.ps1'
[0.732s] INFO:colcon.colcon_core.shell:Creating environment descriptor '/home/beto/ROS_PROJECTS/scout/install/scout_msgs/share/scout_msgs/hook/ld_library_path_lib.dsv'
[0.732s] INFO:colcon.colcon_core.shell:Creating environment hook '/home/beto/ROS_PROJECTS/scout/install/scout_msgs/share/scout_msgs/hook/ld_library_path_lib.sh'
[0.733s] Level 1:colcon.colcon_core.environment:checking '/home/beto/ROS_PROJECTS/scout/install/scout_msgs/bin'
[0.733s] Level 1:colcon.colcon_core.environment:checking '/home/beto/ROS_PROJECTS/scout/install/scout_msgs/lib/pkgconfig/scout_msgs.pc'
[0.733s] Level 1:colcon.colcon_core.environment:checking '/home/beto/ROS_PROJECTS/scout/install/scout_msgs/lib/python3.10/site-packages'
[0.733s] Level 1:colcon.colcon_core.environment:checking '/home/beto/ROS_PROJECTS/scout/install/scout_msgs/bin'
[0.734s] INFO:colcon.colcon_core.shell:Creating package script '/home/beto/ROS_PROJECTS/scout/install/scout_msgs/share/scout_msgs/package.ps1'
[0.734s] INFO:colcon.colcon_core.shell:Creating package descriptor '/home/beto/ROS_PROJECTS/scout/install/scout_msgs/share/scout_msgs/package.dsv'
[0.735s] INFO:colcon.colcon_core.shell:Creating package script '/home/beto/ROS_PROJECTS/scout/install/scout_msgs/share/scout_msgs/package.sh'
[0.735s] INFO:colcon.colcon_core.shell:Creating package script '/home/beto/ROS_PROJECTS/scout/install/scout_msgs/share/scout_msgs/package.bash'
[0.736s] INFO:colcon.colcon_core.shell:Creating package script '/home/beto/ROS_PROJECTS/scout/install/scout_msgs/share/scout_msgs/package.zsh'
[0.736s] Level 1:colcon.colcon_core.environment:create_file_with_runtime_dependencies(/home/beto/ROS_PROJECTS/scout/install/scout_msgs/share/colcon-core/packages/scout_msgs)
[0.737s] INFO:colcon.colcon_ros.task.ament_cmake.build:Building ROS package in '/home/beto/ROS_PROJECTS/scout/src/scout_ros2/scout_base' with build type 'ament_cmake'
[0.737s] INFO:colcon.colcon_cmake.task.cmake.build:Building CMake package in '/home/beto/ROS_PROJECTS/scout/src/scout_ros2/scout_base'
[0.737s] INFO:colcon.colcon_core.shell:Skip shell extension 'powershell' for command environment: Not usable outside of PowerShell
[0.738s] DEBUG:colcon.colcon_core.shell:Skip shell extension 'dsv' for command environment
[0.750s] DEBUG:colcon.colcon_core.event_handler.log_command:Invoking command in '/home/beto/ROS_PROJECTS/scout/build/scout_base': CMAKE_PREFIX_PATH=/home/beto/ROS_PROJECTS/scout/install/scout_slam:/home/beto/ROS_PROJECTS/scout/install/gaurd_bot:/opt/ros/humble:/home/beto/ROS_PROJECTS/scout/install/ugv_sdk:/home/beto/ROS_PROJECTS/scout/install/scout_msgs:/home/beto/ROS_PROJECTS/scout/install/scout_base:/home/beto/ROS_PROJECTS/scout/install/scout_description /usr/bin/cmake --build /home/beto/ROS_PROJECTS/scout/build/scout_base -- -j20 -l20
[0.812s] DEBUG:colcon.colcon_core.event_handler.log_command:Invoked command in '/home/beto/ROS_PROJECTS/scout/build/scout_base' returned '0': CMAKE_PREFIX_PATH=/home/beto/ROS_PROJECTS/scout/install/scout_slam:/home/beto/ROS_PROJECTS/scout/install/gaurd_bot:/opt/ros/humble:/home/beto/ROS_PROJECTS/scout/install/ugv_sdk:/home/beto/ROS_PROJECTS/scout/install/scout_msgs:/home/beto/ROS_PROJECTS/scout/install/scout_base:/home/beto/ROS_PROJECTS/scout/install/scout_description /usr/bin/cmake --build /home/beto/ROS_PROJECTS/scout/build/scout_base -- -j20 -l20
[0.814s] DEBUG:colcon.colcon_core.event_handler.log_command:Invoking command in '/home/beto/ROS_PROJECTS/scout/build/scout_base': CMAKE_PREFIX_PATH=/home/beto/ROS_PROJECTS/scout/install/scout_slam:/home/beto/ROS_PROJECTS/scout/install/gaurd_bot:/opt/ros/humble:/home/beto/ROS_PROJECTS/scout/install/ugv_sdk:/home/beto/ROS_PROJECTS/scout/install/scout_msgs:/home/beto/ROS_PROJECTS/scout/install/scout_base:/home/beto/ROS_PROJECTS/scout/install/scout_description /usr/bin/cmake --install /home/beto/ROS_PROJECTS/scout/build/scout_base
[0.822s] Level 1:colcon.colcon_core.environment:create_environment_scripts_only(scout_base)
[0.823s] Level 1:colcon.colcon_core.environment:checking '/home/beto/ROS_PROJECTS/scout/install/scout_base' for CMake module files
[0.823s] Level 1:colcon.colcon_core.environment:checking '/home/beto/ROS_PROJECTS/scout/install/scout_base' for CMake config files
[0.823s] Level 1:colcon.colcon_core.shell:create_environment_hook('scout_base', 'cmake_prefix_path')
[0.824s] INFO:colcon.colcon_core.shell:Creating environment hook '/home/beto/ROS_PROJECTS/scout/install/scout_base/share/scout_base/hook/cmake_prefix_path.ps1'
[0.824s] DEBUG:colcon.colcon_core.event_handler.log_command:Invoked command in '/home/beto/ROS_PROJECTS/scout/build/scout_base' returned '0': CMAKE_PREFIX_PATH=/home/beto/ROS_PROJECTS/scout/install/scout_slam:/home/beto/ROS_PROJECTS/scout/install/gaurd_bot:/opt/ros/humble:/home/beto/ROS_PROJECTS/scout/install/ugv_sdk:/home/beto/ROS_PROJECTS/scout/install/scout_msgs:/home/beto/ROS_PROJECTS/scout/install/scout_base:/home/beto/ROS_PROJECTS/scout/install/scout_description /usr/bin/cmake --install /home/beto/ROS_PROJECTS/scout/build/scout_base
[0.824s] INFO:colcon.colcon_core.shell:Creating environment descriptor '/home/beto/ROS_PROJECTS/scout/install/scout_base/share/scout_base/hook/cmake_prefix_path.dsv'
[0.825s] INFO:colcon.colcon_core.shell:Creating environment hook '/home/beto/ROS_PROJECTS/scout/install/scout_base/share/scout_base/hook/cmake_prefix_path.sh'
[0.825s] Level 1:colcon.colcon_core.environment:checking '/home/beto/ROS_PROJECTS/scout/install/scout_base/lib'
[0.825s] Level 1:colcon.colcon_core.environment:checking '/home/beto/ROS_PROJECTS/scout/install/scout_base/bin'
[0.826s] Level 1:colcon.colcon_core.environment:checking '/home/beto/ROS_PROJECTS/scout/install/scout_base/lib/pkgconfig/scout_base.pc'
[0.826s] Level 1:colcon.colcon_core.environment:checking '/home/beto/ROS_PROJECTS/scout/install/scout_base/lib/python3.10/site-packages'
[0.826s] Level 1:colcon.colcon_core.environment:checking '/home/beto/ROS_PROJECTS/scout/install/scout_base/bin'
[0.826s] INFO:colcon.colcon_core.shell:Creating package script '/home/beto/ROS_PROJECTS/scout/install/scout_base/share/scout_base/package.ps1'
[0.827s] INFO:colcon.colcon_core.shell:Creating package descriptor '/home/beto/ROS_PROJECTS/scout/install/scout_base/share/scout_base/package.dsv'
[0.827s] INFO:colcon.colcon_core.shell:Creating package script '/home/beto/ROS_PROJECTS/scout/install/scout_base/share/scout_base/package.sh'
[0.828s] INFO:colcon.colcon_core.shell:Creating package script '/home/beto/ROS_PROJECTS/scout/install/scout_base/share/scout_base/package.bash'
[0.828s] INFO:colcon.colcon_core.shell:Creating package script '/home/beto/ROS_PROJECTS/scout/install/scout_base/share/scout_base/package.zsh'
[0.829s] Level 1:colcon.colcon_core.environment:create_file_with_runtime_dependencies(/home/beto/ROS_PROJECTS/scout/install/scout_base/share/colcon-core/packages/scout_base)
[0.829s] Level 1:colcon.colcon_core.environment:create_environment_scripts_only(scout_base)
[0.830s] Level 1:colcon.colcon_core.environment:checking '/home/beto/ROS_PROJECTS/scout/install/scout_base' for CMake module files
[0.830s] Level 1:colcon.colcon_core.environment:checking '/home/beto/ROS_PROJECTS/scout/install/scout_base' for CMake config files
[0.831s] Level 1:colcon.colcon_core.shell:create_environment_hook('scout_base', 'cmake_prefix_path')
[0.831s] INFO:colcon.colcon_core.shell:Creating environment hook '/home/beto/ROS_PROJECTS/scout/install/scout_base/share/scout_base/hook/cmake_prefix_path.ps1'
[0.831s] INFO:colcon.colcon_core.shell:Creating environment descriptor '/home/beto/ROS_PROJECTS/scout/install/scout_base/share/scout_base/hook/cmake_prefix_path.dsv'
[0.832s] INFO:colcon.colcon_core.shell:Creating environment hook '/home/beto/ROS_PROJECTS/scout/install/scout_base/share/scout_base/hook/cmake_prefix_path.sh'
[0.832s] Level 1:colcon.colcon_core.environment:checking '/home/beto/ROS_PROJECTS/scout/install/scout_base/lib'
[0.833s] Level 1:colcon.colcon_core.environment:checking '/home/beto/ROS_PROJECTS/scout/install/scout_base/bin'
[0.833s] Level 1:colcon.colcon_core.environment:checking '/home/beto/ROS_PROJECTS/scout/install/scout_base/lib/pkgconfig/scout_base.pc'
[0.833s] Level 1:colcon.colcon_core.environment:checking '/home/beto/ROS_PROJECTS/scout/install/scout_base/lib/python3.10/site-packages'
[0.833s] Level 1:colcon.colcon_core.environment:checking '/home/beto/ROS_PROJECTS/scout/install/scout_base/bin'
[0.833s] INFO:colcon.colcon_core.shell:Creating package script '/home/beto/ROS_PROJECTS/scout/install/scout_base/share/scout_base/package.ps1'
[0.834s] INFO:colcon.colcon_core.shell:Creating package descriptor '/home/beto/ROS_PROJECTS/scout/install/scout_base/share/scout_base/package.dsv'
[0.834s] INFO:colcon.colcon_core.shell:Creating package script '/home/beto/ROS_PROJECTS/scout/install/scout_base/share/scout_base/package.sh'
[0.835s] INFO:colcon.colcon_core.shell:Creating package script '/home/beto/ROS_PROJECTS/scout/install/scout_base/share/scout_base/package.bash'
[0.835s] INFO:colcon.colcon_core.shell:Creating package script '/home/beto/ROS_PROJECTS/scout/install/scout_base/share/scout_base/package.zsh'
[0.836s] Level 1:colcon.colcon_core.environment:create_file_with_runtime_dependencies(/home/beto/ROS_PROJECTS/scout/install/scout_base/share/colcon-core/packages/scout_base)
[0.864s] DEBUG:colcon.colcon_core.event_handler.log_command:Invoking command in '/home/beto/ROS_PROJECTS/scout/src/scout_slam': PYTHONPATH=/home/beto/ROS_PROJECTS/scout/build/scout_slam/prefix_override:/usr/lib/python3/dist-packages/colcon_core/task/python/colcon_distutils_commands:/home/beto/ROS_PROJECTS/scout/install/scout_slam/lib/python3.10/site-packages:${PYTHONPATH} /usr/bin/python3 -W ignore:setup.py install is deprecated -W ignore:easy_install command is deprecated setup.py egg_info --egg-base ../../build/scout_slam build --build-base /home/beto/ROS_PROJECTS/scout/build/scout_slam/build install --record /home/beto/ROS_PROJECTS/scout/build/scout_slam/install.log --single-version-externally-managed install_data
[0.882s] DEBUG:colcon.colcon_core.event_handler.log_command:Invoking command in '/home/beto/ROS_PROJECTS/scout/src/gaurd_bot': PYTHONPATH=/home/beto/ROS_PROJECTS/scout/build/gaurd_bot/prefix_override:/usr/lib/python3/dist-packages/colcon_core/task/python/colcon_distutils_commands:/home/beto/ROS_PROJECTS/scout/install/gaurd_bot/lib/python3.10/site-packages:${PYTHONPATH} /usr/bin/python3 -W ignore:setup.py install is deprecated -W ignore:easy_install command is deprecated setup.py egg_info --egg-base ../../build/gaurd_bot build --build-base /home/beto/ROS_PROJECTS/scout/build/gaurd_bot/build install --record /home/beto/ROS_PROJECTS/scout/build/gaurd_bot/install.log --single-version-externally-managed install_data
[1.053s] Level 1:colcon.colcon_core.environment:checking '/home/beto/ROS_PROJECTS/scout/install/scout_slam' for CMake module files
[1.054s] DEBUG:colcon.colcon_core.event_handler.log_command:Invoked command in '/home/beto/ROS_PROJECTS/scout/src/scout_slam' returned '0': PYTHONPATH=/home/beto/ROS_PROJECTS/scout/build/scout_slam/prefix_override:/usr/lib/python3/dist-packages/colcon_core/task/python/colcon_distutils_commands:/home/beto/ROS_PROJECTS/scout/install/scout_slam/lib/python3.10/site-packages:${PYTHONPATH} /usr/bin/python3 -W ignore:setup.py install is deprecated -W ignore:easy_install command is deprecated setup.py egg_info --egg-base ../../build/scout_slam build --build-base /home/beto/ROS_PROJECTS/scout/build/scout_slam/build install --record /home/beto/ROS_PROJECTS/scout/build/scout_slam/install.log --single-version-externally-managed install_data
[1.054s] Level 1:colcon.colcon_core.environment:checking '/home/beto/ROS_PROJECTS/scout/install/scout_slam' for CMake config files
[1.054s] Level 1:colcon.colcon_core.environment:checking '/home/beto/ROS_PROJECTS/scout/install/scout_slam/lib'
[1.054s] Level 1:colcon.colcon_core.environment:checking '/home/beto/ROS_PROJECTS/scout/install/scout_slam/bin'
[1.054s] Level 1:colcon.colcon_core.environment:checking '/home/beto/ROS_PROJECTS/scout/install/scout_slam/lib/pkgconfig/scout_slam.pc'
[1.054s] Level 1:colcon.colcon_core.environment:checking '/home/beto/ROS_PROJECTS/scout/install/scout_slam/lib/python3.10/site-packages'
[1.054s] Level 1:colcon.colcon_core.shell:create_environment_hook('scout_slam', 'pythonpath')
[1.055s] INFO:colcon.colcon_core.shell:Creating environment hook '/home/beto/ROS_PROJECTS/scout/install/scout_slam/share/scout_slam/hook/pythonpath.ps1'
[1.055s] INFO:colcon.colcon_core.shell:Creating environment descriptor '/home/beto/ROS_PROJECTS/scout/install/scout_slam/share/scout_slam/hook/pythonpath.dsv'
[1.055s] INFO:colcon.colcon_core.shell:Creating environment hook '/home/beto/ROS_PROJECTS/scout/install/scout_slam/share/scout_slam/hook/pythonpath.sh'
[1.055s] Level 1:colcon.colcon_core.environment:checking '/home/beto/ROS_PROJECTS/scout/install/scout_slam/bin'
[1.055s] Level 1:colcon.colcon_core.environment:create_environment_scripts_only(scout_slam)
[1.056s] INFO:colcon.colcon_core.shell:Creating package script '/home/beto/ROS_PROJECTS/scout/install/scout_slam/share/scout_slam/package.ps1'
[1.056s] INFO:colcon.colcon_core.shell:Creating package descriptor '/home/beto/ROS_PROJECTS/scout/install/scout_slam/share/scout_slam/package.dsv'
[1.056s] INFO:colcon.colcon_core.shell:Creating package script '/home/beto/ROS_PROJECTS/scout/install/scout_slam/share/scout_slam/package.sh'
[1.056s] INFO:colcon.colcon_core.shell:Creating package script '/home/beto/ROS_PROJECTS/scout/install/scout_slam/share/scout_slam/package.bash'
[1.057s] INFO:colcon.colcon_core.shell:Creating package script '/home/beto/ROS_PROJECTS/scout/install/scout_slam/share/scout_slam/package.zsh'
[1.057s] Level 1:colcon.colcon_core.environment:create_file_with_runtime_dependencies(/home/beto/ROS_PROJECTS/scout/install/scout_slam/share/colcon-core/packages/scout_slam)
[1.069s] Level 1:colcon.colcon_core.environment:checking '/home/beto/ROS_PROJECTS/scout/install/gaurd_bot' for CMake module files
[1.069s] DEBUG:colcon.colcon_core.event_handler.log_command:Invoked command in '/home/beto/ROS_PROJECTS/scout/src/gaurd_bot' returned '0': PYTHONPATH=/home/beto/ROS_PROJECTS/scout/build/gaurd_bot/prefix_override:/usr/lib/python3/dist-packages/colcon_core/task/python/colcon_distutils_commands:/home/beto/ROS_PROJECTS/scout/install/gaurd_bot/lib/python3.10/site-packages:${PYTHONPATH} /usr/bin/python3 -W ignore:setup.py install is deprecated -W ignore:easy_install command is deprecated setup.py egg_info --egg-base ../../build/gaurd_bot build --build-base /home/beto/ROS_PROJECTS/scout/build/gaurd_bot/build install --record /home/beto/ROS_PROJECTS/scout/build/gaurd_bot/install.log --single-version-externally-managed install_data
[1.070s] Level 1:colcon.colcon_core.environment:checking '/home/beto/ROS_PROJECTS/scout/install/gaurd_bot' for CMake config files
[1.070s] Level 1:colcon.colcon_core.environment:checking '/home/beto/ROS_PROJECTS/scout/install/gaurd_bot/lib'
[1.070s] Level 1:colcon.colcon_core.environment:checking '/home/beto/ROS_PROJECTS/scout/install/gaurd_bot/bin'
[1.071s] Level 1:colcon.colcon_core.environment:checking '/home/beto/ROS_PROJECTS/scout/install/gaurd_bot/lib/pkgconfig/gaurd_bot.pc'
[1.071s] Level 1:colcon.colcon_core.environment:checking '/home/beto/ROS_PROJECTS/scout/install/gaurd_bot/lib/python3.10/site-packages'
[1.071s] Level 1:colcon.colcon_core.shell:create_environment_hook('gaurd_bot', 'pythonpath')
[1.071s] INFO:colcon.colcon_core.shell:Creating environment hook '/home/beto/ROS_PROJECTS/scout/install/gaurd_bot/share/gaurd_bot/hook/pythonpath.ps1'
[1.071s] INFO:colcon.colcon_core.shell:Creating environment descriptor '/home/beto/ROS_PROJECTS/scout/install/gaurd_bot/share/gaurd_bot/hook/pythonpath.dsv'
[1.072s] INFO:colcon.colcon_core.shell:Creating environment hook '/home/beto/ROS_PROJECTS/scout/install/gaurd_bot/share/gaurd_bot/hook/pythonpath.sh'
[1.072s] Level 1:colcon.colcon_core.environment:checking '/home/beto/ROS_PROJECTS/scout/install/gaurd_bot/bin'
[1.072s] Level 1:colcon.colcon_core.environment:create_environment_scripts_only(gaurd_bot)
[1.072s] INFO:colcon.colcon_core.shell:Creating package script '/home/beto/ROS_PROJECTS/scout/install/gaurd_bot/share/gaurd_bot/package.ps1'
[1.073s] INFO:colcon.colcon_core.shell:Creating package descriptor '/home/beto/ROS_PROJECTS/scout/install/gaurd_bot/share/gaurd_bot/package.dsv'
[1.073s] INFO:colcon.colcon_core.shell:Creating package script '/home/beto/ROS_PROJECTS/scout/install/gaurd_bot/share/gaurd_bot/package.sh'
[1.073s] INFO:colcon.colcon_core.shell:Creating package script '/home/beto/ROS_PROJECTS/scout/install/gaurd_bot/share/gaurd_bot/package.bash'
[1.073s] INFO:colcon.colcon_core.shell:Creating package script '/home/beto/ROS_PROJECTS/scout/install/gaurd_bot/share/gaurd_bot/package.zsh'
[1.074s] Level 1:colcon.colcon_core.environment:create_file_with_runtime_dependencies(/home/beto/ROS_PROJECTS/scout/install/gaurd_bot/share/colcon-core/packages/gaurd_bot)
[1.074s] DEBUG:colcon.colcon_parallel_executor.executor.parallel:closing loop
[1.074s] DEBUG:colcon.colcon_parallel_executor.executor.parallel:loop closed
[1.074s] DEBUG:colcon.colcon_parallel_executor.executor.parallel:run_until_complete finished with '0'
[1.074s] DEBUG:colcon.colcon_core.event_reactor:joining thread
[1.080s] INFO:colcon.colcon_core.plugin_system:Skipping extension 'colcon_notification.desktop_notification.terminal_notifier': Not used on non-Darwin systems
[1.080s] INFO:colcon.colcon_core.plugin_system:Skipping extension 'colcon_notification.desktop_notification.win32': Not used on non-Windows systems
[1.080s] INFO:colcon.colcon_notification.desktop_notification:Sending desktop notification using 'notify2'
[1.093s] DEBUG:colcon.colcon_core.event_reactor:joined thread
[1.093s] INFO:colcon.colcon_core.shell:Creating prefix script '/home/beto/ROS_PROJECTS/scout/install/local_setup.ps1'
[1.094s] INFO:colcon.colcon_core.shell:Creating prefix util module '/home/beto/ROS_PROJECTS/scout/install/_local_setup_util_ps1.py'
[1.095s] INFO:colcon.colcon_core.shell:Creating prefix chain script '/home/beto/ROS_PROJECTS/scout/install/setup.ps1'
[1.096s] INFO:colcon.colcon_core.shell:Creating prefix script '/home/beto/ROS_PROJECTS/scout/install/local_setup.sh'
[1.097s] INFO:colcon.colcon_core.shell:Creating prefix util module '/home/beto/ROS_PROJECTS/scout/install/_local_setup_util_sh.py'
[1.097s] INFO:colcon.colcon_core.shell:Creating prefix chain script '/home/beto/ROS_PROJECTS/scout/install/setup.sh'
[1.098s] INFO:colcon.colcon_core.shell:Creating prefix script '/home/beto/ROS_PROJECTS/scout/install/local_setup.bash'
[1.099s] INFO:colcon.colcon_core.shell:Creating prefix chain script '/home/beto/ROS_PROJECTS/scout/install/setup.bash'
[1.100s] INFO:colcon.colcon_core.shell:Creating prefix script '/home/beto/ROS_PROJECTS/scout/install/local_setup.zsh'
[1.100s] INFO:colcon.colcon_core.shell:Creating prefix chain script '/home/beto/ROS_PROJECTS/scout/install/setup.zsh'
