[0.060s] DEBUG:colcon:Command line arguments: ['/usr/bin/colcon', 'build']
[0.061s] DEBUG:colcon:Parsed command line arguments: Namespace(log_base=None, log_level=None, verb_name='build', build_base='build', install_base='install', merge_install=False, symlink_install=False, test_result_base=None, continue_on_error=False, executor='parallel', parallel_workers=20, event_handlers=None, ignore_user_meta=False, metas=['./colcon.meta'], base_paths=['.'], packages_ignore=None, packages_ignore_regex=None, paths=None, packages_up_to=None, packages_up_to_regex=None, packages_above=None, packages_above_and_dependencies=None, packages_above_depth=None, packages_select_by_dep=None, packages_skip_by_dep=None, packages_skip_up_to=None, packages_select_build_failed=False, packages_skip_build_finished=False, packages_select_test_failures=False, packages_skip_test_passed=False, packages_select=None, packages_skip=None, packages_select_regex=None, packages_skip_regex=None, packages_start=None, packages_end=None, allow_overriding=[], cmake_args=None, cmake_target=None, cmake_target_skip_unavailable=False, cmake_clean_cache=False, cmake_clean_first=False, cmake_force_configure=False, ament_cmake_args=None, catkin_cmake_args=None, catkin_skip_building_tests=False, mixin_files=None, mixin=None, verb_parser=<colcon_mixin.mixin.mixin_argument.MixinArgumentDecorator object at 0x77ef9447bfa0>, verb_extension=<colcon_core.verb.build.BuildVerb object at 0x77ef9447baf0>, main=<bound method BuildVerb.main of <colcon_core.verb.build.BuildVerb object at 0x77ef9447baf0>>, mixin_verb=('build',))
[0.149s] Level 1:colcon.colcon_core.package_discovery:discover_packages(colcon_meta) check parameters
[0.149s] Level 1:colcon.colcon_core.package_discovery:discover_packages(recursive) check parameters
[0.149s] Level 1:colcon.colcon_core.package_discovery:discover_packages(ignore) check parameters
[0.149s] Level 1:colcon.colcon_core.package_discovery:discover_packages(path) check parameters
[0.149s] Level 1:colcon.colcon_core.package_discovery:discover_packages(colcon_meta) discover
[0.149s] Level 1:colcon.colcon_core.package_discovery:discover_packages(recursive) discover
[0.149s] INFO:colcon.colcon_core.package_discovery:Crawling recursively for packages in '/home/beto/ROS_PROJECTS/scout'
[0.149s] Level 1:colcon.colcon_core.package_identification:_identify(.) by extensions ['ignore', 'ignore_ament_install']
[0.150s] Level 1:colcon.colcon_core.package_identification:_identify(.) by extension 'ignore'
[0.150s] Level 1:colcon.colcon_core.package_identification:_identify(.) by extension 'ignore_ament_install'
[0.150s] Level 1:colcon.colcon_core.package_identification:_identify(.) by extensions ['colcon_pkg']
[0.150s] Level 1:colcon.colcon_core.package_identification:_identify(.) by extension 'colcon_pkg'
[0.150s] Level 1:colcon.colcon_core.package_identification:_identify(.) by extensions ['colcon_meta']
[0.150s] Level 1:colcon.colcon_core.package_identification:_identify(.) by extension 'colcon_meta'
[0.150s] Level 1:colcon.colcon_core.package_identification:_identify(.) by extensions ['ros']
[0.150s] Level 1:colcon.colcon_core.package_identification:_identify(.) by extension 'ros'
[0.156s] Level 1:colcon.colcon_core.package_identification:_identify(.) by extensions ['cmake', 'python']
[0.156s] Level 1:colcon.colcon_core.package_identification:_identify(.) by extension 'cmake'
[0.156s] Level 1:colcon.colcon_core.package_identification:_identify(.) by extension 'python'
[0.156s] Level 1:colcon.colcon_core.package_identification:_identify(.) by extensions ['python_setup_py']
[0.157s] Level 1:colcon.colcon_core.package_identification:_identify(.) by extension 'python_setup_py'
[0.157s] Level 1:colcon.colcon_core.package_identification:_identify(build) by extensions ['ignore', 'ignore_ament_install']
[0.157s] Level 1:colcon.colcon_core.package_identification:_identify(build) by extension 'ignore'
[0.157s] Level 1:colcon.colcon_core.package_identification:_identify(build) ignored
[0.157s] Level 1:colcon.colcon_core.package_identification:_identify(install) by extensions ['ignore', 'ignore_ament_install']
[0.157s] Level 1:colcon.colcon_core.package_identification:_identify(install) by extension 'ignore'
[0.157s] Level 1:colcon.colcon_core.package_identification:_identify(install) ignored
[0.157s] Level 1:colcon.colcon_core.package_identification:_identify(log) by extensions ['ignore', 'ignore_ament_install']
[0.157s] Level 1:colcon.colcon_core.package_identification:_identify(log) by extension 'ignore'
[0.157s] Level 1:colcon.colcon_core.package_identification:_identify(log) ignored
[0.157s] Level 1:colcon.colcon_core.package_identification:_identify(src) by extensions ['ignore', 'ignore_ament_install']
[0.157s] Level 1:colcon.colcon_core.package_identification:_identify(src) by extension 'ignore'
[0.157s] Level 1:colcon.colcon_core.package_identification:_identify(src) by extension 'ignore_ament_install'
[0.157s] Level 1:colcon.colcon_core.package_identification:_identify(src) by extensions ['colcon_pkg']
[0.157s] Level 1:colcon.colcon_core.package_identification:_identify(src) by extension 'colcon_pkg'
[0.157s] Level 1:colcon.colcon_core.package_identification:_identify(src) by extensions ['colcon_meta']
[0.157s] Level 1:colcon.colcon_core.package_identification:_identify(src) by extension 'colcon_meta'
[0.157s] Level 1:colcon.colcon_core.package_identification:_identify(src) by extensions ['ros']
[0.157s] Level 1:colcon.colcon_core.package_identification:_identify(src) by extension 'ros'
[0.157s] Level 1:colcon.colcon_core.package_identification:_identify(src) by extensions ['cmake', 'python']
[0.157s] Level 1:colcon.colcon_core.package_identification:_identify(src) by extension 'cmake'
[0.157s] Level 1:colcon.colcon_core.package_identification:_identify(src) by extension 'python'
[0.157s] Level 1:colcon.colcon_core.package_identification:_identify(src) by extensions ['python_setup_py']
[0.157s] Level 1:colcon.colcon_core.package_identification:_identify(src) by extension 'python_setup_py'
[0.157s] Level 1:colcon.colcon_core.package_identification:_identify(src/gaurd_bot) by extensions ['ignore', 'ignore_ament_install']
[0.157s] Level 1:colcon.colcon_core.package_identification:_identify(src/gaurd_bot) by extension 'ignore'
[0.157s] Level 1:colcon.colcon_core.package_identification:_identify(src/gaurd_bot) by extension 'ignore_ament_install'
[0.157s] Level 1:colcon.colcon_core.package_identification:_identify(src/gaurd_bot) by extensions ['colcon_pkg']
[0.157s] Level 1:colcon.colcon_core.package_identification:_identify(src/gaurd_bot) by extension 'colcon_pkg'
[0.157s] Level 1:colcon.colcon_core.package_identification:_identify(src/gaurd_bot) by extensions ['colcon_meta']
[0.157s] Level 1:colcon.colcon_core.package_identification:_identify(src/gaurd_bot) by extension 'colcon_meta'
[0.157s] Level 1:colcon.colcon_core.package_identification:_identify(src/gaurd_bot) by extensions ['ros']
[0.157s] Level 1:colcon.colcon_core.package_identification:_identify(src/gaurd_bot) by extension 'ros'
[0.164s] DEBUG:colcon.colcon_core.package_identification:Package 'src/gaurd_bot' with type 'ros.ament_python' and name 'gaurd_bot'
[0.164s] Level 1:colcon.colcon_core.package_identification:_identify(src/scout_ros2) by extensions ['ignore', 'ignore_ament_install']
[0.164s] Level 1:colcon.colcon_core.package_identification:_identify(src/scout_ros2) by extension 'ignore'
[0.164s] Level 1:colcon.colcon_core.package_identification:_identify(src/scout_ros2) by extension 'ignore_ament_install'
[0.164s] Level 1:colcon.colcon_core.package_identification:_identify(src/scout_ros2) by extensions ['colcon_pkg']
[0.164s] Level 1:colcon.colcon_core.package_identification:_identify(src/scout_ros2) by extension 'colcon_pkg'
[0.164s] Level 1:colcon.colcon_core.package_identification:_identify(src/scout_ros2) by extensions ['colcon_meta']
[0.164s] Level 1:colcon.colcon_core.package_identification:_identify(src/scout_ros2) by extension 'colcon_meta'
[0.164s] Level 1:colcon.colcon_core.package_identification:_identify(src/scout_ros2) by extensions ['ros']
[0.164s] Level 1:colcon.colcon_core.package_identification:_identify(src/scout_ros2) by extension 'ros'
[0.164s] Level 1:colcon.colcon_core.package_identification:_identify(src/scout_ros2) by extensions ['cmake', 'python']
[0.164s] Level 1:colcon.colcon_core.package_identification:_identify(src/scout_ros2) by extension 'cmake'
[0.164s] Level 1:colcon.colcon_core.package_identification:_identify(src/scout_ros2) by extension 'python'
[0.164s] Level 1:colcon.colcon_core.package_identification:_identify(src/scout_ros2) by extensions ['python_setup_py']
[0.164s] Level 1:colcon.colcon_core.package_identification:_identify(src/scout_ros2) by extension 'python_setup_py'
[0.164s] Level 1:colcon.colcon_core.package_identification:_identify(src/scout_ros2/scout_base) by extensions ['ignore', 'ignore_ament_install']
[0.164s] Level 1:colcon.colcon_core.package_identification:_identify(src/scout_ros2/scout_base) by extension 'ignore'
[0.164s] Level 1:colcon.colcon_core.package_identification:_identify(src/scout_ros2/scout_base) by extension 'ignore_ament_install'
[0.164s] Level 1:colcon.colcon_core.package_identification:_identify(src/scout_ros2/scout_base) by extensions ['colcon_pkg']
[0.164s] Level 1:colcon.colcon_core.package_identification:_identify(src/scout_ros2/scout_base) by extension 'colcon_pkg'
[0.164s] Level 1:colcon.colcon_core.package_identification:_identify(src/scout_ros2/scout_base) by extensions ['colcon_meta']
[0.164s] Level 1:colcon.colcon_core.package_identification:_identify(src/scout_ros2/scout_base) by extension 'colcon_meta'
[0.164s] Level 1:colcon.colcon_core.package_identification:_identify(src/scout_ros2/scout_base) by extensions ['ros']
[0.164s] Level 1:colcon.colcon_core.package_identification:_identify(src/scout_ros2/scout_base) by extension 'ros'
[0.165s] DEBUG:colcon.colcon_core.package_identification:Package 'src/scout_ros2/scout_base' with type 'ros.ament_cmake' and name 'scout_base'
[0.165s] Level 1:colcon.colcon_core.package_identification:_identify(src/scout_ros2/scout_description) by extensions ['ignore', 'ignore_ament_install']
[0.165s] Level 1:colcon.colcon_core.package_identification:_identify(src/scout_ros2/scout_description) by extension 'ignore'
[0.165s] Level 1:colcon.colcon_core.package_identification:_identify(src/scout_ros2/scout_description) by extension 'ignore_ament_install'
[0.165s] Level 1:colcon.colcon_core.package_identification:_identify(src/scout_ros2/scout_description) by extensions ['colcon_pkg']
[0.165s] Level 1:colcon.colcon_core.package_identification:_identify(src/scout_ros2/scout_description) by extension 'colcon_pkg'
[0.165s] Level 1:colcon.colcon_core.package_identification:_identify(src/scout_ros2/scout_description) by extensions ['colcon_meta']
[0.165s] Level 1:colcon.colcon_core.package_identification:_identify(src/scout_ros2/scout_description) by extension 'colcon_meta'
[0.165s] Level 1:colcon.colcon_core.package_identification:_identify(src/scout_ros2/scout_description) by extensions ['ros']
[0.165s] Level 1:colcon.colcon_core.package_identification:_identify(src/scout_ros2/scout_description) by extension 'ros'
[0.165s] DEBUG:colcon.colcon_core.package_identification:Package 'src/scout_ros2/scout_description' with type 'ros.ament_cmake' and name 'scout_description'
[0.165s] Level 1:colcon.colcon_core.package_identification:_identify(src/scout_ros2/scout_msgs) by extensions ['ignore', 'ignore_ament_install']
[0.165s] Level 1:colcon.colcon_core.package_identification:_identify(src/scout_ros2/scout_msgs) by extension 'ignore'
[0.165s] Level 1:colcon.colcon_core.package_identification:_identify(src/scout_ros2/scout_msgs) by extension 'ignore_ament_install'
[0.165s] Level 1:colcon.colcon_core.package_identification:_identify(src/scout_ros2/scout_msgs) by extensions ['colcon_pkg']
[0.165s] Level 1:colcon.colcon_core.package_identification:_identify(src/scout_ros2/scout_msgs) by extension 'colcon_pkg'
[0.165s] Level 1:colcon.colcon_core.package_identification:_identify(src/scout_ros2/scout_msgs) by extensions ['colcon_meta']
[0.165s] Level 1:colcon.colcon_core.package_identification:_identify(src/scout_ros2/scout_msgs) by extension 'colcon_meta'
[0.165s] Level 1:colcon.colcon_core.package_identification:_identify(src/scout_ros2/scout_msgs) by extensions ['ros']
[0.165s] Level 1:colcon.colcon_core.package_identification:_identify(src/scout_ros2/scout_msgs) by extension 'ros'
[0.166s] DEBUG:colcon.colcon_core.package_identification:Package 'src/scout_ros2/scout_msgs' with type 'ros.ament_cmake' and name 'scout_msgs'
[0.166s] Level 1:colcon.colcon_core.package_identification:_identify(src/scout_slam) by extensions ['ignore', 'ignore_ament_install']
[0.166s] Level 1:colcon.colcon_core.package_identification:_identify(src/scout_slam) by extension 'ignore'
[0.166s] Level 1:colcon.colcon_core.package_identification:_identify(src/scout_slam) by extension 'ignore_ament_install'
[0.166s] Level 1:colcon.colcon_core.package_identification:_identify(src/scout_slam) by extensions ['colcon_pkg']
[0.166s] Level 1:colcon.colcon_core.package_identification:_identify(src/scout_slam) by extension 'colcon_pkg'
[0.166s] Level 1:colcon.colcon_core.package_identification:_identify(src/scout_slam) by extensions ['colcon_meta']
[0.166s] Level 1:colcon.colcon_core.package_identification:_identify(src/scout_slam) by extension 'colcon_meta'
[0.166s] Level 1:colcon.colcon_core.package_identification:_identify(src/scout_slam) by extensions ['ros']
[0.166s] Level 1:colcon.colcon_core.package_identification:_identify(src/scout_slam) by extension 'ros'
[0.166s] DEBUG:colcon.colcon_core.package_identification:Package 'src/scout_slam' with type 'ros.ament_python' and name 'scout_slam'
[0.166s] Level 1:colcon.colcon_core.package_identification:_identify(src/ugv_sdk) by extensions ['ignore', 'ignore_ament_install']
[0.166s] Level 1:colcon.colcon_core.package_identification:_identify(src/ugv_sdk) by extension 'ignore'
[0.166s] Level 1:colcon.colcon_core.package_identification:_identify(src/ugv_sdk) by extension 'ignore_ament_install'
[0.166s] Level 1:colcon.colcon_core.package_identification:_identify(src/ugv_sdk) by extensions ['colcon_pkg']
[0.166s] Level 1:colcon.colcon_core.package_identification:_identify(src/ugv_sdk) by extension 'colcon_pkg'
[0.166s] Level 1:colcon.colcon_core.package_identification:_identify(src/ugv_sdk) by extensions ['colcon_meta']
[0.166s] Level 1:colcon.colcon_core.package_identification:_identify(src/ugv_sdk) by extension 'colcon_meta'
[0.166s] Level 1:colcon.colcon_core.package_identification:_identify(src/ugv_sdk) by extensions ['ros']
[0.166s] Level 1:colcon.colcon_core.package_identification:_identify(src/ugv_sdk) by extension 'ros'
[0.167s] DEBUG:colcon.colcon_core.package_identification:Package 'src/ugv_sdk' with type 'ros.catkin' and name 'ugv_sdk'
[0.167s] Level 1:colcon.colcon_core.package_discovery:discover_packages(recursive) using defaults
[0.167s] Level 1:colcon.colcon_core.package_discovery:discover_packages(ignore) discover
[0.167s] Level 1:colcon.colcon_core.package_discovery:discover_packages(ignore) using defaults
[0.167s] Level 1:colcon.colcon_core.package_discovery:discover_packages(path) discover
[0.167s] Level 1:colcon.colcon_core.package_discovery:discover_packages(path) using defaults
[0.178s] Level 1:colcon.colcon_core.package_discovery:discover_packages(prefix_path) check parameters
[0.178s] Level 1:colcon.colcon_core.package_discovery:discover_packages(prefix_path) discover
[0.179s] DEBUG:colcon.colcon_installed_package_information.package_discovery:Found 6 installed packages in /home/beto/ROS_PROJECTS/scout/install
[0.180s] DEBUG:colcon.colcon_installed_package_information.package_discovery:Found 318 installed packages in /opt/ros/humble
[0.181s] Level 1:colcon.colcon_core.package_discovery:discover_packages(prefix_path) using defaults
[0.201s] Level 5:colcon.colcon_core.verb:set package 'gaurd_bot' build argument 'cmake_args' from command line to 'None'
[0.201s] Level 5:colcon.colcon_core.verb:set package 'gaurd_bot' build argument 'cmake_target' from command line to 'None'
[0.201s] Level 5:colcon.colcon_core.verb:set package 'gaurd_bot' build argument 'cmake_target_skip_unavailable' from command line to 'False'
[0.201s] Level 5:colcon.colcon_core.verb:set package 'gaurd_bot' build argument 'cmake_clean_cache' from command line to 'False'
[0.201s] Level 5:colcon.colcon_core.verb:set package 'gaurd_bot' build argument 'cmake_clean_first' from command line to 'False'
[0.201s] Level 5:colcon.colcon_core.verb:set package 'gaurd_bot' build argument 'cmake_force_configure' from command line to 'False'
[0.201s] Level 5:colcon.colcon_core.verb:set package 'gaurd_bot' build argument 'ament_cmake_args' from command line to 'None'
[0.201s] Level 5:colcon.colcon_core.verb:set package 'gaurd_bot' build argument 'catkin_cmake_args' from command line to 'None'
[0.201s] Level 5:colcon.colcon_core.verb:set package 'gaurd_bot' build argument 'catkin_skip_building_tests' from command line to 'False'
[0.201s] DEBUG:colcon.colcon_core.verb:Building package 'gaurd_bot' with the following arguments: {'ament_cmake_args': None, 'build_base': '/home/beto/ROS_PROJECTS/scout/build/gaurd_bot', 'catkin_cmake_args': None, 'catkin_skip_building_tests': False, 'cmake_args': None, 'cmake_clean_cache': False, 'cmake_clean_first': False, 'cmake_force_configure': False, 'cmake_target': None, 'cmake_target_skip_unavailable': False, 'install_base': '/home/beto/ROS_PROJECTS/scout/install/gaurd_bot', 'merge_install': False, 'path': '/home/beto/ROS_PROJECTS/scout/src/gaurd_bot', 'symlink_install': False, 'test_result_base': None}
[0.201s] Level 5:colcon.colcon_core.verb:set package 'scout_description' build argument 'cmake_args' from command line to 'None'
[0.201s] Level 5:colcon.colcon_core.verb:set package 'scout_description' build argument 'cmake_target' from command line to 'None'
[0.201s] Level 5:colcon.colcon_core.verb:set package 'scout_description' build argument 'cmake_target_skip_unavailable' from command line to 'False'
[0.201s] Level 5:colcon.colcon_core.verb:set package 'scout_description' build argument 'cmake_clean_cache' from command line to 'False'
[0.201s] Level 5:colcon.colcon_core.verb:set package 'scout_description' build argument 'cmake_clean_first' from command line to 'False'
[0.201s] Level 5:colcon.colcon_core.verb:set package 'scout_description' build argument 'cmake_force_configure' from command line to 'False'
[0.201s] Level 5:colcon.colcon_core.verb:set package 'scout_description' build argument 'ament_cmake_args' from command line to 'None'
[0.201s] Level 5:colcon.colcon_core.verb:set package 'scout_description' build argument 'catkin_cmake_args' from command line to 'None'
[0.201s] Level 5:colcon.colcon_core.verb:set package 'scout_description' build argument 'catkin_skip_building_tests' from command line to 'False'
[0.201s] DEBUG:colcon.colcon_core.verb:Building package 'scout_description' with the following arguments: {'ament_cmake_args': None, 'build_base': '/home/beto/ROS_PROJECTS/scout/build/scout_description', 'catkin_cmake_args': None, 'catkin_skip_building_tests': False, 'cmake_args': None, 'cmake_clean_cache': False, 'cmake_clean_first': False, 'cmake_force_configure': False, 'cmake_target': None, 'cmake_target_skip_unavailable': False, 'install_base': '/home/beto/ROS_PROJECTS/scout/install/scout_description', 'merge_install': False, 'path': '/home/beto/ROS_PROJECTS/scout/src/scout_ros2/scout_description', 'symlink_install': False, 'test_result_base': None}
[0.202s] Level 5:colcon.colcon_core.verb:set package 'scout_msgs' build argument 'cmake_args' from command line to 'None'
[0.202s] Level 5:colcon.colcon_core.verb:set package 'scout_msgs' build argument 'cmake_target' from command line to 'None'
[0.202s] Level 5:colcon.colcon_core.verb:set package 'scout_msgs' build argument 'cmake_target_skip_unavailable' from command line to 'False'
[0.202s] Level 5:colcon.colcon_core.verb:set package 'scout_msgs' build argument 'cmake_clean_cache' from command line to 'False'
[0.202s] Level 5:colcon.colcon_core.verb:set package 'scout_msgs' build argument 'cmake_clean_first' from command line to 'False'
[0.202s] Level 5:colcon.colcon_core.verb:set package 'scout_msgs' build argument 'cmake_force_configure' from command line to 'False'
[0.202s] Level 5:colcon.colcon_core.verb:set package 'scout_msgs' build argument 'ament_cmake_args' from command line to 'None'
[0.202s] Level 5:colcon.colcon_core.verb:set package 'scout_msgs' build argument 'catkin_cmake_args' from command line to 'None'
[0.202s] Level 5:colcon.colcon_core.verb:set package 'scout_msgs' build argument 'catkin_skip_building_tests' from command line to 'False'
[0.202s] DEBUG:colcon.colcon_core.verb:Building package 'scout_msgs' with the following arguments: {'ament_cmake_args': None, 'build_base': '/home/beto/ROS_PROJECTS/scout/build/scout_msgs', 'catkin_cmake_args': None, 'catkin_skip_building_tests': False, 'cmake_args': None, 'cmake_clean_cache': False, 'cmake_clean_first': False, 'cmake_force_configure': False, 'cmake_target': None, 'cmake_target_skip_unavailable': False, 'install_base': '/home/beto/ROS_PROJECTS/scout/install/scout_msgs', 'merge_install': False, 'path': '/home/beto/ROS_PROJECTS/scout/src/scout_ros2/scout_msgs', 'symlink_install': False, 'test_result_base': None}
[0.202s] Level 5:colcon.colcon_core.verb:set package 'scout_slam' build argument 'cmake_args' from command line to 'None'
[0.202s] Level 5:colcon.colcon_core.verb:set package 'scout_slam' build argument 'cmake_target' from command line to 'None'
[0.202s] Level 5:colcon.colcon_core.verb:set package 'scout_slam' build argument 'cmake_target_skip_unavailable' from command line to 'False'
[0.202s] Level 5:colcon.colcon_core.verb:set package 'scout_slam' build argument 'cmake_clean_cache' from command line to 'False'
[0.202s] Level 5:colcon.colcon_core.verb:set package 'scout_slam' build argument 'cmake_clean_first' from command line to 'False'
[0.202s] Level 5:colcon.colcon_core.verb:set package 'scout_slam' build argument 'cmake_force_configure' from command line to 'False'
[0.202s] Level 5:colcon.colcon_core.verb:set package 'scout_slam' build argument 'ament_cmake_args' from command line to 'None'
[0.202s] Level 5:colcon.colcon_core.verb:set package 'scout_slam' build argument 'catkin_cmake_args' from command line to 'None'
[0.202s] Level 5:colcon.colcon_core.verb:set package 'scout_slam' build argument 'catkin_skip_building_tests' from command line to 'False'
[0.202s] DEBUG:colcon.colcon_core.verb:Building package 'scout_slam' with the following arguments: {'ament_cmake_args': None, 'build_base': '/home/beto/ROS_PROJECTS/scout/build/scout_slam', 'catkin_cmake_args': None, 'catkin_skip_building_tests': False, 'cmake_args': None, 'cmake_clean_cache': False, 'cmake_clean_first': False, 'cmake_force_configure': False, 'cmake_target': None, 'cmake_target_skip_unavailable': False, 'install_base': '/home/beto/ROS_PROJECTS/scout/install/scout_slam', 'merge_install': False, 'path': '/home/beto/ROS_PROJECTS/scout/src/scout_slam', 'symlink_install': False, 'test_result_base': None}
[0.202s] Level 5:colcon.colcon_core.verb:set package 'ugv_sdk' build argument 'cmake_args' from command line to 'None'
[0.202s] Level 5:colcon.colcon_core.verb:set package 'ugv_sdk' build argument 'cmake_target' from command line to 'None'
[0.202s] Level 5:colcon.colcon_core.verb:set package 'ugv_sdk' build argument 'cmake_target_skip_unavailable' from command line to 'False'
[0.202s] Level 5:colcon.colcon_core.verb:set package 'ugv_sdk' build argument 'cmake_clean_cache' from command line to 'False'
[0.202s] Level 5:colcon.colcon_core.verb:set package 'ugv_sdk' build argument 'cmake_clean_first' from command line to 'False'
[0.202s] Level 5:colcon.colcon_core.verb:set package 'ugv_sdk' build argument 'cmake_force_configure' from command line to 'False'
[0.202s] Level 5:colcon.colcon_core.verb:set package 'ugv_sdk' build argument 'ament_cmake_args' from command line to 'None'
[0.202s] Level 5:colcon.colcon_core.verb:set package 'ugv_sdk' build argument 'catkin_cmake_args' from command line to 'None'
[0.202s] Level 5:colcon.colcon_core.verb:set package 'ugv_sdk' build argument 'catkin_skip_building_tests' from command line to 'False'
[0.202s] DEBUG:colcon.colcon_core.verb:Building package 'ugv_sdk' with the following arguments: {'ament_cmake_args': None, 'build_base': '/home/beto/ROS_PROJECTS/scout/build/ugv_sdk', 'catkin_cmake_args': None, 'catkin_skip_building_tests': False, 'cmake_args': None, 'cmake_clean_cache': False, 'cmake_clean_first': False, 'cmake_force_configure': False, 'cmake_target': None, 'cmake_target_skip_unavailable': False, 'install_base': '/home/beto/ROS_PROJECTS/scout/install/ugv_sdk', 'merge_install': False, 'path': '/home/beto/ROS_PROJECTS/scout/src/ugv_sdk', 'symlink_install': False, 'test_result_base': None}
[0.202s] Level 5:colcon.colcon_core.verb:set package 'scout_base' build argument 'cmake_args' from command line to 'None'
[0.202s] Level 5:colcon.colcon_core.verb:set package 'scout_base' build argument 'cmake_target' from command line to 'None'
[0.202s] Level 5:colcon.colcon_core.verb:set package 'scout_base' build argument 'cmake_target_skip_unavailable' from command line to 'False'
[0.202s] Level 5:colcon.colcon_core.verb:set package 'scout_base' build argument 'cmake_clean_cache' from command line to 'False'
[0.202s] Level 5:colcon.colcon_core.verb:set package 'scout_base' build argument 'cmake_clean_first' from command line to 'False'
[0.202s] Level 5:colcon.colcon_core.verb:set package 'scout_base' build argument 'cmake_force_configure' from command line to 'False'
[0.202s] Level 5:colcon.colcon_core.verb:set package 'scout_base' build argument 'ament_cmake_args' from command line to 'None'
[0.202s] Level 5:colcon.colcon_core.verb:set package 'scout_base' build argument 'catkin_cmake_args' from command line to 'None'
[0.202s] Level 5:colcon.colcon_core.verb:set package 'scout_base' build argument 'catkin_skip_building_tests' from command line to 'False'
[0.202s] DEBUG:colcon.colcon_core.verb:Building package 'scout_base' with the following arguments: {'ament_cmake_args': None, 'build_base': '/home/beto/ROS_PROJECTS/scout/build/scout_base', 'catkin_cmake_args': None, 'catkin_skip_building_tests': False, 'cmake_args': None, 'cmake_clean_cache': False, 'cmake_clean_first': False, 'cmake_force_configure': False, 'cmake_target': None, 'cmake_target_skip_unavailable': False, 'install_base': '/home/beto/ROS_PROJECTS/scout/install/scout_base', 'merge_install': False, 'path': '/home/beto/ROS_PROJECTS/scout/src/scout_ros2/scout_base', 'symlink_install': False, 'test_result_base': None}
[0.202s] INFO:colcon.colcon_core.executor:Executing jobs using 'parallel' executor
[0.203s] DEBUG:colcon.colcon_parallel_executor.executor.parallel:run_until_complete
[0.203s] INFO:colcon.colcon_ros.task.ament_cmake.build:Building ROS package in '/home/beto/ROS_PROJECTS/scout/src/scout_ros2/scout_msgs' with build type 'ament_cmake'
[0.204s] INFO:colcon.colcon_cmake.task.cmake.build:Building CMake package in '/home/beto/ROS_PROJECTS/scout/src/scout_ros2/scout_msgs'
[0.205s] INFO:colcon.colcon_core.plugin_system:Skipping extension 'colcon_core.shell.bat': Not used on non-Windows systems
[0.205s] INFO:colcon.colcon_core.shell:Skip shell extension 'powershell' for command environment: Not usable outside of PowerShell
[0.205s] DEBUG:colcon.colcon_core.shell:Skip shell extension 'dsv' for command environment
[0.207s] INFO:colcon.colcon_ros.task.catkin.build:Building ROS package in '/home/beto/ROS_PROJECTS/scout/src/ugv_sdk' with build type 'catkin'
[0.207s] INFO:colcon.colcon_cmake.task.cmake.build:Building CMake package in '/home/beto/ROS_PROJECTS/scout/src/ugv_sdk'
[0.207s] INFO:colcon.colcon_core.shell:Skip shell extension 'powershell' for command environment: Not usable outside of PowerShell
[0.207s] DEBUG:colcon.colcon_core.shell:Skip shell extension 'dsv' for command environment
[0.209s] INFO:colcon.colcon_ros.task.ament_python.build:Building ROS package in '/home/beto/ROS_PROJECTS/scout/src/gaurd_bot' with build type 'ament_python'
[0.209s] Level 1:colcon.colcon_core.shell:create_environment_hook('gaurd_bot', 'ament_prefix_path')
[0.209s] INFO:colcon.colcon_core.shell:Creating environment hook '/home/beto/ROS_PROJECTS/scout/install/gaurd_bot/share/gaurd_bot/hook/ament_prefix_path.ps1'
[0.209s] INFO:colcon.colcon_core.shell:Creating environment descriptor '/home/beto/ROS_PROJECTS/scout/install/gaurd_bot/share/gaurd_bot/hook/ament_prefix_path.dsv'
[0.209s] INFO:colcon.colcon_core.shell:Creating environment hook '/home/beto/ROS_PROJECTS/scout/install/gaurd_bot/share/gaurd_bot/hook/ament_prefix_path.sh'
[0.210s] INFO:colcon.colcon_core.shell:Skip shell extension 'powershell' for command environment: Not usable outside of PowerShell
[0.210s] DEBUG:colcon.colcon_core.shell:Skip shell extension 'dsv' for command environment
[0.211s] INFO:colcon.colcon_ros.task.ament_cmake.build:Building ROS package in '/home/beto/ROS_PROJECTS/scout/src/scout_ros2/scout_description' with build type 'ament_cmake'
[0.211s] INFO:colcon.colcon_cmake.task.cmake.build:Building CMake package in '/home/beto/ROS_PROJECTS/scout/src/scout_ros2/scout_description'
[0.212s] INFO:colcon.colcon_core.shell:Skip shell extension 'powershell' for command environment: Not usable outside of PowerShell
[0.212s] DEBUG:colcon.colcon_core.shell:Skip shell extension 'dsv' for command environment
[0.213s] INFO:colcon.colcon_ros.task.ament_python.build:Building ROS package in '/home/beto/ROS_PROJECTS/scout/src/scout_slam' with build type 'ament_python'
[0.213s] Level 1:colcon.colcon_core.shell:create_environment_hook('scout_slam', 'ament_prefix_path')
[0.213s] INFO:colcon.colcon_core.shell:Creating environment hook '/home/beto/ROS_PROJECTS/scout/install/scout_slam/share/scout_slam/hook/ament_prefix_path.ps1'
[0.214s] INFO:colcon.colcon_core.shell:Creating environment descriptor '/home/beto/ROS_PROJECTS/scout/install/scout_slam/share/scout_slam/hook/ament_prefix_path.dsv'
[0.214s] INFO:colcon.colcon_core.shell:Creating environment hook '/home/beto/ROS_PROJECTS/scout/install/scout_slam/share/scout_slam/hook/ament_prefix_path.sh'
[0.214s] INFO:colcon.colcon_core.shell:Skip shell extension 'powershell' for command environment: Not usable outside of PowerShell
[0.214s] DEBUG:colcon.colcon_core.shell:Skip shell extension 'dsv' for command environment
[0.221s] DEBUG:colcon.colcon_core.event_handler.log_command:Invoking command in '/home/beto/ROS_PROJECTS/scout/build/scout_msgs': CMAKE_PREFIX_PATH=/home/beto/ROS_PROJECTS/scout/install/scout_base:/home/beto/ROS_PROJECTS/scout/install/scout_slam:/home/beto/ROS_PROJECTS/scout/install/gaurd_bot:/opt/ros/humble:/home/beto/ROS_PROJECTS/scout/install/ugv_sdk:/home/beto/ROS_PROJECTS/scout/install/scout_msgs:/home/beto/ROS_PROJECTS/scout/install/scout_description /usr/bin/cmake --build /home/beto/ROS_PROJECTS/scout/build/scout_msgs -- -j20 -l20
[0.224s] DEBUG:colcon.colcon_core.event_handler.log_command:Invoking command in '/home/beto/ROS_PROJECTS/scout/build/ugv_sdk': /usr/bin/cmake --build /home/beto/ROS_PROJECTS/scout/build/ugv_sdk -- -j20 -l20
[0.400s] INFO:colcon.colcon_core.task.python.build:Building Python package in '/home/beto/ROS_PROJECTS/scout/src/gaurd_bot'
[0.400s] INFO:colcon.colcon_core.shell:Skip shell extension 'powershell' for command environment: Not usable outside of PowerShell
[0.400s] DEBUG:colcon.colcon_core.shell:Skip shell extension 'dsv' for command environment
[0.404s] DEBUG:colcon.colcon_core.event_handler.log_command:Invoking command in '/home/beto/ROS_PROJECTS/scout/build/scout_description': CMAKE_PREFIX_PATH=/home/beto/ROS_PROJECTS/scout/install/scout_base:/home/beto/ROS_PROJECTS/scout/install/scout_slam:/home/beto/ROS_PROJECTS/scout/install/gaurd_bot:/opt/ros/humble:/home/beto/ROS_PROJECTS/scout/install/ugv_sdk:/home/beto/ROS_PROJECTS/scout/install/scout_msgs:/home/beto/ROS_PROJECTS/scout/install/scout_description /usr/bin/cmake --build /home/beto/ROS_PROJECTS/scout/build/scout_description -- -j20 -l20
[0.566s] INFO:colcon.colcon_core.task.python.build:Building Python package in '/home/beto/ROS_PROJECTS/scout/src/scout_slam'
[0.566s] INFO:colcon.colcon_core.shell:Skip shell extension 'powershell' for command environment: Not usable outside of PowerShell
[0.567s] DEBUG:colcon.colcon_core.shell:Skip shell extension 'dsv' for command environment
[0.571s] DEBUG:colcon.colcon_core.event_handler.log_command:Invoked command in '/home/beto/ROS_PROJECTS/scout/build/ugv_sdk' returned '0': /usr/bin/cmake --build /home/beto/ROS_PROJECTS/scout/build/ugv_sdk -- -j20 -l20
[0.579s] DEBUG:colcon.colcon_core.event_handler.log_command:Invoking command in '/home/beto/ROS_PROJECTS/scout/build/ugv_sdk': /usr/bin/cmake --install /home/beto/ROS_PROJECTS/scout/build/ugv_sdk
[0.580s] DEBUG:colcon.colcon_core.event_handler.log_command:Invoked command in '/home/beto/ROS_PROJECTS/scout/build/scout_description' returned '0': CMAKE_PREFIX_PATH=/home/beto/ROS_PROJECTS/scout/install/scout_base:/home/beto/ROS_PROJECTS/scout/install/scout_slam:/home/beto/ROS_PROJECTS/scout/install/gaurd_bot:/opt/ros/humble:/home/beto/ROS_PROJECTS/scout/install/ugv_sdk:/home/beto/ROS_PROJECTS/scout/install/scout_msgs:/home/beto/ROS_PROJECTS/scout/install/scout_description /usr/bin/cmake --build /home/beto/ROS_PROJECTS/scout/build/scout_description -- -j20 -l20
[0.581s] DEBUG:colcon.colcon_core.event_handler.log_command:Invoking command in '/home/beto/ROS_PROJECTS/scout/build/scout_description': CMAKE_PREFIX_PATH=/home/beto/ROS_PROJECTS/scout/install/scout_base:/home/beto/ROS_PROJECTS/scout/install/scout_slam:/home/beto/ROS_PROJECTS/scout/install/gaurd_bot:/opt/ros/humble:/home/beto/ROS_PROJECTS/scout/install/ugv_sdk:/home/beto/ROS_PROJECTS/scout/install/scout_msgs:/home/beto/ROS_PROJECTS/scout/install/scout_description /usr/bin/cmake --install /home/beto/ROS_PROJECTS/scout/build/scout_description
[0.581s] DEBUG:colcon.colcon_core.event_handler.log_command:Invoked command in '/home/beto/ROS_PROJECTS/scout/build/scout_msgs' returned '0': CMAKE_PREFIX_PATH=/home/beto/ROS_PROJECTS/scout/install/scout_base:/home/beto/ROS_PROJECTS/scout/install/scout_slam:/home/beto/ROS_PROJECTS/scout/install/gaurd_bot:/opt/ros/humble:/home/beto/ROS_PROJECTS/scout/install/ugv_sdk:/home/beto/ROS_PROJECTS/scout/install/scout_msgs:/home/beto/ROS_PROJECTS/scout/install/scout_description /usr/bin/cmake --build /home/beto/ROS_PROJECTS/scout/build/scout_msgs -- -j20 -l20
[0.582s] DEBUG:colcon.colcon_core.event_handler.log_command:Invoking command in '/home/beto/ROS_PROJECTS/scout/build/scout_msgs': CMAKE_PREFIX_PATH=/home/beto/ROS_PROJECTS/scout/install/scout_base:/home/beto/ROS_PROJECTS/scout/install/scout_slam:/home/beto/ROS_PROJECTS/scout/install/gaurd_bot:/opt/ros/humble:/home/beto/ROS_PROJECTS/scout/install/ugv_sdk:/home/beto/ROS_PROJECTS/scout/install/scout_msgs:/home/beto/ROS_PROJECTS/scout/install/scout_description /usr/bin/cmake --install /home/beto/ROS_PROJECTS/scout/build/scout_msgs
[0.585s] DEBUG:colcon.colcon_core.event_handler.log_command:Invoked command in '/home/beto/ROS_PROJECTS/scout/build/ugv_sdk' returned '0': /usr/bin/cmake --install /home/beto/ROS_PROJECTS/scout/build/ugv_sdk
[0.585s] Level 1:colcon.colcon_core.shell:create_environment_hook('ugv_sdk', 'ros_package_path')
[0.585s] INFO:colcon.colcon_core.shell:Creating environment hook '/home/beto/ROS_PROJECTS/scout/install/ugv_sdk/share/ugv_sdk/hook/ros_package_path.ps1'
[0.586s] INFO:colcon.colcon_core.shell:Creating environment descriptor '/home/beto/ROS_PROJECTS/scout/install/ugv_sdk/share/ugv_sdk/hook/ros_package_path.dsv'
[0.588s] INFO:colcon.colcon_core.shell:Creating environment hook '/home/beto/ROS_PROJECTS/scout/install/ugv_sdk/share/ugv_sdk/hook/ros_package_path.sh'
[0.591s] Level 1:colcon.colcon_core.shell:create_environment_hook('ugv_sdk', 'pkg_config_path')
[0.591s] INFO:colcon.colcon_core.shell:Creating environment hook '/home/beto/ROS_PROJECTS/scout/install/ugv_sdk/share/ugv_sdk/hook/pkg_config_path.ps1'
[0.592s] INFO:colcon.colcon_core.shell:Creating environment descriptor '/home/beto/ROS_PROJECTS/scout/install/ugv_sdk/share/ugv_sdk/hook/pkg_config_path.dsv'
[0.593s] INFO:colcon.colcon_core.shell:Creating environment hook '/home/beto/ROS_PROJECTS/scout/install/ugv_sdk/share/ugv_sdk/hook/pkg_config_path.sh'
[0.595s] Level 1:colcon.colcon_core.shell:create_environment_hook('ugv_sdk', 'pkg_config_path_multiarch')
[0.596s] INFO:colcon.colcon_core.shell:Creating environment hook '/home/beto/ROS_PROJECTS/scout/install/ugv_sdk/share/ugv_sdk/hook/pkg_config_path_multiarch.ps1'
[0.596s] INFO:colcon.colcon_core.shell:Creating environment descriptor '/home/beto/ROS_PROJECTS/scout/install/ugv_sdk/share/ugv_sdk/hook/pkg_config_path_multiarch.dsv'
[0.596s] INFO:colcon.colcon_core.shell:Creating environment hook '/home/beto/ROS_PROJECTS/scout/install/ugv_sdk/share/ugv_sdk/hook/pkg_config_path_multiarch.sh'
[0.597s] Level 1:colcon.colcon_core.environment:create_environment_scripts_only(ugv_sdk)
[0.598s] Level 1:colcon.colcon_core.environment:checking '/home/beto/ROS_PROJECTS/scout/install/ugv_sdk' for CMake module files
[0.598s] Level 1:colcon.colcon_core.environment:checking '/home/beto/ROS_PROJECTS/scout/install/ugv_sdk' for CMake config files
[0.598s] Level 1:colcon.colcon_core.shell:create_environment_hook('ugv_sdk', 'cmake_prefix_path')
[0.599s] INFO:colcon.colcon_core.shell:Creating environment hook '/home/beto/ROS_PROJECTS/scout/install/ugv_sdk/share/ugv_sdk/hook/cmake_prefix_path.ps1'
[0.599s] INFO:colcon.colcon_core.shell:Creating environment descriptor '/home/beto/ROS_PROJECTS/scout/install/ugv_sdk/share/ugv_sdk/hook/cmake_prefix_path.dsv'
[0.599s] INFO:colcon.colcon_core.shell:Creating environment hook '/home/beto/ROS_PROJECTS/scout/install/ugv_sdk/share/ugv_sdk/hook/cmake_prefix_path.sh'
[0.599s] Level 1:colcon.colcon_core.environment:checking '/home/beto/ROS_PROJECTS/scout/install/ugv_sdk/lib'
[0.600s] Level 1:colcon.colcon_core.environment:checking '/home/beto/ROS_PROJECTS/scout/install/ugv_sdk/bin'
[0.600s] Level 1:colcon.colcon_core.environment:checking '/home/beto/ROS_PROJECTS/scout/install/ugv_sdk/lib/pkgconfig/ugv_sdk.pc'
[0.600s] Level 1:colcon.colcon_core.environment:checking '/home/beto/ROS_PROJECTS/scout/install/ugv_sdk/lib/python3.10/site-packages'
[0.600s] Level 1:colcon.colcon_core.environment:checking '/home/beto/ROS_PROJECTS/scout/install/ugv_sdk/bin'
[0.600s] INFO:colcon.colcon_core.shell:Creating package script '/home/beto/ROS_PROJECTS/scout/install/ugv_sdk/share/ugv_sdk/package.ps1'
[0.601s] INFO:colcon.colcon_core.shell:Creating package descriptor '/home/beto/ROS_PROJECTS/scout/install/ugv_sdk/share/ugv_sdk/package.dsv'
[0.601s] INFO:colcon.colcon_core.shell:Creating package script '/home/beto/ROS_PROJECTS/scout/install/ugv_sdk/share/ugv_sdk/package.sh'
[0.602s] INFO:colcon.colcon_core.shell:Creating package script '/home/beto/ROS_PROJECTS/scout/install/ugv_sdk/share/ugv_sdk/package.bash'
[0.602s] INFO:colcon.colcon_core.shell:Creating package script '/home/beto/ROS_PROJECTS/scout/install/ugv_sdk/share/ugv_sdk/package.zsh'
[0.602s] Level 1:colcon.colcon_core.environment:create_file_with_runtime_dependencies(/home/beto/ROS_PROJECTS/scout/install/ugv_sdk/share/colcon-core/packages/ugv_sdk)
[0.603s] Level 1:colcon.colcon_core.environment:create_environment_scripts_only(scout_description)
[0.603s] Level 1:colcon.colcon_core.environment:checking '/home/beto/ROS_PROJECTS/scout/install/scout_description' for CMake module files
[0.604s] DEBUG:colcon.colcon_core.event_handler.log_command:Invoked command in '/home/beto/ROS_PROJECTS/scout/build/scout_description' returned '0': CMAKE_PREFIX_PATH=/home/beto/ROS_PROJECTS/scout/install/scout_base:/home/beto/ROS_PROJECTS/scout/install/scout_slam:/home/beto/ROS_PROJECTS/scout/install/gaurd_bot:/opt/ros/humble:/home/beto/ROS_PROJECTS/scout/install/ugv_sdk:/home/beto/ROS_PROJECTS/scout/install/scout_msgs:/home/beto/ROS_PROJECTS/scout/install/scout_description /usr/bin/cmake --install /home/beto/ROS_PROJECTS/scout/build/scout_description
[0.604s] Level 1:colcon.colcon_core.environment:checking '/home/beto/ROS_PROJECTS/scout/install/scout_description' for CMake config files
[0.604s] Level 1:colcon.colcon_core.shell:create_environment_hook('scout_description', 'cmake_prefix_path')
[0.604s] INFO:colcon.colcon_core.shell:Creating environment hook '/home/beto/ROS_PROJECTS/scout/install/scout_description/share/scout_description/hook/cmake_prefix_path.ps1'
[0.605s] INFO:colcon.colcon_core.shell:Creating environment descriptor '/home/beto/ROS_PROJECTS/scout/install/scout_description/share/scout_description/hook/cmake_prefix_path.dsv'
[0.605s] INFO:colcon.colcon_core.shell:Creating environment hook '/home/beto/ROS_PROJECTS/scout/install/scout_description/share/scout_description/hook/cmake_prefix_path.sh'
[0.605s] Level 1:colcon.colcon_core.environment:checking '/home/beto/ROS_PROJECTS/scout/install/scout_description/bin'
[0.605s] Level 1:colcon.colcon_core.environment:checking '/home/beto/ROS_PROJECTS/scout/install/scout_description/lib/pkgconfig/scout_description.pc'
[0.605s] Level 1:colcon.colcon_core.environment:checking '/home/beto/ROS_PROJECTS/scout/install/scout_description/lib/python3.10/site-packages'
[0.605s] Level 1:colcon.colcon_core.environment:checking '/home/beto/ROS_PROJECTS/scout/install/scout_description/bin'
[0.606s] INFO:colcon.colcon_core.shell:Creating package script '/home/beto/ROS_PROJECTS/scout/install/scout_description/share/scout_description/package.ps1'
[0.606s] INFO:colcon.colcon_core.shell:Creating package descriptor '/home/beto/ROS_PROJECTS/scout/install/scout_description/share/scout_description/package.dsv'
[0.606s] INFO:colcon.colcon_core.shell:Creating package script '/home/beto/ROS_PROJECTS/scout/install/scout_description/share/scout_description/package.sh'
[0.606s] INFO:colcon.colcon_core.shell:Creating package script '/home/beto/ROS_PROJECTS/scout/install/scout_description/share/scout_description/package.bash'
[0.606s] INFO:colcon.colcon_core.shell:Creating package script '/home/beto/ROS_PROJECTS/scout/install/scout_description/share/scout_description/package.zsh'
[0.607s] Level 1:colcon.colcon_core.environment:create_file_with_runtime_dependencies(/home/beto/ROS_PROJECTS/scout/install/scout_description/share/colcon-core/packages/scout_description)
[0.607s] Level 1:colcon.colcon_core.environment:create_environment_scripts_only(scout_description)
[0.607s] Level 1:colcon.colcon_core.environment:checking '/home/beto/ROS_PROJECTS/scout/install/scout_description' for CMake module files
[0.607s] Level 1:colcon.colcon_core.environment:checking '/home/beto/ROS_PROJECTS/scout/install/scout_description' for CMake config files
[0.608s] Level 1:colcon.colcon_core.shell:create_environment_hook('scout_description', 'cmake_prefix_path')
[0.608s] INFO:colcon.colcon_core.shell:Creating environment hook '/home/beto/ROS_PROJECTS/scout/install/scout_description/share/scout_description/hook/cmake_prefix_path.ps1'
[0.608s] INFO:colcon.colcon_core.shell:Creating environment descriptor '/home/beto/ROS_PROJECTS/scout/install/scout_description/share/scout_description/hook/cmake_prefix_path.dsv'
[0.608s] INFO:colcon.colcon_core.shell:Creating environment hook '/home/beto/ROS_PROJECTS/scout/install/scout_description/share/scout_description/hook/cmake_prefix_path.sh'
[0.608s] Level 1:colcon.colcon_core.environment:checking '/home/beto/ROS_PROJECTS/scout/install/scout_description/bin'
[0.608s] Level 1:colcon.colcon_core.environment:checking '/home/beto/ROS_PROJECTS/scout/install/scout_description/lib/pkgconfig/scout_description.pc'
[0.609s] Level 1:colcon.colcon_core.environment:checking '/home/beto/ROS_PROJECTS/scout/install/scout_description/lib/python3.10/site-packages'
[0.609s] Level 1:colcon.colcon_core.environment:checking '/home/beto/ROS_PROJECTS/scout/install/scout_description/bin'
[0.609s] INFO:colcon.colcon_core.shell:Creating package script '/home/beto/ROS_PROJECTS/scout/install/scout_description/share/scout_description/package.ps1'
[0.609s] INFO:colcon.colcon_core.shell:Creating package descriptor '/home/beto/ROS_PROJECTS/scout/install/scout_description/share/scout_description/package.dsv'
[0.609s] INFO:colcon.colcon_core.shell:Creating package script '/home/beto/ROS_PROJECTS/scout/install/scout_description/share/scout_description/package.sh'
[0.610s] INFO:colcon.colcon_core.shell:Creating package script '/home/beto/ROS_PROJECTS/scout/install/scout_description/share/scout_description/package.bash'
[0.610s] INFO:colcon.colcon_core.shell:Creating package script '/home/beto/ROS_PROJECTS/scout/install/scout_description/share/scout_description/package.zsh'
[0.610s] Level 1:colcon.colcon_core.environment:create_file_with_runtime_dependencies(/home/beto/ROS_PROJECTS/scout/install/scout_description/share/colcon-core/packages/scout_description)
[0.673s] Level 1:colcon.colcon_core.environment:create_environment_scripts_only(scout_msgs)
[0.673s] Level 1:colcon.colcon_core.environment:checking '/home/beto/ROS_PROJECTS/scout/install/scout_msgs' for CMake module files
[0.674s] Level 1:colcon.colcon_core.environment:checking '/home/beto/ROS_PROJECTS/scout/install/scout_msgs' for CMake config files
[0.675s] DEBUG:colcon.colcon_core.event_handler.log_command:Invoked command in '/home/beto/ROS_PROJECTS/scout/build/scout_msgs' returned '0': CMAKE_PREFIX_PATH=/home/beto/ROS_PROJECTS/scout/install/scout_base:/home/beto/ROS_PROJECTS/scout/install/scout_slam:/home/beto/ROS_PROJECTS/scout/install/gaurd_bot:/opt/ros/humble:/home/beto/ROS_PROJECTS/scout/install/ugv_sdk:/home/beto/ROS_PROJECTS/scout/install/scout_msgs:/home/beto/ROS_PROJECTS/scout/install/scout_description /usr/bin/cmake --install /home/beto/ROS_PROJECTS/scout/build/scout_msgs
[0.675s] Level 1:colcon.colcon_core.shell:create_environment_hook('scout_msgs', 'cmake_prefix_path')
[0.675s] INFO:colcon.colcon_core.shell:Creating environment hook '/home/beto/ROS_PROJECTS/scout/install/scout_msgs/share/scout_msgs/hook/cmake_prefix_path.ps1'
[0.676s] INFO:colcon.colcon_core.shell:Creating environment descriptor '/home/beto/ROS_PROJECTS/scout/install/scout_msgs/share/scout_msgs/hook/cmake_prefix_path.dsv'
[0.676s] INFO:colcon.colcon_core.shell:Creating environment hook '/home/beto/ROS_PROJECTS/scout/install/scout_msgs/share/scout_msgs/hook/cmake_prefix_path.sh'
[0.676s] Level 1:colcon.colcon_core.environment:checking '/home/beto/ROS_PROJECTS/scout/install/scout_msgs/lib'
[0.676s] Level 1:colcon.colcon_core.shell:create_environment_hook('scout_msgs', 'ld_library_path_lib')
[0.676s] INFO:colcon.colcon_core.shell:Creating environment hook '/home/beto/ROS_PROJECTS/scout/install/scout_msgs/share/scout_msgs/hook/ld_library_path_lib.ps1'
[0.676s] INFO:colcon.colcon_core.shell:Creating environment descriptor '/home/beto/ROS_PROJECTS/scout/install/scout_msgs/share/scout_msgs/hook/ld_library_path_lib.dsv'
[0.677s] INFO:colcon.colcon_core.shell:Creating environment hook '/home/beto/ROS_PROJECTS/scout/install/scout_msgs/share/scout_msgs/hook/ld_library_path_lib.sh'
[0.677s] Level 1:colcon.colcon_core.environment:checking '/home/beto/ROS_PROJECTS/scout/install/scout_msgs/bin'
[0.677s] Level 1:colcon.colcon_core.environment:checking '/home/beto/ROS_PROJECTS/scout/install/scout_msgs/lib/pkgconfig/scout_msgs.pc'
[0.677s] Level 1:colcon.colcon_core.environment:checking '/home/beto/ROS_PROJECTS/scout/install/scout_msgs/lib/python3.10/site-packages'
[0.677s] Level 1:colcon.colcon_core.environment:checking '/home/beto/ROS_PROJECTS/scout/install/scout_msgs/bin'
[0.677s] INFO:colcon.colcon_core.shell:Creating package script '/home/beto/ROS_PROJECTS/scout/install/scout_msgs/share/scout_msgs/package.ps1'
[0.678s] INFO:colcon.colcon_core.shell:Creating package descriptor '/home/beto/ROS_PROJECTS/scout/install/scout_msgs/share/scout_msgs/package.dsv'
[0.678s] INFO:colcon.colcon_core.shell:Creating package script '/home/beto/ROS_PROJECTS/scout/install/scout_msgs/share/scout_msgs/package.sh'
[0.678s] INFO:colcon.colcon_core.shell:Creating package script '/home/beto/ROS_PROJECTS/scout/install/scout_msgs/share/scout_msgs/package.bash'
[0.678s] INFO:colcon.colcon_core.shell:Creating package script '/home/beto/ROS_PROJECTS/scout/install/scout_msgs/share/scout_msgs/package.zsh'
[0.678s] Level 1:colcon.colcon_core.environment:create_file_with_runtime_dependencies(/home/beto/ROS_PROJECTS/scout/install/scout_msgs/share/colcon-core/packages/scout_msgs)
[0.679s] Level 1:colcon.colcon_core.environment:create_environment_scripts_only(scout_msgs)
[0.679s] Level 1:colcon.colcon_core.environment:checking '/home/beto/ROS_PROJECTS/scout/install/scout_msgs' for CMake module files
[0.679s] Level 1:colcon.colcon_core.environment:checking '/home/beto/ROS_PROJECTS/scout/install/scout_msgs' for CMake config files
[0.679s] Level 1:colcon.colcon_core.shell:create_environment_hook('scout_msgs', 'cmake_prefix_path')
[0.679s] INFO:colcon.colcon_core.shell:Creating environment hook '/home/beto/ROS_PROJECTS/scout/install/scout_msgs/share/scout_msgs/hook/cmake_prefix_path.ps1'
[0.680s] INFO:colcon.colcon_core.shell:Creating environment descriptor '/home/beto/ROS_PROJECTS/scout/install/scout_msgs/share/scout_msgs/hook/cmake_prefix_path.dsv'
[0.680s] INFO:colcon.colcon_core.shell:Creating environment hook '/home/beto/ROS_PROJECTS/scout/install/scout_msgs/share/scout_msgs/hook/cmake_prefix_path.sh'
[0.680s] Level 1:colcon.colcon_core.environment:checking '/home/beto/ROS_PROJECTS/scout/install/scout_msgs/lib'
[0.680s] Level 1:colcon.colcon_core.shell:create_environment_hook('scout_msgs', 'ld_library_path_lib')
[0.680s] INFO:colcon.colcon_core.shell:Creating environment hook '/home/beto/ROS_PROJECTS/scout/install/scout_msgs/share/scout_msgs/hook/ld_library_path_lib.ps1'
[0.680s] INFO:colcon.colcon_core.shell:Creating environment descriptor '/home/beto/ROS_PROJECTS/scout/install/scout_msgs/share/scout_msgs/hook/ld_library_path_lib.dsv'
[0.681s] INFO:colcon.colcon_core.shell:Creating environment hook '/home/beto/ROS_PROJECTS/scout/install/scout_msgs/share/scout_msgs/hook/ld_library_path_lib.sh'
[0.681s] Level 1:colcon.colcon_core.environment:checking '/home/beto/ROS_PROJECTS/scout/install/scout_msgs/bin'
[0.681s] Level 1:colcon.colcon_core.environment:checking '/home/beto/ROS_PROJECTS/scout/install/scout_msgs/lib/pkgconfig/scout_msgs.pc'
[0.681s] Level 1:colcon.colcon_core.environment:checking '/home/beto/ROS_PROJECTS/scout/install/scout_msgs/lib/python3.10/site-packages'
[0.681s] Level 1:colcon.colcon_core.environment:checking '/home/beto/ROS_PROJECTS/scout/install/scout_msgs/bin'
[0.681s] INFO:colcon.colcon_core.shell:Creating package script '/home/beto/ROS_PROJECTS/scout/install/scout_msgs/share/scout_msgs/package.ps1'
[0.682s] INFO:colcon.colcon_core.shell:Creating package descriptor '/home/beto/ROS_PROJECTS/scout/install/scout_msgs/share/scout_msgs/package.dsv'
[0.682s] INFO:colcon.colcon_core.shell:Creating package script '/home/beto/ROS_PROJECTS/scout/install/scout_msgs/share/scout_msgs/package.sh'
[0.682s] INFO:colcon.colcon_core.shell:Creating package script '/home/beto/ROS_PROJECTS/scout/install/scout_msgs/share/scout_msgs/package.bash'
[0.682s] INFO:colcon.colcon_core.shell:Creating package script '/home/beto/ROS_PROJECTS/scout/install/scout_msgs/share/scout_msgs/package.zsh'
[0.683s] Level 1:colcon.colcon_core.environment:create_file_with_runtime_dependencies(/home/beto/ROS_PROJECTS/scout/install/scout_msgs/share/colcon-core/packages/scout_msgs)
[0.683s] INFO:colcon.colcon_ros.task.ament_cmake.build:Building ROS package in '/home/beto/ROS_PROJECTS/scout/src/scout_ros2/scout_base' with build type 'ament_cmake'
[0.683s] INFO:colcon.colcon_cmake.task.cmake.build:Building CMake package in '/home/beto/ROS_PROJECTS/scout/src/scout_ros2/scout_base'
[0.683s] INFO:colcon.colcon_core.shell:Skip shell extension 'powershell' for command environment: Not usable outside of PowerShell
[0.683s] DEBUG:colcon.colcon_core.shell:Skip shell extension 'dsv' for command environment
[0.692s] DEBUG:colcon.colcon_core.event_handler.log_command:Invoking command in '/home/beto/ROS_PROJECTS/scout/build/scout_base': CMAKE_PREFIX_PATH=/home/beto/ROS_PROJECTS/scout/install/scout_slam:/home/beto/ROS_PROJECTS/scout/install/gaurd_bot:/opt/ros/humble:/home/beto/ROS_PROJECTS/scout/install/ugv_sdk:/home/beto/ROS_PROJECTS/scout/install/scout_msgs:/home/beto/ROS_PROJECTS/scout/install/scout_base:/home/beto/ROS_PROJECTS/scout/install/scout_description /usr/bin/cmake --build /home/beto/ROS_PROJECTS/scout/build/scout_base -- -j20 -l20
[0.759s] DEBUG:colcon.colcon_core.event_handler.log_command:Invoked command in '/home/beto/ROS_PROJECTS/scout/build/scout_base' returned '0': CMAKE_PREFIX_PATH=/home/beto/ROS_PROJECTS/scout/install/scout_slam:/home/beto/ROS_PROJECTS/scout/install/gaurd_bot:/opt/ros/humble:/home/beto/ROS_PROJECTS/scout/install/ugv_sdk:/home/beto/ROS_PROJECTS/scout/install/scout_msgs:/home/beto/ROS_PROJECTS/scout/install/scout_base:/home/beto/ROS_PROJECTS/scout/install/scout_description /usr/bin/cmake --build /home/beto/ROS_PROJECTS/scout/build/scout_base -- -j20 -l20
[0.760s] DEBUG:colcon.colcon_core.event_handler.log_command:Invoking command in '/home/beto/ROS_PROJECTS/scout/build/scout_base': CMAKE_PREFIX_PATH=/home/beto/ROS_PROJECTS/scout/install/scout_slam:/home/beto/ROS_PROJECTS/scout/install/gaurd_bot:/opt/ros/humble:/home/beto/ROS_PROJECTS/scout/install/ugv_sdk:/home/beto/ROS_PROJECTS/scout/install/scout_msgs:/home/beto/ROS_PROJECTS/scout/install/scout_base:/home/beto/ROS_PROJECTS/scout/install/scout_description /usr/bin/cmake --install /home/beto/ROS_PROJECTS/scout/build/scout_base
[0.769s] Level 1:colcon.colcon_core.environment:create_environment_scripts_only(scout_base)
[0.770s] Level 1:colcon.colcon_core.environment:checking '/home/beto/ROS_PROJECTS/scout/install/scout_base' for CMake module files
[0.770s] DEBUG:colcon.colcon_core.event_handler.log_command:Invoked command in '/home/beto/ROS_PROJECTS/scout/build/scout_base' returned '0': CMAKE_PREFIX_PATH=/home/beto/ROS_PROJECTS/scout/install/scout_slam:/home/beto/ROS_PROJECTS/scout/install/gaurd_bot:/opt/ros/humble:/home/beto/ROS_PROJECTS/scout/install/ugv_sdk:/home/beto/ROS_PROJECTS/scout/install/scout_msgs:/home/beto/ROS_PROJECTS/scout/install/scout_base:/home/beto/ROS_PROJECTS/scout/install/scout_description /usr/bin/cmake --install /home/beto/ROS_PROJECTS/scout/build/scout_base
[0.770s] Level 1:colcon.colcon_core.environment:checking '/home/beto/ROS_PROJECTS/scout/install/scout_base' for CMake config files
[0.771s] Level 1:colcon.colcon_core.shell:create_environment_hook('scout_base', 'cmake_prefix_path')
[0.771s] INFO:colcon.colcon_core.shell:Creating environment hook '/home/beto/ROS_PROJECTS/scout/install/scout_base/share/scout_base/hook/cmake_prefix_path.ps1'
[0.771s] INFO:colcon.colcon_core.shell:Creating environment descriptor '/home/beto/ROS_PROJECTS/scout/install/scout_base/share/scout_base/hook/cmake_prefix_path.dsv'
[0.771s] INFO:colcon.colcon_core.shell:Creating environment hook '/home/beto/ROS_PROJECTS/scout/install/scout_base/share/scout_base/hook/cmake_prefix_path.sh'
[0.771s] Level 1:colcon.colcon_core.environment:checking '/home/beto/ROS_PROJECTS/scout/install/scout_base/lib'
[0.772s] Level 1:colcon.colcon_core.environment:checking '/home/beto/ROS_PROJECTS/scout/install/scout_base/bin'
[0.772s] Level 1:colcon.colcon_core.environment:checking '/home/beto/ROS_PROJECTS/scout/install/scout_base/lib/pkgconfig/scout_base.pc'
[0.772s] Level 1:colcon.colcon_core.environment:checking '/home/beto/ROS_PROJECTS/scout/install/scout_base/lib/python3.10/site-packages'
[0.772s] Level 1:colcon.colcon_core.environment:checking '/home/beto/ROS_PROJECTS/scout/install/scout_base/bin'
[0.772s] INFO:colcon.colcon_core.shell:Creating package script '/home/beto/ROS_PROJECTS/scout/install/scout_base/share/scout_base/package.ps1'
[0.772s] INFO:colcon.colcon_core.shell:Creating package descriptor '/home/beto/ROS_PROJECTS/scout/install/scout_base/share/scout_base/package.dsv'
[0.772s] INFO:colcon.colcon_core.shell:Creating package script '/home/beto/ROS_PROJECTS/scout/install/scout_base/share/scout_base/package.sh'
[0.773s] INFO:colcon.colcon_core.shell:Creating package script '/home/beto/ROS_PROJECTS/scout/install/scout_base/share/scout_base/package.bash'
[0.773s] INFO:colcon.colcon_core.shell:Creating package script '/home/beto/ROS_PROJECTS/scout/install/scout_base/share/scout_base/package.zsh'
[0.773s] Level 1:colcon.colcon_core.environment:create_file_with_runtime_dependencies(/home/beto/ROS_PROJECTS/scout/install/scout_base/share/colcon-core/packages/scout_base)
[0.773s] Level 1:colcon.colcon_core.environment:create_environment_scripts_only(scout_base)
[0.773s] Level 1:colcon.colcon_core.environment:checking '/home/beto/ROS_PROJECTS/scout/install/scout_base' for CMake module files
[0.773s] Level 1:colcon.colcon_core.environment:checking '/home/beto/ROS_PROJECTS/scout/install/scout_base' for CMake config files
[0.774s] Level 1:colcon.colcon_core.shell:create_environment_hook('scout_base', 'cmake_prefix_path')
[0.774s] INFO:colcon.colcon_core.shell:Creating environment hook '/home/beto/ROS_PROJECTS/scout/install/scout_base/share/scout_base/hook/cmake_prefix_path.ps1'
[0.774s] INFO:colcon.colcon_core.shell:Creating environment descriptor '/home/beto/ROS_PROJECTS/scout/install/scout_base/share/scout_base/hook/cmake_prefix_path.dsv'
[0.774s] INFO:colcon.colcon_core.shell:Creating environment hook '/home/beto/ROS_PROJECTS/scout/install/scout_base/share/scout_base/hook/cmake_prefix_path.sh'
[0.774s] Level 1:colcon.colcon_core.environment:checking '/home/beto/ROS_PROJECTS/scout/install/scout_base/lib'
[0.774s] Level 1:colcon.colcon_core.environment:checking '/home/beto/ROS_PROJECTS/scout/install/scout_base/bin'
[0.775s] Level 1:colcon.colcon_core.environment:checking '/home/beto/ROS_PROJECTS/scout/install/scout_base/lib/pkgconfig/scout_base.pc'
[0.775s] Level 1:colcon.colcon_core.environment:checking '/home/beto/ROS_PROJECTS/scout/install/scout_base/lib/python3.10/site-packages'
[0.775s] Level 1:colcon.colcon_core.environment:checking '/home/beto/ROS_PROJECTS/scout/install/scout_base/bin'
[0.775s] INFO:colcon.colcon_core.shell:Creating package script '/home/beto/ROS_PROJECTS/scout/install/scout_base/share/scout_base/package.ps1'
[0.775s] INFO:colcon.colcon_core.shell:Creating package descriptor '/home/beto/ROS_PROJECTS/scout/install/scout_base/share/scout_base/package.dsv'
[0.775s] INFO:colcon.colcon_core.shell:Creating package script '/home/beto/ROS_PROJECTS/scout/install/scout_base/share/scout_base/package.sh'
[0.776s] INFO:colcon.colcon_core.shell:Creating package script '/home/beto/ROS_PROJECTS/scout/install/scout_base/share/scout_base/package.bash'
[0.776s] INFO:colcon.colcon_core.shell:Creating package script '/home/beto/ROS_PROJECTS/scout/install/scout_base/share/scout_base/package.zsh'
[0.776s] Level 1:colcon.colcon_core.environment:create_file_with_runtime_dependencies(/home/beto/ROS_PROJECTS/scout/install/scout_base/share/colcon-core/packages/scout_base)
[0.803s] DEBUG:colcon.colcon_core.event_handler.log_command:Invoking command in '/home/beto/ROS_PROJECTS/scout/src/scout_slam': PYTHONPATH=/home/beto/ROS_PROJECTS/scout/build/scout_slam/prefix_override:/usr/lib/python3/dist-packages/colcon_core/task/python/colcon_distutils_commands:/home/beto/ROS_PROJECTS/scout/install/scout_slam/lib/python3.10/site-packages:${PYTHONPATH} /usr/bin/python3 -W ignore:setup.py install is deprecated -W ignore:easy_install command is deprecated setup.py egg_info --egg-base ../../build/scout_slam build --build-base /home/beto/ROS_PROJECTS/scout/build/scout_slam/build install --record /home/beto/ROS_PROJECTS/scout/build/scout_slam/install.log --single-version-externally-managed install_data
[0.809s] DEBUG:colcon.colcon_core.event_handler.log_command:Invoking command in '/home/beto/ROS_PROJECTS/scout/src/gaurd_bot': PYTHONPATH=/home/beto/ROS_PROJECTS/scout/build/gaurd_bot/prefix_override:/usr/lib/python3/dist-packages/colcon_core/task/python/colcon_distutils_commands:/home/beto/ROS_PROJECTS/scout/install/gaurd_bot/lib/python3.10/site-packages:${PYTHONPATH} /usr/bin/python3 -W ignore:setup.py install is deprecated -W ignore:easy_install command is deprecated setup.py egg_info --egg-base ../../build/gaurd_bot build --build-base /home/beto/ROS_PROJECTS/scout/build/gaurd_bot/build install --record /home/beto/ROS_PROJECTS/scout/build/gaurd_bot/install.log --single-version-externally-managed install_data
[0.973s] Level 1:colcon.colcon_core.environment:checking '/home/beto/ROS_PROJECTS/scout/install/scout_slam' for CMake module files
[0.974s] DEBUG:colcon.colcon_core.event_handler.log_command:Invoked command in '/home/beto/ROS_PROJECTS/scout/src/scout_slam' returned '0': PYTHONPATH=/home/beto/ROS_PROJECTS/scout/build/scout_slam/prefix_override:/usr/lib/python3/dist-packages/colcon_core/task/python/colcon_distutils_commands:/home/beto/ROS_PROJECTS/scout/install/scout_slam/lib/python3.10/site-packages:${PYTHONPATH} /usr/bin/python3 -W ignore:setup.py install is deprecated -W ignore:easy_install command is deprecated setup.py egg_info --egg-base ../../build/scout_slam build --build-base /home/beto/ROS_PROJECTS/scout/build/scout_slam/build install --record /home/beto/ROS_PROJECTS/scout/build/scout_slam/install.log --single-version-externally-managed install_data
[0.974s] Level 1:colcon.colcon_core.environment:checking '/home/beto/ROS_PROJECTS/scout/install/scout_slam' for CMake config files
[0.975s] Level 1:colcon.colcon_core.environment:checking '/home/beto/ROS_PROJECTS/scout/install/scout_slam/lib'
[0.975s] Level 1:colcon.colcon_core.environment:checking '/home/beto/ROS_PROJECTS/scout/install/scout_slam/bin'
[0.975s] Level 1:colcon.colcon_core.environment:checking '/home/beto/ROS_PROJECTS/scout/install/scout_slam/lib/pkgconfig/scout_slam.pc'
[0.975s] Level 1:colcon.colcon_core.environment:checking '/home/beto/ROS_PROJECTS/scout/install/scout_slam/lib/python3.10/site-packages'
[0.975s] Level 1:colcon.colcon_core.shell:create_environment_hook('scout_slam', 'pythonpath')
[0.975s] INFO:colcon.colcon_core.shell:Creating environment hook '/home/beto/ROS_PROJECTS/scout/install/scout_slam/share/scout_slam/hook/pythonpath.ps1'
[0.975s] INFO:colcon.colcon_core.shell:Creating environment descriptor '/home/beto/ROS_PROJECTS/scout/install/scout_slam/share/scout_slam/hook/pythonpath.dsv'
[0.975s] INFO:colcon.colcon_core.shell:Creating environment hook '/home/beto/ROS_PROJECTS/scout/install/scout_slam/share/scout_slam/hook/pythonpath.sh'
[0.976s] Level 1:colcon.colcon_core.environment:checking '/home/beto/ROS_PROJECTS/scout/install/scout_slam/bin'
[0.976s] Level 1:colcon.colcon_core.environment:create_environment_scripts_only(scout_slam)
[0.976s] INFO:colcon.colcon_core.shell:Creating package script '/home/beto/ROS_PROJECTS/scout/install/scout_slam/share/scout_slam/package.ps1'
[0.976s] INFO:colcon.colcon_core.shell:Creating package descriptor '/home/beto/ROS_PROJECTS/scout/install/scout_slam/share/scout_slam/package.dsv'
[0.976s] INFO:colcon.colcon_core.shell:Creating package script '/home/beto/ROS_PROJECTS/scout/install/scout_slam/share/scout_slam/package.sh'
[0.977s] INFO:colcon.colcon_core.shell:Creating package script '/home/beto/ROS_PROJECTS/scout/install/scout_slam/share/scout_slam/package.bash'
[0.977s] INFO:colcon.colcon_core.shell:Creating package script '/home/beto/ROS_PROJECTS/scout/install/scout_slam/share/scout_slam/package.zsh'
[0.977s] Level 1:colcon.colcon_core.environment:create_file_with_runtime_dependencies(/home/beto/ROS_PROJECTS/scout/install/scout_slam/share/colcon-core/packages/scout_slam)
[0.977s] Level 1:colcon.colcon_core.environment:checking '/home/beto/ROS_PROJECTS/scout/install/gaurd_bot' for CMake module files
[0.978s] Level 1:colcon.colcon_core.environment:checking '/home/beto/ROS_PROJECTS/scout/install/gaurd_bot' for CMake config files
[0.978s] DEBUG:colcon.colcon_core.event_handler.log_command:Invoked command in '/home/beto/ROS_PROJECTS/scout/src/gaurd_bot' returned '0': PYTHONPATH=/home/beto/ROS_PROJECTS/scout/build/gaurd_bot/prefix_override:/usr/lib/python3/dist-packages/colcon_core/task/python/colcon_distutils_commands:/home/beto/ROS_PROJECTS/scout/install/gaurd_bot/lib/python3.10/site-packages:${PYTHONPATH} /usr/bin/python3 -W ignore:setup.py install is deprecated -W ignore:easy_install command is deprecated setup.py egg_info --egg-base ../../build/gaurd_bot build --build-base /home/beto/ROS_PROJECTS/scout/build/gaurd_bot/build install --record /home/beto/ROS_PROJECTS/scout/build/gaurd_bot/install.log --single-version-externally-managed install_data
[0.978s] Level 1:colcon.colcon_core.environment:checking '/home/beto/ROS_PROJECTS/scout/install/gaurd_bot/lib'
[0.978s] Level 1:colcon.colcon_core.environment:checking '/home/beto/ROS_PROJECTS/scout/install/gaurd_bot/bin'
[0.978s] Level 1:colcon.colcon_core.environment:checking '/home/beto/ROS_PROJECTS/scout/install/gaurd_bot/lib/pkgconfig/gaurd_bot.pc'
[0.978s] Level 1:colcon.colcon_core.environment:checking '/home/beto/ROS_PROJECTS/scout/install/gaurd_bot/lib/python3.10/site-packages'
[0.978s] Level 1:colcon.colcon_core.shell:create_environment_hook('gaurd_bot', 'pythonpath')
[0.978s] INFO:colcon.colcon_core.shell:Creating environment hook '/home/beto/ROS_PROJECTS/scout/install/gaurd_bot/share/gaurd_bot/hook/pythonpath.ps1'
[0.979s] INFO:colcon.colcon_core.shell:Creating environment descriptor '/home/beto/ROS_PROJECTS/scout/install/gaurd_bot/share/gaurd_bot/hook/pythonpath.dsv'
[0.979s] INFO:colcon.colcon_core.shell:Creating environment hook '/home/beto/ROS_PROJECTS/scout/install/gaurd_bot/share/gaurd_bot/hook/pythonpath.sh'
[0.979s] Level 1:colcon.colcon_core.environment:checking '/home/beto/ROS_PROJECTS/scout/install/gaurd_bot/bin'
[0.979s] Level 1:colcon.colcon_core.environment:create_environment_scripts_only(gaurd_bot)
[0.979s] INFO:colcon.colcon_core.shell:Creating package script '/home/beto/ROS_PROJECTS/scout/install/gaurd_bot/share/gaurd_bot/package.ps1'
[0.979s] INFO:colcon.colcon_core.shell:Creating package descriptor '/home/beto/ROS_PROJECTS/scout/install/gaurd_bot/share/gaurd_bot/package.dsv'
[0.980s] INFO:colcon.colcon_core.shell:Creating package script '/home/beto/ROS_PROJECTS/scout/install/gaurd_bot/share/gaurd_bot/package.sh'
[0.980s] INFO:colcon.colcon_core.shell:Creating package script '/home/beto/ROS_PROJECTS/scout/install/gaurd_bot/share/gaurd_bot/package.bash'
[0.980s] INFO:colcon.colcon_core.shell:Creating package script '/home/beto/ROS_PROJECTS/scout/install/gaurd_bot/share/gaurd_bot/package.zsh'
[0.980s] Level 1:colcon.colcon_core.environment:create_file_with_runtime_dependencies(/home/beto/ROS_PROJECTS/scout/install/gaurd_bot/share/colcon-core/packages/gaurd_bot)
[0.980s] DEBUG:colcon.colcon_parallel_executor.executor.parallel:closing loop
[0.980s] DEBUG:colcon.colcon_parallel_executor.executor.parallel:loop closed
[0.980s] DEBUG:colcon.colcon_parallel_executor.executor.parallel:run_until_complete finished with '0'
[0.980s] DEBUG:colcon.colcon_core.event_reactor:joining thread
[0.985s] INFO:colcon.colcon_core.plugin_system:Skipping extension 'colcon_notification.desktop_notification.terminal_notifier': Not used on non-Darwin systems
[0.985s] INFO:colcon.colcon_core.plugin_system:Skipping extension 'colcon_notification.desktop_notification.win32': Not used on non-Windows systems
[0.985s] INFO:colcon.colcon_notification.desktop_notification:Sending desktop notification using 'notify2'
[0.994s] DEBUG:colcon.colcon_core.event_reactor:joined thread
[0.994s] INFO:colcon.colcon_core.shell:Creating prefix script '/home/beto/ROS_PROJECTS/scout/install/local_setup.ps1'
[0.995s] INFO:colcon.colcon_core.shell:Creating prefix util module '/home/beto/ROS_PROJECTS/scout/install/_local_setup_util_ps1.py'
[0.996s] INFO:colcon.colcon_core.shell:Creating prefix chain script '/home/beto/ROS_PROJECTS/scout/install/setup.ps1'
[0.997s] INFO:colcon.colcon_core.shell:Creating prefix script '/home/beto/ROS_PROJECTS/scout/install/local_setup.sh'
[0.997s] INFO:colcon.colcon_core.shell:Creating prefix util module '/home/beto/ROS_PROJECTS/scout/install/_local_setup_util_sh.py'
[0.998s] INFO:colcon.colcon_core.shell:Creating prefix chain script '/home/beto/ROS_PROJECTS/scout/install/setup.sh'
[0.999s] INFO:colcon.colcon_core.shell:Creating prefix script '/home/beto/ROS_PROJECTS/scout/install/local_setup.bash'
[0.999s] INFO:colcon.colcon_core.shell:Creating prefix chain script '/home/beto/ROS_PROJECTS/scout/install/setup.bash'
[1.000s] INFO:colcon.colcon_core.shell:Creating prefix script '/home/beto/ROS_PROJECTS/scout/install/local_setup.zsh'
[1.000s] INFO:colcon.colcon_core.shell:Creating prefix chain script '/home/beto/ROS_PROJECTS/scout/install/setup.zsh'
