[0.026s] Invoking command in '/home/beto/ROS_PROJECTS/scout/build/ugv_sdk': /usr/bin/cmake /home/beto/ROS_PROJECTS/scout/src/ugv_sdk -DCATKIN_INSTALL_INTO_PREFIX_ROOT=0 -DCMAKE_INSTALL_PREFIX=/home/beto/ROS_PROJECTS/scout/install/ugv_sdk
[0.258s] -- The C compiler identification is GNU 11.4.0
[0.258s] -- The CXX compiler identification is GNU 11.4.0
[0.258s] -- Detecting C compiler ABI info
[0.258s] -- Detecting C compiler ABI info - done
[0.258s] -- Check for working C compiler: /usr/bin/cc - skipped
[0.258s] -- Detecting C compile features
[0.258s] -- Detecting C compile features - done
[0.259s] -- Detecting CXX compiler ABI info
[0.282s] -- Detecting CXX compiler ABI info - done
[0.288s] -- Check for working CXX compiler: /usr/bin/c++ - skipped
[0.288s] -- Detecting CXX compile features
[0.289s] -- Detecting CXX compile features - done
[0.289s] -- Build package with cmake
[0.290s] -- Setting build type to 'Release' as none was specified.
[0.290s] -- Tests will not be built
[0.291s] -- Looking for pthread.h
[0.368s] -- Looking for pthread.h - found
[0.369s] -- Performing Test CMAKE_HAVE_LIBC_PTHREAD
[0.456s] -- Performing Test CMAKE_HAVE_LIBC_PTHREAD - Success
[0.457s] -- Found Threads: TRUE  
[0.460s] -- Project will be installed to /home/beto/ROS_PROJECTS/scout/install/ugv_sdk with 'make install'
[0.460s] --  - To install LIB components to /home/beto/ROS_PROJECTS/scout/install/ugv_sdk/lib
[0.460s] --  - To install BIN components to /home/beto/ROS_PROJECTS/scout/install/ugv_sdk/bin
[0.460s] --  - To install INCLUDE components to /home/beto/ROS_PROJECTS/scout/install/ugv_sdk/include
[0.460s] --  - To install CMAKE components to /home/beto/ROS_PROJECTS/scout/install/ugv_sdk/share/cmake/ugv_sdk
[0.466s] -- Configuring done
[0.478s] -- Generating done
[0.480s] [33mCMake Warning:
[0.480s]   Manually-specified variables were not used by the project:
[0.480s] 
[0.480s]     CATKIN_INSTALL_INTO_PREFIX_ROOT
[0.480s] 
[0.480s] [0m
[0.485s] -- Build files have been written to: /home/beto/ROS_PROJECTS/scout/build/ugv_sdk
[0.520s] Invoked command in '/home/beto/ROS_PROJECTS/scout/build/ugv_sdk' returned '0': /usr/bin/cmake /home/beto/ROS_PROJECTS/scout/src/ugv_sdk -DCATKIN_INSTALL_INTO_PREFIX_ROOT=0 -DCMAKE_INSTALL_PREFIX=/home/beto/ROS_PROJECTS/scout/install/ugv_sdk
[0.527s] Invoking command in '/home/beto/ROS_PROJECTS/scout/build/ugv_sdk': /usr/bin/cmake --build /home/beto/ROS_PROJECTS/scout/build/ugv_sdk -- -j20 -l20
[0.574s] [  7%] [32mBuilding CXX object CMakeFiles/ugv_sdk.dir/src/async_port/async_serial.cpp.o[0m
[0.575s] [  7%] [32mBuilding CXX object CMakeFiles/ugv_sdk.dir/src/async_port/async_can.cpp.o[0m
[0.575s] [ 10%] [32mBuilding CXX object CMakeFiles/ugv_sdk.dir/src/mobile_robot/scout_robot.cpp.o[0m
[0.575s] [ 14%] [32mBuilding CXX object CMakeFiles/ugv_sdk.dir/src/mobile_robot/hunter_robot.cpp.o[0m
[0.575s] [ 17%] [32mBuilding CXX object CMakeFiles/ugv_sdk.dir/src/mobile_robot/bunker_robot.cpp.o[0m
[0.576s] [ 25%] [32mBuilding C object CMakeFiles/ugv_sdk.dir/src/protocol_v2/agilex_msg_parser_v2.c.o[0m
[0.576s] [ 25%] [32mBuilding CXX object CMakeFiles/ugv_sdk.dir/src/utilities/protocol_detector.cpp.o[0m
[0.576s] [ 32%] [32mBuilding CXX object CMakeFiles/ugv_sdk.dir/src/mobile_robot/titan_robot.cpp.o[0m
[0.576s] [ 32%] [32mBuilding CXX object CMakeFiles/ugv_sdk.dir/src/protocol_v2/protocol_v2_parser.cpp.o[0m
[0.576s] [ 35%] [32mBuilding C object CMakeFiles/ugv_sdk.dir/src/protocol_v1/agilex_msg_parser_v1.c.o[0m
[0.578s] [ 39%] [32mBuilding CXX object CMakeFiles/ugv_sdk.dir/src/mobile_robot/ranger_robot.cpp.o[0m
[5.039s] [ 42%] [32m[1mLinking CXX static library lib/libugv_sdk.a[0m
[5.094s] [ 42%] Built target ugv_sdk
[5.116s] [ 46%] [32mBuilding CXX object sample/hunter_demo/CMakeFiles/demo_hunter_robot.dir/hunter_robot_demo.cpp.o[0m
[5.116s] [ 50%] [32mBuilding CXX object sample/scout_demo/CMakeFiles/demo_scout_robot.dir/scout_robot_demo.cpp.o[0m
[5.116s] [ 53%] [32mBuilding CXX object sample/tracer_demo/CMakeFiles/demo_tracer_robot.dir/tracer_robot_demo.cpp.o[0m
[5.117s] [ 57%] [32mBuilding CXX object sample/scout_demo/CMakeFiles/demo_scout_mini_omni_robot.dir/scout_mini_omni_demo.cpp.o[0m
[5.117s] [ 60%] [32mBuilding CXX object sample/ranger_demo/CMakeFiles/demo_ranger_robot.dir/ranger_robot_demo.cpp.o[0m
[5.118s] [ 64%] [32mBuilding CXX object sample/utils_demo/CMakeFiles/demo_robot_version.dir/demo_robot_version.cpp.o[0m
[5.118s] [ 67%] [32mBuilding CXX object sample/bunker_demo/CMakeFiles/demo_bunker_robot.dir/bunker_robot_demo.cpp.o[0m
[5.121s] [ 71%] [32mBuilding CXX object sample/utils_demo/CMakeFiles/demo_protocol_detector.dir/demo_protocol_detector.cpp.o[0m
[5.951s] [ 75%] [32m[1mLinking CXX executable ../../bin/demo_bunker_robot[0m
[6.349s] [ 75%] Built target demo_bunker_robot
[7.130s] [ 78%] [32m[1mLinking CXX executable ../../bin/demo_protocol_detector[0m
[7.227s] [ 78%] Built target demo_protocol_detector
[7.234s] [ 82%] [32m[1mLinking CXX executable ../../bin/demo_robot_version[0m
[7.241s] [ 85%] [32m[1mLinking CXX executable ../../bin/demo_hunter_robot[0m
[7.347s] [ 85%] Built target demo_robot_version
[7.365s] [ 85%] Built target demo_hunter_robot
[7.696s] [ 89%] [32m[1mLinking CXX executable ../../bin/demo_ranger_robot[0m
[7.798s] [ 92%] [32m[1mLinking CXX executable ../../bin/demo_scout_robot[0m
[7.807s] [ 92%] Built target demo_ranger_robot
[7.908s] [ 92%] Built target demo_scout_robot
[7.990s] [ 96%] [32m[1mLinking CXX executable ../../bin/demo_scout_mini_omni_robot[0m
[8.086s] [ 96%] Built target demo_scout_mini_omni_robot
[8.332s] [100%] [32m[1mLinking CXX executable ../../bin/demo_tracer_robot[0m
[8.410s] [100%] Built target demo_tracer_robot
[8.420s] Invoked command in '/home/beto/ROS_PROJECTS/scout/build/ugv_sdk' returned '0': /usr/bin/cmake --build /home/beto/ROS_PROJECTS/scout/build/ugv_sdk -- -j20 -l20
[8.421s] Invoking command in '/home/beto/ROS_PROJECTS/scout/build/ugv_sdk': /usr/bin/cmake --install /home/beto/ROS_PROJECTS/scout/build/ugv_sdk
[8.427s] -- Install configuration: "Release"
[8.427s] -- Installing: /home/beto/ROS_PROJECTS/scout/install/ugv_sdk/lib/libugv_sdk.a
[8.428s] -- Installing: /home/beto/ROS_PROJECTS/scout/install/ugv_sdk/include/ugv_sdk
[8.428s] -- Installing: /home/beto/ROS_PROJECTS/scout/install/ugv_sdk/include/ugv_sdk/details
[8.428s] -- Installing: /home/beto/ROS_PROJECTS/scout/install/ugv_sdk/include/ugv_sdk/details/interface
[8.428s] -- Installing: /home/beto/ROS_PROJECTS/scout/install/ugv_sdk/include/ugv_sdk/details/interface/hunter_interface.hpp
[8.428s] -- Installing: /home/beto/ROS_PROJECTS/scout/install/ugv_sdk/include/ugv_sdk/details/interface/robot_common_interface.hpp
[8.429s] -- Installing: /home/beto/ROS_PROJECTS/scout/install/ugv_sdk/include/ugv_sdk/details/interface/bunker_interface.hpp
[8.429s] -- Installing: /home/beto/ROS_PROJECTS/scout/install/ugv_sdk/include/ugv_sdk/details/interface/tracer_interface.hpp
[8.429s] -- Installing: /home/beto/ROS_PROJECTS/scout/install/ugv_sdk/include/ugv_sdk/details/interface/ranger_interface.hpp
[8.429s] -- Installing: /home/beto/ROS_PROJECTS/scout/install/ugv_sdk/include/ugv_sdk/details/interface/titan_interface.hpp
[8.429s] -- Installing: /home/beto/ROS_PROJECTS/scout/install/ugv_sdk/include/ugv_sdk/details/interface/scout_interface.hpp
[8.429s] -- Installing: /home/beto/ROS_PROJECTS/scout/install/ugv_sdk/include/ugv_sdk/details/interface/agilex_types.h
[8.429s] -- Installing: /home/beto/ROS_PROJECTS/scout/install/ugv_sdk/include/ugv_sdk/details/interface/agilex_message.h
[8.429s] -- Installing: /home/beto/ROS_PROJECTS/scout/install/ugv_sdk/include/ugv_sdk/details/robot_base
[8.429s] -- Installing: /home/beto/ROS_PROJECTS/scout/install/ugv_sdk/include/ugv_sdk/details/robot_base/bunker_base.hpp
[8.429s] -- Installing: /home/beto/ROS_PROJECTS/scout/install/ugv_sdk/include/ugv_sdk/details/robot_base/titan_base.hpp
[8.429s] -- Installing: /home/beto/ROS_PROJECTS/scout/install/ugv_sdk/include/ugv_sdk/details/robot_base/tracer_base.hpp
[8.429s] -- Installing: /home/beto/ROS_PROJECTS/scout/install/ugv_sdk/include/ugv_sdk/details/robot_base/scout_base.hpp
[8.429s] -- Installing: /home/beto/ROS_PROJECTS/scout/install/ugv_sdk/include/ugv_sdk/details/robot_base/ranger_base.hpp
[8.429s] -- Installing: /home/beto/ROS_PROJECTS/scout/install/ugv_sdk/include/ugv_sdk/details/robot_base/hunter_base.hpp
[8.429s] -- Installing: /home/beto/ROS_PROJECTS/scout/install/ugv_sdk/include/ugv_sdk/details/robot_base/agilex_base.hpp
[8.429s] -- Installing: /home/beto/ROS_PROJECTS/scout/install/ugv_sdk/include/ugv_sdk/details/protocol_v1
[8.429s] -- Installing: /home/beto/ROS_PROJECTS/scout/install/ugv_sdk/include/ugv_sdk/details/protocol_v1/protocol_v1_parser.hpp
[8.429s] -- Installing: /home/beto/ROS_PROJECTS/scout/install/ugv_sdk/include/ugv_sdk/details/protocol_v1/robot_limits.hpp
[8.429s] -- Installing: /home/beto/ROS_PROJECTS/scout/install/ugv_sdk/include/ugv_sdk/details/protocol_v1/agilex_msg_parser_v1.h
[8.429s] -- Installing: /home/beto/ROS_PROJECTS/scout/install/ugv_sdk/include/ugv_sdk/details/parser_base.hpp
[8.430s] -- Installing: /home/beto/ROS_PROJECTS/scout/install/ugv_sdk/include/ugv_sdk/details/async_port
[8.430s] -- Installing: /home/beto/ROS_PROJECTS/scout/install/ugv_sdk/include/ugv_sdk/details/async_port/async_serial.hpp
[8.430s] -- Installing: /home/beto/ROS_PROJECTS/scout/install/ugv_sdk/include/ugv_sdk/details/async_port/ring_buffer.hpp
[8.430s] -- Installing: /home/beto/ROS_PROJECTS/scout/install/ugv_sdk/include/ugv_sdk/details/async_port/async_can.hpp
[8.430s] -- Installing: /home/beto/ROS_PROJECTS/scout/install/ugv_sdk/include/ugv_sdk/details/protocol_v2
[8.430s] -- Installing: /home/beto/ROS_PROJECTS/scout/install/ugv_sdk/include/ugv_sdk/details/protocol_v2/protocol_v2_parser.hpp
[8.430s] -- Installing: /home/beto/ROS_PROJECTS/scout/install/ugv_sdk/include/ugv_sdk/mobile_robot
[8.430s] -- Installing: /home/beto/ROS_PROJECTS/scout/install/ugv_sdk/include/ugv_sdk/mobile_robot/titan_robot.hpp
[8.430s] -- Installing: /home/beto/ROS_PROJECTS/scout/install/ugv_sdk/include/ugv_sdk/mobile_robot/tracer_robot.hpp
[8.430s] -- Installing: /home/beto/ROS_PROJECTS/scout/install/ugv_sdk/include/ugv_sdk/mobile_robot/ranger_robot.hpp
[8.430s] -- Installing: /home/beto/ROS_PROJECTS/scout/install/ugv_sdk/include/ugv_sdk/mobile_robot/bunker_robot.hpp
[8.430s] -- Installing: /home/beto/ROS_PROJECTS/scout/install/ugv_sdk/include/ugv_sdk/mobile_robot/scout_robot.hpp
[8.430s] -- Installing: /home/beto/ROS_PROJECTS/scout/install/ugv_sdk/include/ugv_sdk/mobile_robot/hunter_robot.hpp
[8.430s] -- Installing: /home/beto/ROS_PROJECTS/scout/install/ugv_sdk/include/ugv_sdk/utilities
[8.430s] -- Installing: /home/beto/ROS_PROJECTS/scout/install/ugv_sdk/include/ugv_sdk/utilities/protocol_detector.hpp
[8.430s] -- Installing: /home/beto/ROS_PROJECTS/scout/install/ugv_sdk/lib/cmake/ugv_sdk/ugv_sdkTargets.cmake
[8.430s] -- Installing: /home/beto/ROS_PROJECTS/scout/install/ugv_sdk/lib/cmake/ugv_sdk/ugv_sdkTargets-release.cmake
[8.430s] -- Installing: /home/beto/ROS_PROJECTS/scout/install/ugv_sdk/lib/cmake/ugv_sdk/ugv_sdkConfig.cmake
[8.430s] -- Installing: /home/beto/ROS_PROJECTS/scout/install/ugv_sdk/lib/cmake/ugv_sdk/ugv_sdkConfigVersion.cmake
[8.432s] Invoked command in '/home/beto/ROS_PROJECTS/scout/build/ugv_sdk' returned '0': /usr/bin/cmake --install /home/beto/ROS_PROJECTS/scout/build/ugv_sdk
