[0.012s] Invoking command in '/home/beto/ROS_PROJECTS/scout/build/scout_base': CMAKE_PREFIX_PATH=/home/beto/ROS_PROJECTS/scout/install/scout_slam:/home/beto/ROS_PROJECTS/scout/install/gaurd_bot:/opt/ros/humble:/home/beto/ROS_PROJECTS/scout/install/ugv_sdk:/home/beto/ROS_PROJECTS/scout/install/scout_msgs:/home/beto/ROS_PROJECTS/scout/install/scout_base:/home/beto/ROS_PROJECTS/scout/install/scout_description /usr/bin/cmake /home/beto/ROS_PROJECTS/scout/src/scout_ros2/scout_base -DCMAKE_INSTALL_PREFIX=/home/beto/ROS_PROJECTS/scout/install/scout_base
[0.061s] -- The C compiler identification is GNU 11.4.0
[0.106s] -- The CXX compiler identification is GNU 11.4.0
[0.112s] -- Detecting C compiler ABI info
[0.169s] -- Detecting C compiler ABI info - done
[0.175s] -- Check for working C compiler: /usr/bin/cc - skipped
[0.175s] -- Detecting C compile features
[0.175s] -- Detecting C compile features - done
[0.177s] -- Detecting CXX compiler ABI info
[0.248s] -- Detecting CXX compiler ABI info - done
[0.254s] -- Check for working CXX compiler: /usr/bin/c++ - skipped
[0.254s] -- Detecting CXX compile features
[0.254s] -- Detecting CXX compile features - done
[0.257s] -- Found ament_cmake: 1.3.11 (/opt/ros/humble/share/ament_cmake/cmake)
[0.755s] -- Found Python3: /home/beto/.pyenv/shims/python3 (found version "3.10.12") found components: Interpreter 
[0.891s] -- Found rclcpp: 16.0.11 (/opt/ros/humble/share/rclcpp/cmake)
[0.925s] -- Found rosidl_generator_c: 3.1.6 (/opt/ros/humble/share/rosidl_generator_c/cmake)
[0.928s] -- Found rosidl_adapter: 3.1.6 (/opt/ros/humble/share/rosidl_adapter/cmake)
[0.934s] -- Found rosidl_generator_cpp: 3.1.6 (/opt/ros/humble/share/rosidl_generator_cpp/cmake)
[0.942s] -- Using all available rosidl_typesupport_c: rosidl_typesupport_fastrtps_c;rosidl_typesupport_introspection_c
[0.953s] -- Using all available rosidl_typesupport_cpp: rosidl_typesupport_fastrtps_cpp;rosidl_typesupport_introspection_cpp
[0.983s] -- Found rmw_implementation_cmake: 6.1.2 (/opt/ros/humble/share/rmw_implementation_cmake/cmake)
[0.985s] -- Found rmw_fastrtps_cpp: 6.2.7 (/opt/ros/humble/share/rmw_fastrtps_cpp/cmake)
[1.065s] -- Found OpenSSL: /usr/lib/x86_64-linux-gnu/libcrypto.so (found version "3.0.2")  
[1.094s] -- Found FastRTPS: /opt/ros/humble/include  
[1.130s] -- Using RMW implementation 'rmw_fastrtps_cpp' as default
[1.136s] -- Looking for pthread.h
[1.198s] -- Looking for pthread.h - found
[1.198s] -- Performing Test CMAKE_HAVE_LIBC_PTHREAD
[1.267s] -- Performing Test CMAKE_HAVE_LIBC_PTHREAD - Success
[1.268s] -- Found Threads: TRUE  
[1.308s] -- Found geometry_msgs: 4.2.4 (/opt/ros/humble/share/geometry_msgs/cmake)
[1.318s] -- Found nav_msgs: 4.2.4 (/opt/ros/humble/share/nav_msgs/cmake)
[1.330s] -- Found sensor_msgs: 4.2.4 (/opt/ros/humble/share/sensor_msgs/cmake)
[1.343s] -- Found tf2: 0.25.12 (/opt/ros/humble/share/tf2/cmake)
[1.350s] -- Found tf2_ros: 0.25.12 (/opt/ros/humble/share/tf2_ros/cmake)
[1.417s] -- Found tf2_geometry_msgs: 0.25.12 (/opt/ros/humble/share/tf2_geometry_msgs/cmake)
[1.427s] -- Found eigen3_cmake_module: 0.1.1 (/opt/ros/humble/share/eigen3_cmake_module/cmake)
[1.428s] -- Found Eigen3: TRUE (found version "3.4.0") 
[1.428s] -- Ensuring Eigen3 include directory is part of orocos-kdl CMake target
[1.430s] -- Found scout_msgs: 0.1.0 (/home/beto/ROS_PROJECTS/scout/install/scout_msgs/share/scout_msgs/cmake)
[1.444s] -- Found ament_lint_auto: 0.12.11 (/opt/ros/humble/share/ament_lint_auto/cmake)
[1.561s] -- Added test 'copyright' to check source files copyright and LICENSE
[1.562s] -- Added test 'cppcheck' to perform static code analysis on C / C++ code
[1.562s] -- Configured cppcheck include dirs: /home/beto/ROS_PROJECTS/scout/src/scout_ros2/scout_base/include
[1.562s] -- Configured cppcheck exclude dirs and/or files: 
[1.563s] -- Added test 'cpplint' to check C / C++ code against the Google style
[1.563s] -- Configured cpplint exclude dirs and/or files: 
[1.563s] -- Added test 'flake8' to check Python code syntax and style conventions
[1.564s] -- Added test 'lint_cmake' to check CMake code style
[1.564s] -- Added test 'pep257' to check Python code against some of the docstring style conventions in PEP 257
[1.565s] -- Added test 'uncrustify' to check C / C++ code style
[1.565s] -- Configured uncrustify additional arguments: 
[1.565s] -- Added test 'xmllint' to check XML markup files
[1.566s] -- Configuring done
[1.575s] -- Generating done
[1.578s] -- Build files have been written to: /home/beto/ROS_PROJECTS/scout/build/scout_base
[1.586s] Invoked command in '/home/beto/ROS_PROJECTS/scout/build/scout_base' returned '0': CMAKE_PREFIX_PATH=/home/beto/ROS_PROJECTS/scout/install/scout_slam:/home/beto/ROS_PROJECTS/scout/install/gaurd_bot:/opt/ros/humble:/home/beto/ROS_PROJECTS/scout/install/ugv_sdk:/home/beto/ROS_PROJECTS/scout/install/scout_msgs:/home/beto/ROS_PROJECTS/scout/install/scout_base:/home/beto/ROS_PROJECTS/scout/install/scout_description /usr/bin/cmake /home/beto/ROS_PROJECTS/scout/src/scout_ros2/scout_base -DCMAKE_INSTALL_PREFIX=/home/beto/ROS_PROJECTS/scout/install/scout_base
[1.587s] Invoking command in '/home/beto/ROS_PROJECTS/scout/build/scout_base': CMAKE_PREFIX_PATH=/home/beto/ROS_PROJECTS/scout/install/scout_slam:/home/beto/ROS_PROJECTS/scout/install/gaurd_bot:/opt/ros/humble:/home/beto/ROS_PROJECTS/scout/install/ugv_sdk:/home/beto/ROS_PROJECTS/scout/install/scout_msgs:/home/beto/ROS_PROJECTS/scout/install/scout_base:/home/beto/ROS_PROJECTS/scout/install/scout_description /usr/bin/cmake --build /home/beto/ROS_PROJECTS/scout/build/scout_base -- -j20 -l20
[1.634s] [ 33%] [32mBuilding CXX object CMakeFiles/scout_base_node.dir/src/scout_base_node.cpp.o[0m
[1.634s] [ 66%] [32mBuilding CXX object CMakeFiles/scout_base_node.dir/src/scout_base_ros.cpp.o[0m
[10.833s] [100%] [32m[1mLinking CXX executable scout_base_node[0m
[11.342s] [100%] Built target scout_base_node
[11.354s] Invoked command in '/home/beto/ROS_PROJECTS/scout/build/scout_base' returned '0': CMAKE_PREFIX_PATH=/home/beto/ROS_PROJECTS/scout/install/scout_slam:/home/beto/ROS_PROJECTS/scout/install/gaurd_bot:/opt/ros/humble:/home/beto/ROS_PROJECTS/scout/install/ugv_sdk:/home/beto/ROS_PROJECTS/scout/install/scout_msgs:/home/beto/ROS_PROJECTS/scout/install/scout_base:/home/beto/ROS_PROJECTS/scout/install/scout_description /usr/bin/cmake --build /home/beto/ROS_PROJECTS/scout/build/scout_base -- -j20 -l20
[11.356s] Invoking command in '/home/beto/ROS_PROJECTS/scout/build/scout_base': CMAKE_PREFIX_PATH=/home/beto/ROS_PROJECTS/scout/install/scout_slam:/home/beto/ROS_PROJECTS/scout/install/gaurd_bot:/opt/ros/humble:/home/beto/ROS_PROJECTS/scout/install/ugv_sdk:/home/beto/ROS_PROJECTS/scout/install/scout_msgs:/home/beto/ROS_PROJECTS/scout/install/scout_base:/home/beto/ROS_PROJECTS/scout/install/scout_description /usr/bin/cmake --install /home/beto/ROS_PROJECTS/scout/build/scout_base
[11.361s] -- Install configuration: ""
[11.362s] -- Installing: /home/beto/ROS_PROJECTS/scout/install/scout_base/lib/scout_base/scout_base_node
[11.365s] -- Set runtime path of "/home/beto/ROS_PROJECTS/scout/install/scout_base/lib/scout_base/scout_base_node" to ""
[11.365s] -- Installing: /home/beto/ROS_PROJECTS/scout/install/scout_base/share/scout_base//launch
[11.365s] -- Installing: /home/beto/ROS_PROJECTS/scout/install/scout_base/share/scout_base//launch/scout_mini_omni_base.launch.py
[11.365s] -- Installing: /home/beto/ROS_PROJECTS/scout/install/scout_base/share/scout_base//launch/scout_mini_base.launch.py
[11.365s] -- Installing: /home/beto/ROS_PROJECTS/scout/install/scout_base/share/scout_base//launch/scout_base.launch.py
[11.365s] -- Installing: /home/beto/ROS_PROJECTS/scout/install/scout_base/share/ament_index/resource_index/package_run_dependencies/scout_base
[11.365s] -- Installing: /home/beto/ROS_PROJECTS/scout/install/scout_base/share/ament_index/resource_index/parent_prefix_path/scout_base
[11.366s] -- Installing: /home/beto/ROS_PROJECTS/scout/install/scout_base/share/scout_base/environment/ament_prefix_path.sh
[11.366s] -- Installing: /home/beto/ROS_PROJECTS/scout/install/scout_base/share/scout_base/environment/ament_prefix_path.dsv
[11.366s] -- Installing: /home/beto/ROS_PROJECTS/scout/install/scout_base/share/scout_base/environment/path.sh
[11.366s] -- Installing: /home/beto/ROS_PROJECTS/scout/install/scout_base/share/scout_base/environment/path.dsv
[11.366s] -- Installing: /home/beto/ROS_PROJECTS/scout/install/scout_base/share/scout_base/local_setup.bash
[11.366s] -- Installing: /home/beto/ROS_PROJECTS/scout/install/scout_base/share/scout_base/local_setup.sh
[11.366s] -- Installing: /home/beto/ROS_PROJECTS/scout/install/scout_base/share/scout_base/local_setup.zsh
[11.366s] -- Installing: /home/beto/ROS_PROJECTS/scout/install/scout_base/share/scout_base/local_setup.dsv
[11.366s] -- Installing: /home/beto/ROS_PROJECTS/scout/install/scout_base/share/scout_base/package.dsv
[11.366s] -- Installing: /home/beto/ROS_PROJECTS/scout/install/scout_base/share/ament_index/resource_index/packages/scout_base
[11.366s] -- Installing: /home/beto/ROS_PROJECTS/scout/install/scout_base/share/scout_base/cmake/scout_baseConfig.cmake
[11.366s] -- Installing: /home/beto/ROS_PROJECTS/scout/install/scout_base/share/scout_base/cmake/scout_baseConfig-version.cmake
[11.366s] -- Installing: /home/beto/ROS_PROJECTS/scout/install/scout_base/share/scout_base/package.xml
[11.367s] Invoked command in '/home/beto/ROS_PROJECTS/scout/build/scout_base' returned '0': CMAKE_PREFIX_PATH=/home/beto/ROS_PROJECTS/scout/install/scout_slam:/home/beto/ROS_PROJECTS/scout/install/gaurd_bot:/opt/ros/humble:/home/beto/ROS_PROJECTS/scout/install/ugv_sdk:/home/beto/ROS_PROJECTS/scout/install/scout_msgs:/home/beto/ROS_PROJECTS/scout/install/scout_base:/home/beto/ROS_PROJECTS/scout/install/scout_description /usr/bin/cmake --install /home/beto/ROS_PROJECTS/scout/build/scout_base
