[0.247s] Invoking command in '/home/beto/ROS_PROJECTS/scout/build/scout_description': CMAKE_PREFIX_PATH=${CMAKE_PREFIX_PATH}:/home/beto/ROS_PROJECTS/scout/install/scout_slam:/home/beto/ROS_PROJECTS/scout/install/gaurd_bot:/opt/ros/humble /usr/bin/cmake /home/beto/ROS_PROJECTS/scout/src/scout_ros2/scout_description -DCMAKE_INSTALL_PREFIX=/home/beto/ROS_PROJECTS/scout/install/scout_description
[0.294s] -- The C compiler identification is GNU 11.4.0
[0.361s] -- The CXX compiler identification is GNU 11.4.0
[0.367s] -- Detecting C compiler ABI info
[0.438s] -- Detecting C compiler ABI info - done
[0.444s] -- Check for working C compiler: /usr/bin/cc - skipped
[0.444s] -- Detecting C compile features
[0.445s] -- Detecting C compile features - done
[0.447s] -- Detecting CXX compiler ABI info
[0.534s] -- Detecting CXX compiler ABI info - done
[0.541s] -- Check for working CXX compiler: /usr/bin/c++ - skipped
[0.541s] -- Detecting CXX compile features
[0.542s] -- Detecting CXX compile features - done
[0.544s] -- Found ament_cmake: 1.3.11 (/opt/ros/humble/share/ament_cmake/cmake)
[1.366s] -- Found Python3: /home/beto/.pyenv/shims/python3 (found version "3.10.12") found components: Interpreter 
[1.761s] -- Configuring done
[1.763s] -- Generating done
[1.767s] -- Build files have been written to: /home/beto/ROS_PROJECTS/scout/build/scout_description
[1.778s] Invoked command in '/home/beto/ROS_PROJECTS/scout/build/scout_description' returned '0': CMAKE_PREFIX_PATH=${CMAKE_PREFIX_PATH}:/home/beto/ROS_PROJECTS/scout/install/scout_slam:/home/beto/ROS_PROJECTS/scout/install/gaurd_bot:/opt/ros/humble /usr/bin/cmake /home/beto/ROS_PROJECTS/scout/src/scout_ros2/scout_description -DCMAKE_INSTALL_PREFIX=/home/beto/ROS_PROJECTS/scout/install/scout_description
[1.778s] Invoking command in '/home/beto/ROS_PROJECTS/scout/build/scout_description': CMAKE_PREFIX_PATH=${CMAKE_PREFIX_PATH}:/home/beto/ROS_PROJECTS/scout/install/scout_slam:/home/beto/ROS_PROJECTS/scout/install/gaurd_bot:/opt/ros/humble /usr/bin/cmake --build /home/beto/ROS_PROJECTS/scout/build/scout_description -- -j20 -l20
[1.839s] Invoked command in '/home/beto/ROS_PROJECTS/scout/build/scout_description' returned '0': CMAKE_PREFIX_PATH=${CMAKE_PREFIX_PATH}:/home/beto/ROS_PROJECTS/scout/install/scout_slam:/home/beto/ROS_PROJECTS/scout/install/gaurd_bot:/opt/ros/humble /usr/bin/cmake --build /home/beto/ROS_PROJECTS/scout/build/scout_description -- -j20 -l20
[1.849s] Invoking command in '/home/beto/ROS_PROJECTS/scout/build/scout_description': CMAKE_PREFIX_PATH=${CMAKE_PREFIX_PATH}:/home/beto/ROS_PROJECTS/scout/install/scout_slam:/home/beto/ROS_PROJECTS/scout/install/gaurd_bot:/opt/ros/humble /usr/bin/cmake --install /home/beto/ROS_PROJECTS/scout/build/scout_description
[1.859s] -- Install configuration: ""
[1.859s] -- Installing: /home/beto/ROS_PROJECTS/scout/install/scout_description/share/scout_description//launch
[1.859s] -- Installing: /home/beto/ROS_PROJECTS/scout/install/scout_description/share/scout_description//launch/scout_base_description.launch.py
[1.860s] -- Installing: /home/beto/ROS_PROJECTS/scout/install/scout_description/share/scout_description//urdf
[1.860s] -- Installing: /home/beto/ROS_PROJECTS/scout/install/scout_description/share/scout_description//urdf/scout_mini
[1.860s] -- Installing: /home/beto/ROS_PROJECTS/scout/install/scout_description/share/scout_description//urdf/scout_mini/scout_mini_wheel.xacro
[1.860s] -- Installing: /home/beto/ROS_PROJECTS/scout/install/scout_description/share/scout_description//urdf/scout_mini/scout_mini.xacro
[1.860s] -- Installing: /home/beto/ROS_PROJECTS/scout/install/scout_description/share/scout_description//urdf/scout_mini/scout_mini.urdf
[1.860s] -- Installing: /home/beto/ROS_PROJECTS/scout/install/scout_description/share/scout_description//urdf/generate_urdf.sh
[1.860s] -- Installing: /home/beto/ROS_PROJECTS/scout/install/scout_description/share/scout_description//urdf/scout_v2
[1.860s] -- Installing: /home/beto/ROS_PROJECTS/scout/install/scout_description/share/scout_description//urdf/scout_v2/scout_v2.xacro
[1.860s] -- Installing: /home/beto/ROS_PROJECTS/scout/install/scout_description/share/scout_description//urdf/scout_v2/scout_v2.urdf
[1.860s] -- Installing: /home/beto/ROS_PROJECTS/scout/install/scout_description/share/scout_description//urdf/scout_v2/scout_wheel_type2.xacro
[1.860s] -- Installing: /home/beto/ROS_PROJECTS/scout/install/scout_description/share/scout_description//urdf/scout_v2/scout_wheel_type1.xacro
[1.860s] -- Installing: /home/beto/ROS_PROJECTS/scout/install/scout_description/share/scout_description//meshes
[1.861s] -- Installing: /home/beto/ROS_PROJECTS/scout/install/scout_description/share/scout_description//meshes/scout_mini
[1.861s] -- Installing: /home/beto/ROS_PROJECTS/scout/install/scout_description/share/scout_description//meshes/scout_mini/mini_base_link.dae
[1.904s] -- Installing: /home/beto/ROS_PROJECTS/scout/install/scout_description/share/scout_description//meshes/scout_mini/mini_wheel.dae
[1.925s] -- Installing: /home/beto/ROS_PROJECTS/scout/install/scout_description/share/scout_description//meshes/BaseWithExtrusionBarFrame.stl
[1.944s] -- Installing: /home/beto/ROS_PROJECTS/scout/install/scout_description/share/scout_description//meshes/mini_base_link.dae
[1.949s] -- Installing: /home/beto/ROS_PROJECTS/scout/install/scout_description/share/scout_description//meshes/mini_wheel.dae
[1.962s] -- Installing: /home/beto/ROS_PROJECTS/scout/install/scout_description/share/scout_description//meshes/scout_v2
[1.962s] -- Installing: /home/beto/ROS_PROJECTS/scout/install/scout_description/share/scout_description//meshes/scout_v2/wheel_type1.dae
[1.962s] -- Installing: /home/beto/ROS_PROJECTS/scout/install/scout_description/share/scout_description//meshes/scout_v2/base_link.dae
[1.977s] -- Installing: /home/beto/ROS_PROJECTS/scout/install/scout_description/share/scout_description//meshes/scout_v2/wheel_type2.dae
[1.978s] -- Installing: /home/beto/ROS_PROJECTS/scout/install/scout_description/share/scout_description//meshes/scout_v2/base_link_full.dae
[1.978s] -- Installing: /home/beto/ROS_PROJECTS/scout/install/scout_description/share/scout_description//meshes/scout_v2/hokuyo.dae
[1.979s] -- Installing: /home/beto/ROS_PROJECTS/scout/install/scout_description/share/scout_description//meshes/os1.stl
[1.981s] -- Installing: /home/beto/ROS_PROJECTS/scout/install/scout_description/share/ament_index/resource_index/package_run_dependencies/scout_description
[1.981s] -- Installing: /home/beto/ROS_PROJECTS/scout/install/scout_description/share/ament_index/resource_index/parent_prefix_path/scout_description
[1.981s] -- Installing: /home/beto/ROS_PROJECTS/scout/install/scout_description/share/scout_description/environment/ament_prefix_path.sh
[1.982s] -- Installing: /home/beto/ROS_PROJECTS/scout/install/scout_description/share/scout_description/environment/ament_prefix_path.dsv
[1.982s] -- Installing: /home/beto/ROS_PROJECTS/scout/install/scout_description/share/scout_description/environment/path.sh
[1.982s] -- Installing: /home/beto/ROS_PROJECTS/scout/install/scout_description/share/scout_description/environment/path.dsv
[1.982s] -- Installing: /home/beto/ROS_PROJECTS/scout/install/scout_description/share/scout_description/local_setup.bash
[1.982s] -- Installing: /home/beto/ROS_PROJECTS/scout/install/scout_description/share/scout_description/local_setup.sh
[1.982s] -- Installing: /home/beto/ROS_PROJECTS/scout/install/scout_description/share/scout_description/local_setup.zsh
[1.983s] -- Installing: /home/beto/ROS_PROJECTS/scout/install/scout_description/share/scout_description/local_setup.dsv
[1.983s] -- Installing: /home/beto/ROS_PROJECTS/scout/install/scout_description/share/scout_description/package.dsv
[1.983s] -- Installing: /home/beto/ROS_PROJECTS/scout/install/scout_description/share/ament_index/resource_index/packages/scout_description
[1.983s] -- Installing: /home/beto/ROS_PROJECTS/scout/install/scout_description/share/scout_description/cmake/scout_descriptionConfig.cmake
[1.983s] -- Installing: /home/beto/ROS_PROJECTS/scout/install/scout_description/share/scout_description/cmake/scout_descriptionConfig-version.cmake
[1.983s] -- Installing: /home/beto/ROS_PROJECTS/scout/install/scout_description/share/scout_description/package.xml
[1.988s] Invoked command in '/home/beto/ROS_PROJECTS/scout/build/scout_description' returned '0': CMAKE_PREFIX_PATH=${CMAKE_PREFIX_PATH}:/home/beto/ROS_PROJECTS/scout/install/scout_slam:/home/beto/ROS_PROJECTS/scout/install/gaurd_bot:/opt/ros/humble /usr/bin/cmake --install /home/beto/ROS_PROJECTS/scout/build/scout_description
