[0.169s] Invoking command in '/home/beto/ROS_PROJECTS/scout/build/scout_description': CMAKE_PREFIX_PATH=/home/beto/ROS_PROJECTS/scout/install/scout_base:/home/beto/ROS_PROJECTS/scout/install/scout_slam:/home/beto/ROS_PROJECTS/scout/install/gaurd_bot:/opt/ros/humble:/home/beto/ROS_PROJECTS/scout/install/ugv_sdk:/home/beto/ROS_PROJECTS/scout/install/scout_msgs:/home/beto/ROS_PROJECTS/scout/install/scout_description /usr/bin/cmake --build /home/beto/ROS_PROJECTS/scout/build/scout_description -- -j20 -l20
[0.335s] Invoked command in '/home/beto/ROS_PROJECTS/scout/build/scout_description' returned '0': CMAKE_PREFIX_PATH=/home/beto/ROS_PROJECTS/scout/install/scout_base:/home/beto/ROS_PROJECTS/scout/install/scout_slam:/home/beto/ROS_PROJECTS/scout/install/gaurd_bot:/opt/ros/humble:/home/beto/ROS_PROJECTS/scout/install/ugv_sdk:/home/beto/ROS_PROJECTS/scout/install/scout_msgs:/home/beto/ROS_PROJECTS/scout/install/scout_description /usr/bin/cmake --build /home/beto/ROS_PROJECTS/scout/build/scout_description -- -j20 -l20
[0.336s] Invoking command in '/home/beto/ROS_PROJECTS/scout/build/scout_description': CMAKE_PREFIX_PATH=/home/beto/ROS_PROJECTS/scout/install/scout_base:/home/beto/ROS_PROJECTS/scout/install/scout_slam:/home/beto/ROS_PROJECTS/scout/install/gaurd_bot:/opt/ros/humble:/home/beto/ROS_PROJECTS/scout/install/ugv_sdk:/home/beto/ROS_PROJECTS/scout/install/scout_msgs:/home/beto/ROS_PROJECTS/scout/install/scout_description /usr/bin/cmake --install /home/beto/ROS_PROJECTS/scout/build/scout_description
[0.345s] -- Install configuration: ""
[0.345s] -- Up-to-date: /home/beto/ROS_PROJECTS/scout/install/scout_description/share/scout_description//launch
[0.345s] -- Up-to-date: /home/beto/ROS_PROJECTS/scout/install/scout_description/share/scout_description//launch/scout_base_description.launch.py
[0.345s] -- Up-to-date: /home/beto/ROS_PROJECTS/scout/install/scout_description/share/scout_description//urdf
[0.345s] -- Up-to-date: /home/beto/ROS_PROJECTS/scout/install/scout_description/share/scout_description//urdf/scout_mini
[0.345s] -- Up-to-date: /home/beto/ROS_PROJECTS/scout/install/scout_description/share/scout_description//urdf/scout_mini/scout_mini_wheel.xacro
[0.345s] -- Up-to-date: /home/beto/ROS_PROJECTS/scout/install/scout_description/share/scout_description//urdf/scout_mini/scout_mini.xacro
[0.345s] -- Up-to-date: /home/beto/ROS_PROJECTS/scout/install/scout_description/share/scout_description//urdf/scout_mini/scout_mini.urdf
[0.345s] -- Up-to-date: /home/beto/ROS_PROJECTS/scout/install/scout_description/share/scout_description//urdf/generate_urdf.sh
[0.345s] -- Up-to-date: /home/beto/ROS_PROJECTS/scout/install/scout_description/share/scout_description//urdf/scout_v2
[0.345s] -- Up-to-date: /home/beto/ROS_PROJECTS/scout/install/scout_description/share/scout_description//urdf/scout_v2/scout_v2.xacro
[0.345s] -- Up-to-date: /home/beto/ROS_PROJECTS/scout/install/scout_description/share/scout_description//urdf/scout_v2/scout_v2.urdf
[0.345s] -- Up-to-date: /home/beto/ROS_PROJECTS/scout/install/scout_description/share/scout_description//urdf/scout_v2/scout_wheel_type2.xacro
[0.345s] -- Up-to-date: /home/beto/ROS_PROJECTS/scout/install/scout_description/share/scout_description//urdf/scout_v2/scout_wheel_type1.xacro
[0.346s] -- Up-to-date: /home/beto/ROS_PROJECTS/scout/install/scout_description/share/scout_description//meshes
[0.346s] -- Up-to-date: /home/beto/ROS_PROJECTS/scout/install/scout_description/share/scout_description//meshes/scout_mini
[0.346s] -- Up-to-date: /home/beto/ROS_PROJECTS/scout/install/scout_description/share/scout_description//meshes/scout_mini/mini_base_link.dae
[0.346s] -- Up-to-date: /home/beto/ROS_PROJECTS/scout/install/scout_description/share/scout_description//meshes/scout_mini/mini_wheel.dae
[0.346s] -- Up-to-date: /home/beto/ROS_PROJECTS/scout/install/scout_description/share/scout_description//meshes/BaseWithExtrusionBarFrame.stl
[0.346s] -- Up-to-date: /home/beto/ROS_PROJECTS/scout/install/scout_description/share/scout_description//meshes/mini_base_link.dae
[0.346s] -- Up-to-date: /home/beto/ROS_PROJECTS/scout/install/scout_description/share/scout_description//meshes/mini_wheel.dae
[0.346s] -- Up-to-date: /home/beto/ROS_PROJECTS/scout/install/scout_description/share/scout_description//meshes/scout_v2
[0.346s] -- Up-to-date: /home/beto/ROS_PROJECTS/scout/install/scout_description/share/scout_description//meshes/scout_v2/wheel_type1.dae
[0.346s] -- Up-to-date: /home/beto/ROS_PROJECTS/scout/install/scout_description/share/scout_description//meshes/scout_v2/base_link.dae
[0.346s] -- Up-to-date: /home/beto/ROS_PROJECTS/scout/install/scout_description/share/scout_description//meshes/scout_v2/wheel_type2.dae
[0.346s] -- Up-to-date: /home/beto/ROS_PROJECTS/scout/install/scout_description/share/scout_description//meshes/scout_v2/base_link_full.dae
[0.346s] -- Up-to-date: /home/beto/ROS_PROJECTS/scout/install/scout_description/share/scout_description//meshes/scout_v2/hokuyo.dae
[0.346s] -- Up-to-date: /home/beto/ROS_PROJECTS/scout/install/scout_description/share/scout_description//meshes/os1.stl
[0.346s] -- Up-to-date: /home/beto/ROS_PROJECTS/scout/install/scout_description/share/ament_index/resource_index/package_run_dependencies/scout_description
[0.346s] -- Up-to-date: /home/beto/ROS_PROJECTS/scout/install/scout_description/share/ament_index/resource_index/parent_prefix_path/scout_description
[0.346s] -- Up-to-date: /home/beto/ROS_PROJECTS/scout/install/scout_description/share/scout_description/environment/ament_prefix_path.sh
[0.346s] -- Up-to-date: /home/beto/ROS_PROJECTS/scout/install/scout_description/share/scout_description/environment/ament_prefix_path.dsv
[0.346s] -- Up-to-date: /home/beto/ROS_PROJECTS/scout/install/scout_description/share/scout_description/environment/path.sh
[0.346s] -- Up-to-date: /home/beto/ROS_PROJECTS/scout/install/scout_description/share/scout_description/environment/path.dsv
[0.346s] -- Up-to-date: /home/beto/ROS_PROJECTS/scout/install/scout_description/share/scout_description/local_setup.bash
[0.346s] -- Up-to-date: /home/beto/ROS_PROJECTS/scout/install/scout_description/share/scout_description/local_setup.sh
[0.346s] -- Up-to-date: /home/beto/ROS_PROJECTS/scout/install/scout_description/share/scout_description/local_setup.zsh
[0.346s] -- Up-to-date: /home/beto/ROS_PROJECTS/scout/install/scout_description/share/scout_description/local_setup.dsv
[0.346s] -- Installing: /home/beto/ROS_PROJECTS/scout/install/scout_description/share/scout_description/package.dsv
[0.347s] -- Up-to-date: /home/beto/ROS_PROJECTS/scout/install/scout_description/share/ament_index/resource_index/packages/scout_description
[0.347s] -- Up-to-date: /home/beto/ROS_PROJECTS/scout/install/scout_description/share/scout_description/cmake/scout_descriptionConfig.cmake
[0.347s] -- Up-to-date: /home/beto/ROS_PROJECTS/scout/install/scout_description/share/scout_description/cmake/scout_descriptionConfig-version.cmake
[0.347s] -- Up-to-date: /home/beto/ROS_PROJECTS/scout/install/scout_description/share/scout_description/package.xml
[0.360s] Invoked command in '/home/beto/ROS_PROJECTS/scout/build/scout_description' returned '0': CMAKE_PREFIX_PATH=/home/beto/ROS_PROJECTS/scout/install/scout_base:/home/beto/ROS_PROJECTS/scout/install/scout_slam:/home/beto/ROS_PROJECTS/scout/install/gaurd_bot:/opt/ros/humble:/home/beto/ROS_PROJECTS/scout/install/ugv_sdk:/home/beto/ROS_PROJECTS/scout/install/scout_msgs:/home/beto/ROS_PROJECTS/scout/install/scout_description /usr/bin/cmake --install /home/beto/ROS_PROJECTS/scout/build/scout_description
