running egg_info
writing ../../build/scout_slam/scout_slam.egg-info/PKG-INFO
writing dependency_links to ../../build/scout_slam/scout_slam.egg-info/dependency_links.txt
writing entry points to ../../build/scout_slam/scout_slam.egg-info/entry_points.txt
writing requirements to ../../build/scout_slam/scout_slam.egg-info/requires.txt
writing top-level names to ../../build/scout_slam/scout_slam.egg-info/top_level.txt
reading manifest file '../../build/scout_slam/scout_slam.egg-info/SOURCES.txt'
writing manifest file '../../build/scout_slam/scout_slam.egg-info/SOURCES.txt'
running build
running build_py
running install
running install_lib
running install_data
copying launch/slam.launch.py -> /home/beto/ROS_PROJECTS/scout/install/scout_slam/share/scout_slam/launch
copying config/ekf.yaml -> /home/beto/ROS_PROJECTS/scout/install/scout_slam/share/scout_slam/config
running install_egg_info
removing '/home/beto/ROS_PROJECTS/scout/install/scout_slam/lib/python3.10/site-packages/scout_slam-0.0.0-py3.10.egg-info' (and everything under it)
Copying ../../build/scout_slam/scout_slam.egg-info to /home/beto/ROS_PROJECTS/scout/install/scout_slam/lib/python3.10/site-packages/scout_slam-0.0.0-py3.10.egg-info
running install_scripts
writing list of installed files to '/home/beto/ROS_PROJECTS/scout/build/scout_slam/install.log'
