[0.764s] Invoking command in '/home/beto/ROS_PROJECTS/scout/src/scout_slam': PYTHONPATH=/home/beto/ROS_PROJECTS/scout/build/scout_slam/prefix_override:/usr/lib/python3/dist-packages/colcon_core/task/python/colcon_distutils_commands:/home/beto/ROS_PROJECTS/scout/install/scout_slam/lib/python3.10/site-packages:${PYTHONPATH} /usr/bin/python3 -W ignore:setup.py install is deprecated -W ignore:easy_install command is deprecated setup.py egg_info --egg-base ../../build/scout_slam build --build-base /home/beto/ROS_PROJECTS/scout/build/scout_slam/build install --record /home/beto/ROS_PROJECTS/scout/build/scout_slam/install.log --single-version-externally-managed install_data
[0.978s] running egg_info
[0.979s] writing ../../build/scout_slam/scout_slam.egg-info/PKG-INFO
[0.979s] writing dependency_links to ../../build/scout_slam/scout_slam.egg-info/dependency_links.txt
[0.979s] writing entry points to ../../build/scout_slam/scout_slam.egg-info/entry_points.txt
[0.979s] writing requirements to ../../build/scout_slam/scout_slam.egg-info/requires.txt
[0.979s] writing top-level names to ../../build/scout_slam/scout_slam.egg-info/top_level.txt
[0.980s] reading manifest file '../../build/scout_slam/scout_slam.egg-info/SOURCES.txt'
[0.981s] writing manifest file '../../build/scout_slam/scout_slam.egg-info/SOURCES.txt'
[0.981s] running build
[0.981s] running build_py
[0.981s] running install
[0.981s] running install_lib
[0.982s] running install_data
[0.983s] copying config/ekf.yaml -> /home/beto/ROS_PROJECTS/scout/install/scout_slam/share/scout_slam/config
[0.983s] running install_egg_info
[0.984s] removing '/home/beto/ROS_PROJECTS/scout/install/scout_slam/lib/python3.10/site-packages/scout_slam-0.0.0-py3.10.egg-info' (and everything under it)
[0.984s] Copying ../../build/scout_slam/scout_slam.egg-info to /home/beto/ROS_PROJECTS/scout/install/scout_slam/lib/python3.10/site-packages/scout_slam-0.0.0-py3.10.egg-info
[0.985s] running install_scripts
[1.005s] writing list of installed files to '/home/beto/ROS_PROJECTS/scout/build/scout_slam/install.log'
[1.031s] Invoked command in '/home/beto/ROS_PROJECTS/scout/src/scout_slam' returned '0': PYTHONPATH=/home/beto/ROS_PROJECTS/scout/build/scout_slam/prefix_override:/usr/lib/python3/dist-packages/colcon_core/task/python/colcon_distutils_commands:/home/beto/ROS_PROJECTS/scout/install/scout_slam/lib/python3.10/site-packages:${PYTHONPATH} /usr/bin/python3 -W ignore:setup.py install is deprecated -W ignore:easy_install command is deprecated setup.py egg_info --egg-base ../../build/scout_slam build --build-base /home/beto/ROS_PROJECTS/scout/build/scout_slam/build install --record /home/beto/ROS_PROJECTS/scout/build/scout_slam/install.log --single-version-externally-managed install_data
