[0.012s] Invoking command in '/home/beto/ROS_PROJECTS/scout/build/scout_base': CMAKE_PREFIX_PATH=/home/beto/ROS_PROJECTS/scout/install/scout_slam:/home/beto/ROS_PROJECTS/scout/install/gaurd_bot:/opt/ros/humble:/home/beto/ROS_PROJECTS/scout/install/ugv_sdk:/home/beto/ROS_PROJECTS/scout/install/scout_msgs:/home/beto/ROS_PROJECTS/scout/install/scout_base:/home/beto/ROS_PROJECTS/scout/install/scout_description /usr/bin/cmake --build /home/beto/ROS_PROJECTS/scout/build/scout_base -- -j20 -l20
[0.083s] [100%] Built target scout_base_node
[0.094s] Invoked command in '/home/beto/ROS_PROJECTS/scout/build/scout_base' returned '0': CMAKE_PREFIX_PATH=/home/beto/ROS_PROJECTS/scout/install/scout_slam:/home/beto/ROS_PROJECTS/scout/install/gaurd_bot:/opt/ros/humble:/home/beto/ROS_PROJECTS/scout/install/ugv_sdk:/home/beto/ROS_PROJECTS/scout/install/scout_msgs:/home/beto/ROS_PROJECTS/scout/install/scout_base:/home/beto/ROS_PROJECTS/scout/install/scout_description /usr/bin/cmake --build /home/beto/ROS_PROJECTS/scout/build/scout_base -- -j20 -l20
[0.095s] Invoking command in '/home/beto/ROS_PROJECTS/scout/build/scout_base': CMAKE_PREFIX_PATH=/home/beto/ROS_PROJECTS/scout/install/scout_slam:/home/beto/ROS_PROJECTS/scout/install/gaurd_bot:/opt/ros/humble:/home/beto/ROS_PROJECTS/scout/install/ugv_sdk:/home/beto/ROS_PROJECTS/scout/install/scout_msgs:/home/beto/ROS_PROJECTS/scout/install/scout_base:/home/beto/ROS_PROJECTS/scout/install/scout_description /usr/bin/cmake --install /home/beto/ROS_PROJECTS/scout/build/scout_base
[0.101s] -- Install configuration: ""
[0.102s] -- Up-to-date: /home/beto/ROS_PROJECTS/scout/install/scout_base/lib/scout_base/scout_base_node
[0.102s] -- Up-to-date: /home/beto/ROS_PROJECTS/scout/install/scout_base/share/scout_base//launch
[0.102s] -- Up-to-date: /home/beto/ROS_PROJECTS/scout/install/scout_base/share/scout_base//launch/scout_mini_omni_base.launch.py
[0.102s] -- Up-to-date: /home/beto/ROS_PROJECTS/scout/install/scout_base/share/scout_base//launch/scout_mini_base.launch.py
[0.102s] -- Up-to-date: /home/beto/ROS_PROJECTS/scout/install/scout_base/share/scout_base//launch/scout_base.launch.py
[0.102s] -- Up-to-date: /home/beto/ROS_PROJECTS/scout/install/scout_base/share/ament_index/resource_index/package_run_dependencies/scout_base
[0.102s] -- Up-to-date: /home/beto/ROS_PROJECTS/scout/install/scout_base/share/ament_index/resource_index/parent_prefix_path/scout_base
[0.102s] -- Up-to-date: /home/beto/ROS_PROJECTS/scout/install/scout_base/share/scout_base/environment/ament_prefix_path.sh
[0.102s] -- Up-to-date: /home/beto/ROS_PROJECTS/scout/install/scout_base/share/scout_base/environment/ament_prefix_path.dsv
[0.103s] -- Up-to-date: /home/beto/ROS_PROJECTS/scout/install/scout_base/share/scout_base/environment/path.sh
[0.103s] -- Up-to-date: /home/beto/ROS_PROJECTS/scout/install/scout_base/share/scout_base/environment/path.dsv
[0.103s] -- Up-to-date: /home/beto/ROS_PROJECTS/scout/install/scout_base/share/scout_base/local_setup.bash
[0.103s] -- Up-to-date: /home/beto/ROS_PROJECTS/scout/install/scout_base/share/scout_base/local_setup.sh
[0.103s] -- Up-to-date: /home/beto/ROS_PROJECTS/scout/install/scout_base/share/scout_base/local_setup.zsh
[0.103s] -- Up-to-date: /home/beto/ROS_PROJECTS/scout/install/scout_base/share/scout_base/local_setup.dsv
[0.103s] -- Installing: /home/beto/ROS_PROJECTS/scout/install/scout_base/share/scout_base/package.dsv
[0.103s] -- Up-to-date: /home/beto/ROS_PROJECTS/scout/install/scout_base/share/ament_index/resource_index/packages/scout_base
[0.103s] -- Up-to-date: /home/beto/ROS_PROJECTS/scout/install/scout_base/share/scout_base/cmake/scout_baseConfig.cmake
[0.104s] -- Up-to-date: /home/beto/ROS_PROJECTS/scout/install/scout_base/share/scout_base/cmake/scout_baseConfig-version.cmake
[0.105s] -- Up-to-date: /home/beto/ROS_PROJECTS/scout/install/scout_base/share/scout_base/package.xml
[0.105s] Invoked command in '/home/beto/ROS_PROJECTS/scout/build/scout_base' returned '0': CMAKE_PREFIX_PATH=/home/beto/ROS_PROJECTS/scout/install/scout_slam:/home/beto/ROS_PROJECTS/scout/install/gaurd_bot:/opt/ros/humble:/home/beto/ROS_PROJECTS/scout/install/ugv_sdk:/home/beto/ROS_PROJECTS/scout/install/scout_msgs:/home/beto/ROS_PROJECTS/scout/install/scout_base:/home/beto/ROS_PROJECTS/scout/install/scout_description /usr/bin/cmake --install /home/beto/ROS_PROJECTS/scout/build/scout_base
